Archive member included to satisfy reference by file (symbol)

/usr/lib/gcc/arm-none-eabi/9.2.1/../../../arm-none-eabi/lib/thumb/v6-m/nofp/libc_nano.a(lib_a-atexit.o)
                              /usr/lib/gcc/arm-none-eabi/9.2.1/../../../arm-none-eabi/lib/thumb/v6-m/nofp/crt0.o (atexit)
/usr/lib/gcc/arm-none-eabi/9.2.1/../../../arm-none-eabi/lib/thumb/v6-m/nofp/libc_nano.a(lib_a-exit.o)
                              /usr/lib/gcc/arm-none-eabi/9.2.1/../../../arm-none-eabi/lib/thumb/v6-m/nofp/crt0.o (exit)
/usr/lib/gcc/arm-none-eabi/9.2.1/../../../arm-none-eabi/lib/thumb/v6-m/nofp/libc_nano.a(lib_a-fini.o)
                              /usr/lib/gcc/arm-none-eabi/9.2.1/../../../arm-none-eabi/lib/thumb/v6-m/nofp/crt0.o (__libc_fini_array)
/usr/lib/gcc/arm-none-eabi/9.2.1/../../../arm-none-eabi/lib/thumb/v6-m/nofp/libc_nano.a(lib_a-impure.o)
                              /usr/lib/gcc/arm-none-eabi/9.2.1/../../../arm-none-eabi/lib/thumb/v6-m/nofp/libc_nano.a(lib_a-exit.o) (_global_impure_ptr)
/usr/lib/gcc/arm-none-eabi/9.2.1/../../../arm-none-eabi/lib/thumb/v6-m/nofp/libc_nano.a(lib_a-init.o)
                              /usr/lib/gcc/arm-none-eabi/9.2.1/../../../arm-none-eabi/lib/thumb/v6-m/nofp/crt0.o (__libc_init_array)
/usr/lib/gcc/arm-none-eabi/9.2.1/../../../arm-none-eabi/lib/thumb/v6-m/nofp/libc_nano.a(lib_a-memset.o)
                              /usr/lib/gcc/arm-none-eabi/9.2.1/../../../arm-none-eabi/lib/thumb/v6-m/nofp/crt0.o (memset)
/usr/lib/gcc/arm-none-eabi/9.2.1/../../../arm-none-eabi/lib/thumb/v6-m/nofp/libc_nano.a(lib_a-sprintf.o)
                              _build/main.o (sprintf)
/usr/lib/gcc/arm-none-eabi/9.2.1/../../../arm-none-eabi/lib/thumb/v6-m/nofp/libc_nano.a(lib_a-strlen-stub.o)
                              _build/logger.o (strlen)
/usr/lib/gcc/arm-none-eabi/9.2.1/../../../arm-none-eabi/lib/thumb/v6-m/nofp/libc_nano.a(lib_a-__atexit.o)
                              /usr/lib/gcc/arm-none-eabi/9.2.1/../../../arm-none-eabi/lib/thumb/v6-m/nofp/libc_nano.a(lib_a-atexit.o) (__register_exitproc)
/usr/lib/gcc/arm-none-eabi/9.2.1/../../../arm-none-eabi/lib/thumb/v6-m/nofp/libc_nano.a(lib_a-__call_atexit.o)
                              /usr/lib/gcc/arm-none-eabi/9.2.1/../../../arm-none-eabi/lib/thumb/v6-m/nofp/libc_nano.a(lib_a-__atexit.o) (__call_exitprocs)
/usr/lib/gcc/arm-none-eabi/9.2.1/../../../arm-none-eabi/lib/thumb/v6-m/nofp/libc_nano.a(lib_a-nano-svfprintf.o)
                              /usr/lib/gcc/arm-none-eabi/9.2.1/../../../arm-none-eabi/lib/thumb/v6-m/nofp/libc_nano.a(lib_a-sprintf.o) (_svfprintf_r)
/usr/lib/gcc/arm-none-eabi/9.2.1/../../../arm-none-eabi/lib/thumb/v6-m/nofp/libc_nano.a(lib_a-nano-vfprintf_i.o)
                              /usr/lib/gcc/arm-none-eabi/9.2.1/../../../arm-none-eabi/lib/thumb/v6-m/nofp/libc_nano.a(lib_a-nano-svfprintf.o) (_printf_i)
/usr/lib/gcc/arm-none-eabi/9.2.1/../../../arm-none-eabi/lib/thumb/v6-m/nofp/libc_nano.a(lib_a-memchr-stub.o)
                              /usr/lib/gcc/arm-none-eabi/9.2.1/../../../arm-none-eabi/lib/thumb/v6-m/nofp/libc_nano.a(lib_a-nano-svfprintf.o) (memchr)
/usr/lib/gcc/arm-none-eabi/9.2.1/../../../arm-none-eabi/lib/thumb/v6-m/nofp/libc_nano.a(lib_a-memcpy-stub.o)
                              /usr/lib/gcc/arm-none-eabi/9.2.1/../../../arm-none-eabi/lib/thumb/v6-m/nofp/libc_nano.a(lib_a-nano-svfprintf.o) (memcpy)
/usr/lib/gcc/arm-none-eabi/9.2.1/../../../arm-none-eabi/lib/thumb/v6-m/nofp/libc_nano.a(lib_a-memmove.o)
                              /usr/lib/gcc/arm-none-eabi/9.2.1/../../../arm-none-eabi/lib/thumb/v6-m/nofp/libc_nano.a(lib_a-nano-svfprintf.o) (memmove)
/usr/lib/gcc/arm-none-eabi/9.2.1/../../../arm-none-eabi/lib/thumb/v6-m/nofp/libc_nano.a(lib_a-nano-freer.o)
                              /usr/lib/gcc/arm-none-eabi/9.2.1/../../../arm-none-eabi/lib/thumb/v6-m/nofp/libc_nano.a(lib_a-nano-svfprintf.o) (_free_r)
/usr/lib/gcc/arm-none-eabi/9.2.1/../../../arm-none-eabi/lib/thumb/v6-m/nofp/libc_nano.a(lib_a-nano-mallocr.o)
                              /usr/lib/gcc/arm-none-eabi/9.2.1/../../../arm-none-eabi/lib/thumb/v6-m/nofp/libc_nano.a(lib_a-nano-svfprintf.o) (_malloc_r)
/usr/lib/gcc/arm-none-eabi/9.2.1/../../../arm-none-eabi/lib/thumb/v6-m/nofp/libc_nano.a(lib_a-nano-reallocr.o)
                              /usr/lib/gcc/arm-none-eabi/9.2.1/../../../arm-none-eabi/lib/thumb/v6-m/nofp/libc_nano.a(lib_a-nano-svfprintf.o) (_realloc_r)
/usr/lib/gcc/arm-none-eabi/9.2.1/../../../arm-none-eabi/lib/thumb/v6-m/nofp/libc_nano.a(lib_a-sbrkr.o)
                              /usr/lib/gcc/arm-none-eabi/9.2.1/../../../arm-none-eabi/lib/thumb/v6-m/nofp/libc_nano.a(lib_a-nano-mallocr.o) (_sbrk_r)
/usr/lib/gcc/arm-none-eabi/9.2.1/../../../arm-none-eabi/lib/thumb/v6-m/nofp/libc_nano.a(lib_a-mlock.o)
                              /usr/lib/gcc/arm-none-eabi/9.2.1/../../../arm-none-eabi/lib/thumb/v6-m/nofp/libc_nano.a(lib_a-nano-freer.o) (__malloc_lock)
[...]
Memory Configuration

Name             Origin             Length             Attributes
RAM              0x0000000020000000 0x0000000000002000 xrw
FLASH            0x0000000008000000 0x0000000000010000 xr
*default*        0x0000000000000000 0xffffffffffffffff

Linker script and memory map

LOAD /usr/lib/gcc/arm-none-eabi/9.2.1/thumb/v6-m/nofp/crti.o
LOAD /usr/lib/gcc/arm-none-eabi/9.2.1/thumb/v6-m/nofp/crtbegin.o
LOAD /usr/lib/gcc/arm-none-eabi/9.2.1/../../../arm-none-eabi/lib/thumb/v6-m/nofp/crt0.o
LOAD _build/main.o
LOAD _build/adc.o
LOAD _build/ble_uart.o
LOAD _build/gpio.o
LOAD _build/i2c.o
LOAD _build/imu.o
LOAD _build/log_uart.o
LOAD _build/logger.o
LOAD _build/sensors.o
LOAD _build/system_stm32l0xx.o
LOAD _build/bno055.o
LOAD _build/fifo.o
LOAD _build/system_time.o
LOAD _build/stm32l0xx_ll_adc.o
LOAD _build/stm32l0xx_ll_gpio.o
LOAD _build/stm32l0xx_ll_i2c.o
LOAD _build/stm32l0xx_ll_lpuart.o
LOAD _build/stm32l0xx_ll_rcc.o
LOAD _build/stm32l0xx_ll_tim.o
LOAD _build/stm32l0xx_ll_utils.o
LOAD _build/stm32l0xx_ll_usart.o
LOAD _build/startup_stm32l053xx.o
LOAD /usr/lib/gcc/arm-none-eabi/9.2.1/../../../arm-none-eabi/lib/thumb/v6-m/nofp/libc_nano.a
LOAD /usr/lib/gcc/arm-none-eabi/9.2.1/../../../arm-none-eabi/lib/thumb/v6-m/nofp/libm.a
LOAD /usr/lib/gcc/arm-none-eabi/9.2.1/../../../arm-none-eabi/lib/thumb/v6-m/nofp/libnosys.a
START GROUP
LOAD /usr/lib/gcc/arm-none-eabi/9.2.1/thumb/v6-m/nofp/libgcc.a
LOAD /usr/lib/gcc/arm-none-eabi/9.2.1/../../../arm-none-eabi/lib/thumb/v6-m/nofp/libc_nano.a
END GROUP
START GROUP
LOAD /usr/lib/gcc/arm-none-eabi/9.2.1/thumb/v6-m/nofp/libgcc.a
LOAD /usr/lib/gcc/arm-none-eabi/9.2.1/../../../arm-none-eabi/lib/thumb/v6-m/nofp/libc_nano.a
END GROUP
LOAD /usr/lib/gcc/arm-none-eabi/9.2.1/thumb/v6-m/nofp/crtend.o
LOAD /usr/lib/gcc/arm-none-eabi/9.2.1/thumb/v6-m/nofp/crtn.o
                0x0000000020002000                _estack = 0x20002000
                0x0000000000000200                _Min_Heap_Size = 0x200
                0x0000000000000400                _Min_Stack_Size = 0x400

.isr_vector     0x0000000008000000       0xc0
                0x0000000008000000                . = ALIGN (0x4)
 *(.isr_vector)
 .isr_vector    0x0000000008000000       0xc0 _build/startup_stm32l053xx.o
                0x0000000008000000                g_pfnVectors
                0x00000000080000c0                . = ALIGN (0x4)

.text           0x00000000080000c0     0x4e20
                0x00000000080000c0                . = ALIGN (0x4)
 *(.text)
 .text          0x00000000080000c0       0x98 /usr/lib/gcc/arm-none-eabi/9.2.1/thumb/v6-m/nofp/crtbegin.o
 .text          0x0000000008000158       0x44 /usr/lib/gcc/arm-none-eabi/9.2.1/../../../arm-none-eabi/lib/thumb/v6-m/nofp/libc_nano.a(lib_a-init.o)
                0x0000000008000158                __libc_init_array
 .text          0x000000000800019c       0xa8 /usr/lib/gcc/arm-none-eabi/9.2.1/../../../arm-none-eabi/lib/thumb/v6-m/nofp/libc_nano.a(lib_a-memset.o)
                0x000000000800019c                memset
 .text          0x0000000008000244       0x78 /usr/lib/gcc/arm-none-eabi/9.2.1/../../../arm-none-eabi/lib/thumb/v6-m/nofp/libc_nano.a(lib_a-sprintf.o)
                0x0000000008000244                _siprintf_r
                0x0000000008000244                _sprintf_r
                0x000000000800027c                sprintf
                0x000000000800027c                siprintf
 .text          0x00000000080002bc       0x68 /usr/lib/gcc/arm-none-eabi/9.2.1/../../../arm-none-eabi/lib/thumb/v6-m/nofp/libc_nano.a(lib_a-strlen-stub.o)
                0x00000000080002bc                strlen
 .text          0x0000000008000324      0x480 /usr/lib/gcc/arm-none-eabi/9.2.1/../../../arm-none-eabi/lib/thumb/v6-m/nofp/libc_nano.a(lib_a-nano-svfprintf.o)
                0x0000000008000324                __ssputs_r
                0x00000000080003f4                __ssprint_r
                0x0000000008000508                _svfprintf_r
                0x0000000008000508                _svfiprintf_r
 .text          0x00000000080007a4      0x3d8 /usr/lib/gcc/arm-none-eabi/9.2.1/../../../arm-none-eabi/lib/thumb/v6-m/nofp/libc_nano.a(lib_a-nano-vfprintf_i.o)
                0x00000000080007a4                _printf_common
                0x00000000080008d4                _printf_i
 .text          0x0000000008000b7c       0x80 /usr/lib/gcc/arm-none-eabi/9.2.1/../../../arm-none-eabi/lib/thumb/v6-m/nofp/libc_nano.a(lib_a-memchr-stub.o)
                0x0000000008000b7c                memchr
 .text          0x0000000008000bfc       0xa8 /usr/lib/gcc/arm-none-eabi/9.2.1/../../../arm-none-eabi/lib/thumb/v6-m/nofp/libc_nano.a(lib_a-memcpy-stub.o)
                0x0000000008000bfc                memcpy
 .text          0x0000000008000ca4       0xbc /usr/lib/gcc/arm-none-eabi/9.2.1/../../../arm-none-eabi/lib/thumb/v6-m/nofp/libc_nano.a(lib_a-memmove.o)
                0x0000000008000ca4                memmove
 .text          0x0000000008000d60       0xac /usr/lib/gcc/arm-none-eabi/9.2.1/../../../arm-none-eabi/lib/thumb/v6-m/nofp/libc_nano.a(lib_a-nano-freer.o)
                0x0000000008000d60                _free_r
 .text          0x0000000008000e0c       0xcc /usr/lib/gcc/arm-none-eabi/9.2.1/../../../arm-none-eabi/lib/thumb/v6-m/nofp/libc_nano.a(lib_a-nano-mallocr.o)
                0x0000000008000e0c                _malloc_r
 .text          0x0000000008000ed8       0x50 /usr/lib/gcc/arm-none-eabi/9.2.1/../../../arm-none-eabi/lib/thumb/v6-m/nofp/libc_nano.a(lib_a-nano-reallocr.o)
                0x0000000008000ed8                _realloc_r
 .text          0x0000000008000f28       0x24 /usr/lib/gcc/arm-none-eabi/9.2.1/../../../arm-none-eabi/lib/thumb/v6-m/nofp/libc_nano.a(lib_a-sbrkr.o)
                0x0000000008000f28                _sbrk_r
 .text          0x0000000008000f4c        0x8 /usr/lib/gcc/arm-none-eabi/9.2.1/../../../arm-none-eabi/lib/thumb/v6-m/nofp/libc_nano.a(lib_a-mlock.o)
                0x0000000008000f4c                __malloc_lock
                0x0000000008000f50                __malloc_unlock
 .text          0x0000000008000f54       0x14 /usr/lib/gcc/arm-none-eabi/9.2.1/../../../arm-none-eabi/lib/thumb/v6-m/nofp/libc_nano.a(lib_a-nano-msizer.o)
                0x0000000008000f54                _malloc_usable_size_r
 .text          0x0000000008000f68       0x1c /usr/lib/gcc/arm-none-eabi/9.2.1/../../../arm-none-eabi/lib/thumb/v6-m/nofp/libnosys.a(sbrk.o)
                0x0000000008000f68                _sbrk
 .text          0x0000000008000f84      0x114 /usr/lib/gcc/arm-none-eabi/9.2.1/thumb/v6-m/nofp/libgcc.a(_udivsi3.o)
                0x0000000008000f84                __udivsi3
                0x0000000008000f84                __aeabi_uidiv
                0x0000000008001090                __aeabi_uidivmod
 .text          0x0000000008001098        0x4 /usr/lib/gcc/arm-none-eabi/9.2.1/thumb/v6-m/nofp/libgcc.a(_dvmd_tls.o)
                0x0000000008001098                __aeabi_ldiv0
                0x0000000008001098                __aeabi_idiv0
 .text          0x000000000800109c       0x40 /usr/lib/gcc/arm-none-eabi/9.2.1/thumb/v6-m/nofp/libgcc.a(_aeabi_uldivmod.o)
                0x000000000800109c                __aeabi_uldivmod
 .text          0x00000000080010dc      0x198 /usr/lib/gcc/arm-none-eabi/9.2.1/thumb/v6-m/nofp/libgcc.a(_udivmoddi4.o)
                0x00000000080010dc                __udivmoddi4
 .text          0x0000000008001274       0x3c /usr/lib/gcc/arm-none-eabi/9.2.1/thumb/v6-m/nofp/libgcc.a(_clzsi2.o)
                0x0000000008001274                __clzsi2
 .text          0x00000000080012b0       0x18 /usr/lib/gcc/arm-none-eabi/9.2.1/thumb/v6-m/nofp/libgcc.a(_clzdi2.o)
                0x00000000080012b0                __clzdi2
 *(.text*)
 .text.LL_APB1_GRP1_EnableClock
                0x00000000080012c8       0x2c _build/main.o
 .text.LL_APB2_GRP1_EnableClock
                0x00000000080012f4       0x2c _build/main.o
 .text.LL_PWR_SetRegulVoltageScaling
                0x0000000008001320       0x2c _build/main.o
 .text.LL_RCC_HSI_Enable
                0x000000000800134c       0x1c _build/main.o
 .text.LL_RCC_HSI_IsReady
                0x0000000008001368       0x20 _build/main.o
 .text.LL_RCC_HSI_SetCalibTrimming
                0x0000000008001388       0x2c _build/main.o
 .text.LL_RCC_SetSysClkSource
                0x00000000080013b4       0x28 _build/main.o
 .text.LL_RCC_GetSysClkSource
                0x00000000080013dc       0x18 _build/main.o
 .text.LL_RCC_SetAHBPrescaler
                0x00000000080013f4       0x28 _build/main.o
 .text.LL_RCC_SetAPB1Prescaler
                0x000000000800141c       0x2c _build/main.o
 .text.LL_RCC_SetAPB2Prescaler
                0x0000000008001448       0x2c _build/main.o
 .text.LL_RCC_SetUSARTClockSource
                0x0000000008001474       0x30 _build/main.o
 .text.LL_RCC_SetLPUARTClockSource
                0x00000000080014a4       0x2c _build/main.o
 .text.LL_RCC_SetI2CClockSource
                0x00000000080014d0       0x38 _build/main.o
 .text.LL_RCC_PLL_Enable
                0x0000000008001508       0x1c _build/main.o
 .text.LL_RCC_PLL_IsReady
                0x0000000008001524       0x28 _build/main.o
 .text.LL_RCC_PLL_ConfigDomain_SYS
                0x000000000800154c       0x38 _build/main.o
 .text.LL_FLASH_SetLatency
                0x0000000008001584       0x28 _build/main.o
 .text.LL_FLASH_GetLatency
                0x00000000080015ac       0x18 _build/main.o
 .text.delay_ms
                0x00000000080015c4       0x34 _build/main.o
                0x00000000080015c4                delay_ms
 .text.sysclk_init
                0x00000000080015f8       0xac _build/main.o
                0x00000000080015f8                sysclk_init
 .text.board_bringup
                0x00000000080016a4       0x22 _build/main.o
 *fill*         0x00000000080016c6        0x2 
 .text.led_process
                0x00000000080016c8       0x7c _build/main.o
 .text.main     0x0000000008001744       0x48 _build/main.o
                0x0000000008001744                main
 .text.error_handler
                0x000000000800178c       0x44 _build/main.o
                0x000000000800178c                error_handler
 .text.__NVIC_EnableIRQ
                0x00000000080017d0       0x34 _build/adc.o
 .text.__NVIC_SetPriority
                0x0000000008001804       0xdc _build/adc.o
 .text.LL_ADC_SetClock
                0x00000000080018e0       0x22 _build/adc.o
 .text.LL_ADC_SetSamplingTimeCommonChannels
                0x0000000008001902       0x24 _build/adc.o
 *fill*         0x0000000008001926        0x2 
 .text.LL_ADC_REG_SetTriggerSource
                0x0000000008001928       0x28 _build/adc.o
 .text.LL_ADC_REG_SetSequencerChannels
                0x0000000008001950       0x1c _build/adc.o
 .text.LL_ADC_REG_SetContinuousMode
                0x000000000800196c       0x28 _build/adc.o
 .text.LL_ADC_REG_SetOverrun
                0x0000000008001994       0x28 _build/adc.o
 .text.LL_ADC_Enable
                0x00000000080019bc       0x24 _build/adc.o
 .text.LL_ADC_Disable
                0x00000000080019e0       0x24 _build/adc.o
 .text.LL_ADC_IsEnabled
                0x0000000008001a04       0x20 _build/adc.o
 .text.LL_ADC_IsDisableOngoing
                0x0000000008001a24       0x20 _build/adc.o
 .text.LL_ADC_StartCalibration
                0x0000000008001a44       0x28 _build/adc.o
 .text.LL_ADC_IsCalibrationOnGoing
                0x0000000008001a6c       0x26 _build/adc.o
 *fill*         0x0000000008001a92        0x2 
 .text.LL_ADC_REG_StartConversion
                0x0000000008001a94       0x24 _build/adc.o
 .text.LL_ADC_REG_IsConversionOngoing
                0x0000000008001ab8       0x20 _build/adc.o
 .text.LL_ADC_REG_ReadConversionData12
                0x0000000008001ad8       0x16 _build/adc.o
 .text.LL_ADC_IsActiveFlag_ADRDY
                0x0000000008001aee       0x20 _build/adc.o
 .text.LL_ADC_IsActiveFlag_EOC
                0x0000000008001b0e       0x20 _build/adc.o
 .text.LL_ADC_ClearFlag_EOS
                0x0000000008001b2e       0x16 _build/adc.o
 .text.LL_ADC_EnableIT_OVR
                0x0000000008001b44       0x1c _build/adc.o
 .text.LL_APB2_GRP1_EnableClock
                0x0000000008001b60       0x2c _build/adc.o
 .text.LL_IOP_GRP1_EnableClock
                0x0000000008001b8c       0x2c _build/adc.o
 .text.adc_init
                0x0000000008001bb8       0xd4 _build/adc.o
                0x0000000008001bb8                adc_init
 .text.adc_enable
                0x0000000008001c8c       0x68 _build/adc.o
                0x0000000008001c8c                adc_enable
 .text.adc_disable
                0x0000000008001cf4       0x38 _build/adc.o
                0x0000000008001cf4                adc_disable
 .text.ADC1_COMP_IRQHandler
                0x0000000008001d2c        0xa _build/adc.o
                0x0000000008001d2c                ADC1_COMP_IRQHandler
 *fill*         0x0000000008001d36        0x2 
 .text.adc_read
                0x0000000008001d38       0x9c _build/adc.o
                0x0000000008001d38                adc_read
 .text.__NVIC_EnableIRQ
                0x0000000008001dd4       0x34 _build/ble_uart.o
 .text.__NVIC_SetPriority
                0x0000000008001e08       0xdc _build/ble_uart.o
 .text.LL_APB1_GRP1_EnableClock
                0x0000000008001ee4       0x2c _build/ble_uart.o
 .text.LL_IOP_GRP1_EnableClock
                0x0000000008001f10       0x2c _build/ble_uart.o
 .text.LL_LPUART_Enable
                0x0000000008001f3c       0x1c _build/ble_uart.o
 .text.LL_LPUART_IsActiveFlag_RXNE
                0x0000000008001f58       0x22 _build/ble_uart.o
 .text.LL_LPUART_IsActiveFlag_TC
                0x0000000008001f7a       0x22 _build/ble_uart.o
 .text.LL_LPUART_ClearFlag_NE
                0x0000000008001f9c       0x16 _build/ble_uart.o
 .text.LL_LPUART_ClearFlag_TC
                0x0000000008001fb2       0x16 _build/ble_uart.o
 .text.LL_LPUART_EnableIT_RXNE
                0x0000000008001fc8       0x3e _build/ble_uart.o
 .text.LL_LPUART_EnableIT_TC
                0x0000000008002006       0x3e _build/ble_uart.o
 .text.LL_LPUART_ReceiveData8
                0x0000000008002044       0x16 _build/ble_uart.o
 .text.LL_LPUART_TransmitData8
                0x000000000800205a       0x1e _build/ble_uart.o
 .text.uart_init
                0x0000000008002078       0xd0 _build/ble_uart.o
 .text.tx       0x0000000008002148       0x40 _build/ble_uart.o
 .text.ble_uart_init
                0x0000000008002188       0x3c _build/ble_uart.o
                0x0000000008002188                ble_uart_init
 .text.RNG_LPUART1_IRQHandler
                0x00000000080021c4       0x80 _build/ble_uart.o
                0x00000000080021c4                RNG_LPUART1_IRQHandler
 .text.LL_IOP_GRP1_EnableClock
                0x0000000008002244       0x2c _build/gpio.o
 .text.LL_GPIO_SetOutputPin
                0x0000000008002270       0x18 _build/gpio.o
 .text.LL_GPIO_ResetOutputPin
                0x0000000008002288       0x18 _build/gpio.o
 .text.gpio_init
                0x00000000080022a0       0x4e _build/gpio.o
                0x00000000080022a0                gpio_init
 .text.gpio_led_set
                0x00000000080022ee       0x36 _build/gpio.o
                0x00000000080022ee                gpio_led_set
 .text.LL_I2C_EnableClockStretching
                0x0000000008002324       0x20 _build/i2c.o
 .text.LL_I2C_DisableGeneralCall
                0x0000000008002344       0x20 _build/i2c.o
 .text.LL_I2C_SetOwnAddress2
                0x0000000008002364       0x2c _build/i2c.o
 .text.LL_I2C_DisableOwnAddress2
                0x0000000008002390       0x20 _build/i2c.o
 .text.LL_I2C_IsActiveFlag_TXE
                0x00000000080023b0       0x22 _build/i2c.o
 .text.LL_I2C_IsActiveFlag_RXNE
                0x00000000080023d2       0x22 _build/i2c.o
 .text.LL_I2C_IsActiveFlag_STOP
                0x00000000080023f4       0x22 _build/i2c.o
 .text.LL_I2C_ClearFlag_STOP
                0x0000000008002416       0x1c _build/i2c.o
 .text.LL_I2C_EnableAutoEndMode
                0x0000000008002432       0x1e _build/i2c.o
 .text.LL_I2C_HandleTransfer
                0x0000000008002450       0x4c _build/i2c.o
 .text.LL_I2C_ReceiveData8
                0x000000000800249c       0x16 _build/i2c.o
 .text.LL_I2C_TransmitData8
                0x00000000080024b2       0x1e _build/i2c.o
 .text.write_byte
                0x00000000080024d0       0x46 _build/i2c.o
 .text.read_byte
                0x0000000008002516       0x48 _build/i2c.o
 *fill*         0x000000000800255e        0x2 
 .text.i2c_write
                0x0000000008002560       0xac _build/i2c.o
                0x0000000008002560                i2c_write
 .text.i2c_read
                0x000000000800260c       0xb0 _build/i2c.o
                0x000000000800260c                i2c_read
 .text.i2c_init
                0x00000000080026bc       0x78 _build/i2c.o
                0x00000000080026bc                i2c_init
 .text.LL_APB1_GRP1_EnableClock
                0x0000000008002734       0x2c _build/imu.o
 .text.LL_IOP_GRP1_EnableClock
                0x0000000008002760       0x2c _build/imu.o
 .text.hw_init  0x000000000800278c       0xb4 _build/imu.o
 .text.bus_write
                0x0000000008002840       0x4c _build/imu.o
 .text.bus_read
                0x000000000800288c       0x4c _build/imu.o
 .text.delay    0x00000000080028d8       0x18 _build/imu.o
 .text.bno_init
                0x00000000080028f0       0xf4 _build/imu.o
 .text.get_data
                0x00000000080029e4       0x78 _build/imu.o
 .text.imu_init
                0x0000000008002a5c       0x12 _build/imu.o
                0x0000000008002a5c                imu_init
 *fill*         0x0000000008002a6e        0x2 
 .text.imu_process
                0x0000000008002a70       0x40 _build/imu.o
                0x0000000008002a70                imu_process
 .text.__NVIC_EnableIRQ
                0x0000000008002ab0       0x34 _build/log_uart.o
 .text.__NVIC_SetPriority
                0x0000000008002ae4       0xdc _build/log_uart.o
 .text.LL_APB1_GRP1_EnableClock
                0x0000000008002bc0       0x2c _build/log_uart.o
 .text.LL_IOP_GRP1_EnableClock
                0x0000000008002bec       0x2c _build/log_uart.o
 .text.LL_USART_Enable
                0x0000000008002c18       0x1c _build/log_uart.o
 .text.LL_USART_ConfigAsyncMode
                0x0000000008002c34       0x30 _build/log_uart.o
 .text.LL_USART_IsActiveFlag_RXNE
                0x0000000008002c64       0x22 _build/log_uart.o
 .text.LL_USART_IsActiveFlag_TC
                0x0000000008002c86       0x22 _build/log_uart.o
 .text.LL_USART_ClearFlag_NE
                0x0000000008002ca8       0x16 _build/log_uart.o
 .text.LL_USART_ClearFlag_TC
                0x0000000008002cbe       0x16 _build/log_uart.o
 .text.LL_USART_EnableIT_RXNE
                0x0000000008002cd4       0x3e _build/log_uart.o
 .text.LL_USART_EnableIT_TC
                0x0000000008002d12       0x3e _build/log_uart.o
 .text.LL_USART_ReceiveData8
                0x0000000008002d50       0x16 _build/log_uart.o
 .text.LL_USART_TransmitData8
                0x0000000008002d66       0x1e _build/log_uart.o
 .text.hw_init  0x0000000008002d84       0xdc _build/log_uart.o
 .text.tx       0x0000000008002e60       0x40 _build/log_uart.o
 .text.log_uart_is_writing
                0x0000000008002ea0       0x14 _build/log_uart.o
                0x0000000008002ea0                log_uart_is_writing
 .text.log_uart_write
                0x0000000008002eb4       0x50 _build/log_uart.o
                0x0000000008002eb4                log_uart_write
 .text.log_uart_init
                0x0000000008002f04       0x3c _build/log_uart.o
                0x0000000008002f04                log_uart_init
 .text.USART2_IRQHandler
                0x0000000008002f40       0x80 _build/log_uart.o
                0x0000000008002f40                USART2_IRQHandler
 .text.logger_write
                0x0000000008002fc0       0x4a _build/logger.o
                0x0000000008002fc0                logger_write
 .text.get_flex_data
                0x000000000800300a       0x3c _build/sensors.o
                0x000000000800300a                get_flex_data
 *fill*         0x0000000008003046        0x2 
 .text.tx_flex_data
                0x0000000008003048       0x5c _build/sensors.o
                0x0000000008003048                tx_flex_data
 .text.sensors_init
                0x00000000080030a4       0x18 _build/sensors.o
                0x00000000080030a4                sensors_init
 .text.sensors_process
                0x00000000080030bc       0x58 _build/sensors.o
                0x00000000080030bc                sensors_process
 .text.SystemInit
                0x0000000008003114       0x7c _build/system_stm32l0xx.o
                0x0000000008003114                SystemInit
 .text.bno055_init
                0x0000000008003190      0x1c4 _build/bno055.o
                0x0000000008003190                bno055_init
 .text.bno055_write_register
                0x0000000008003354       0x64 _build/bno055.o
                0x0000000008003354                bno055_write_register
 .text.bno055_read_sw_rev_id
                0x00000000080033b8       0xbc _build/bno055.o
                0x00000000080033b8                bno055_read_sw_rev_id
 .text.bno055_write_page_id
                0x0000000008003474       0xb4 _build/bno055.o
                0x0000000008003474                bno055_write_page_id
 .text.bno055_read_accel_xyz
                0x0000000008003528      0x11c _build/bno055.o
                0x0000000008003528                bno055_read_accel_xyz
 .text.bno055_read_mag_xyz
                0x0000000008003644      0x11c _build/bno055.o
                0x0000000008003644                bno055_read_mag_xyz
 .text.bno055_read_gyro_xyz
                0x0000000008003760      0x11c _build/bno055.o
                0x0000000008003760                bno055_read_gyro_xyz
 .text.bno055_get_operation_mode
                0x000000000800387c       0xa8 _build/bno055.o
                0x000000000800387c                bno055_get_operation_mode
 .text.bno055_set_operation_mode
                0x0000000008003924      0x1f0 _build/bno055.o
                0x0000000008003924                bno055_set_operation_mode
 .text.bno055_set_power_mode
                0x0000000008003b14      0x144 _build/bno055.o
                0x0000000008003b14                bno055_set_power_mode
 .text.fifo_init
                0x0000000008003c58       0x44 _build/fifo.o
                0x0000000008003c58                fifo_init
 .text.fifo_push
                0x0000000008003c9c       0x70 _build/fifo.o
                0x0000000008003c9c                fifo_push
 .text.fifo_pop
                0x0000000008003d0c       0x6a _build/fifo.o
                0x0000000008003d0c                fifo_pop
 *fill*         0x0000000008003d76        0x2 
 .text.__NVIC_EnableIRQ
                0x0000000008003d78       0x34 _build/system_time.o
 .text.__NVIC_SetPriority
                0x0000000008003dac       0xdc _build/system_time.o
 .text.LL_APB1_GRP1_EnableClock
                0x0000000008003e88       0x2c _build/system_time.o
 .text.LL_TIM_EnableCounter
                0x0000000008003eb4       0x1c _build/system_time.o
 .text.LL_TIM_EnableUpdateEvent
                0x0000000008003ed0       0x1e _build/system_time.o
 .text.LL_TIM_EnableARRPreload
                0x0000000008003eee       0x1c _build/system_time.o
 *fill*         0x0000000008003f0a        0x2 
 .text.LL_TIM_SetClockSource
                0x0000000008003f0c       0x28 _build/system_time.o
 .text.LL_TIM_SetTriggerOutput
                0x0000000008003f34       0x24 _build/system_time.o
 .text.LL_TIM_DisableMasterSlaveMode
                0x0000000008003f58       0x1e _build/system_time.o
 .text.LL_TIM_ClearFlag_UPDATE
                0x0000000008003f76       0x18 _build/system_time.o
 .text.LL_TIM_EnableIT_UPDATE
                0x0000000008003f8e       0x1c _build/system_time.o
 *fill*         0x0000000008003faa        0x2 
 .text.timer_init
                0x0000000008003fac       0xa4 _build/system_time.o
 .text.system_time_cmp_ticks
                0x0000000008004050       0x34 _build/system_time.o
                0x0000000008004050                system_time_cmp_ticks
 .text.system_time_cmp_ms
                0x0000000008004084       0x30 _build/system_time.o
                0x0000000008004084                system_time_cmp_ms
 .text.system_time_get
                0x00000000080040b4       0x40 _build/system_time.o
                0x00000000080040b4                system_time_get
 .text.system_time_init
                0x00000000080040f4        0xe _build/system_time.o
                0x00000000080040f4                system_time_init
 *fill*         0x0000000008004102        0x2 
 .text.TIM2_IRQHandler
                0x0000000008004104       0x40 _build/system_time.o
                0x0000000008004104                TIM2_IRQHandler
 .text.LL_GPIO_SetPinMode
                0x0000000008004144       0x38 _build/stm32l0xx_ll_gpio.o
 .text.LL_GPIO_SetPinOutputType
                0x000000000800417c       0x2a _build/stm32l0xx_ll_gpio.o
 .text.LL_GPIO_SetPinSpeed
                0x00000000080041a6       0x38 _build/stm32l0xx_ll_gpio.o
 .text.LL_GPIO_SetPinPull
                0x00000000080041de       0x38 _build/stm32l0xx_ll_gpio.o
 .text.LL_GPIO_SetAFPin_0_7
                0x0000000008004216       0x46 _build/stm32l0xx_ll_gpio.o
 .text.LL_GPIO_SetAFPin_8_15
                0x000000000800425c       0x5a _build/stm32l0xx_ll_gpio.o
 .text.LL_GPIO_Init
                0x00000000080042b6       0xbc _build/stm32l0xx_ll_gpio.o
                0x00000000080042b6                LL_GPIO_Init
 .text.LL_I2C_Enable
                0x0000000008004372       0x1c _build/stm32l0xx_ll_i2c.o
 .text.LL_I2C_Disable
                0x000000000800438e       0x1e _build/stm32l0xx_ll_i2c.o
 .text.LL_I2C_ConfigFilters
                0x00000000080043ac       0x30 _build/stm32l0xx_ll_i2c.o
 .text.LL_I2C_SetOwnAddress1
                0x00000000080043dc       0x28 _build/stm32l0xx_ll_i2c.o
 .text.LL_I2C_EnableOwnAddress1
                0x0000000008004404       0x1e _build/stm32l0xx_ll_i2c.o
 *fill*         0x0000000008004422        0x2 
 .text.LL_I2C_DisableOwnAddress1
                0x0000000008004424       0x20 _build/stm32l0xx_ll_i2c.o
 .text.LL_I2C_SetTiming
                0x0000000008004444       0x18 _build/stm32l0xx_ll_i2c.o
 .text.LL_I2C_SetMode
                0x000000000800445c       0x28 _build/stm32l0xx_ll_i2c.o
 .text.LL_I2C_AcknowledgeNextData
                0x0000000008004484       0x28 _build/stm32l0xx_ll_i2c.o
 .text.LL_I2C_Init
                0x00000000080044ac       0x86 _build/stm32l0xx_ll_i2c.o
                0x00000000080044ac                LL_I2C_Init
 .text.LL_LPUART_IsEnabled
                0x0000000008004532       0x22 _build/stm32l0xx_ll_lpuart.o
 .text.LL_LPUART_SetStopBitsLength
                0x0000000008004554       0x28 _build/stm32l0xx_ll_lpuart.o
 .text.LL_LPUART_SetHWFlowCtrl
                0x000000000800457c       0x28 _build/stm32l0xx_ll_lpuart.o
 .text.LL_LPUART_SetBaudRate
                0x00000000080045a4       0x64 _build/stm32l0xx_ll_lpuart.o
 .text.LL_LPUART_Init
                0x0000000008004608       0x9c _build/stm32l0xx_ll_lpuart.o
                0x0000000008004608                LL_LPUART_Init
 .text.LL_RCC_HSI_IsReady
                0x00000000080046a4       0x20 _build/stm32l0xx_ll_rcc.o
 .text.LL_RCC_LSE_IsReady
                0x00000000080046c4       0x28 _build/stm32l0xx_ll_rcc.o
 .text.LL_RCC_MSI_GetRange
                0x00000000080046ec       0x18 _build/stm32l0xx_ll_rcc.o
 .text.LL_RCC_GetSysClkSource
                0x0000000008004704       0x18 _build/stm32l0xx_ll_rcc.o
 .text.LL_RCC_GetAHBPrescaler
                0x000000000800471c       0x18 _build/stm32l0xx_ll_rcc.o
 .text.LL_RCC_GetAPB1Prescaler
                0x0000000008004734       0x18 _build/stm32l0xx_ll_rcc.o
 .text.LL_RCC_GetAPB2Prescaler
                0x000000000800474c       0x18 _build/stm32l0xx_ll_rcc.o
 .text.LL_RCC_GetUSARTClockSource
                0x0000000008004764       0x24 _build/stm32l0xx_ll_rcc.o
 .text.LL_RCC_GetLPUARTClockSource
                0x0000000008004788       0x1c _build/stm32l0xx_ll_rcc.o
 .text.LL_RCC_PLL_GetMainSource
                0x00000000080047a4       0x18 _build/stm32l0xx_ll_rcc.o
 .text.LL_RCC_PLL_GetMultiplicator
                0x00000000080047bc       0x18 _build/stm32l0xx_ll_rcc.o
 .text.LL_RCC_PLL_GetDivider
                0x00000000080047d4       0x18 _build/stm32l0xx_ll_rcc.o
 .text.LL_RCC_IsActiveFlag_HSIDIV
                0x00000000080047ec       0x20 _build/stm32l0xx_ll_rcc.o
 .text.LL_RCC_GetUSARTClockFreq
                0x000000000800480c      0x140 _build/stm32l0xx_ll_rcc.o
                0x000000000800480c                LL_RCC_GetUSARTClockFreq
 .text.LL_RCC_GetLPUARTClockFreq
                0x000000000800494c       0xa0 _build/stm32l0xx_ll_rcc.o
                0x000000000800494c                LL_RCC_GetLPUARTClockFreq
 .text.RCC_GetSystemClockFreq
                0x00000000080049ec       0x88 _build/stm32l0xx_ll_rcc.o
 .text.RCC_GetHCLKClockFreq
                0x0000000008004a74       0x2c _build/stm32l0xx_ll_rcc.o
 .text.RCC_GetPCLK1ClockFreq
                0x0000000008004aa0       0x28 _build/stm32l0xx_ll_rcc.o
 .text.RCC_GetPCLK2ClockFreq
                0x0000000008004ac8       0x28 _build/stm32l0xx_ll_rcc.o
 .text.RCC_PLL_GetFreqDomain_SYS
                0x0000000008004af0       0x70 _build/stm32l0xx_ll_rcc.o
 .text.LL_TIM_SetPrescaler
                0x0000000008004b60       0x18 _build/stm32l0xx_ll_tim.o
 .text.LL_TIM_SetAutoReload
                0x0000000008004b78       0x18 _build/stm32l0xx_ll_tim.o
 .text.LL_TIM_GenerateEvent_UPDATE
                0x0000000008004b90       0x1c _build/stm32l0xx_ll_tim.o
 .text.LL_TIM_Init
                0x0000000008004bac       0xa4 _build/stm32l0xx_ll_tim.o
                0x0000000008004bac                LL_TIM_Init
 .text.LL_InitTick
                0x0000000008004c50       0x34 _build/stm32l0xx_ll_utils.o
 .text.LL_Init1msTick
                0x0000000008004c84       0x1e _build/stm32l0xx_ll_utils.o
                0x0000000008004c84                LL_Init1msTick
 *fill*         0x0000000008004ca2        0x2 
 .text.LL_SetSystemCoreClock
                0x0000000008004ca4       0x1c _build/stm32l0xx_ll_utils.o
                0x0000000008004ca4                LL_SetSystemCoreClock
 .text.LL_USART_IsEnabled
                0x0000000008004cc0       0x22 _build/stm32l0xx_ll_usart.o
 *fill*         0x0000000008004ce2        0x2 
 .text.LL_USART_SetStopBitsLength
                0x0000000008004ce4       0x28 _build/stm32l0xx_ll_usart.o
 .text.LL_USART_SetHWFlowCtrl
                0x0000000008004d0c       0x28 _build/stm32l0xx_ll_usart.o
 .text.LL_USART_SetBaudRate
                0x0000000008004d34       0x78 _build/stm32l0xx_ll_usart.o
 .text.LL_USART_Init
                0x0000000008004dac       0xc8 _build/stm32l0xx_ll_usart.o
                0x0000000008004dac                LL_USART_Init
 .text.Reset_Handler
                0x0000000008004e74       0x50 _build/startup_stm32l053xx.o
                0x0000000008004e74                Reset_Handler
 .text.Default_Handler
                0x0000000008004ec4        0x2 _build/startup_stm32l053xx.o
                0x0000000008004ec4                TSC_IRQHandler
                0x0000000008004ec4                HardFault_Handler
                0x0000000008004ec4                SysTick_Handler
                0x0000000008004ec4                PVD_IRQHandler
                0x0000000008004ec4                PendSV_Handler
                0x0000000008004ec4                NMI_Handler
                0x0000000008004ec4                I2C1_IRQHandler
                0x0000000008004ec4                RCC_CRS_IRQHandler
                0x0000000008004ec4                SPI1_IRQHandler
                0x0000000008004ec4                TIM6_DAC_IRQHandler
                0x0000000008004ec4                EXTI2_3_IRQHandler
                0x0000000008004ec4                I2C2_IRQHandler
                0x0000000008004ec4                RTC_IRQHandler
                0x0000000008004ec4                LCD_IRQHandler
                0x0000000008004ec4                DMA1_Channel4_5_6_7_IRQHandler
                0x0000000008004ec4                EXTI4_15_IRQHandler
                0x0000000008004ec4                DMA1_Channel1_IRQHandler
                0x0000000008004ec4                Default_Handler
                0x0000000008004ec4                TIM22_IRQHandler
                0x0000000008004ec4                EXTI0_1_IRQHandler
                0x0000000008004ec4                USB_IRQHandler
                0x0000000008004ec4                SPI2_IRQHandler
                0x0000000008004ec4                SVC_Handler
                0x0000000008004ec4                TIM21_IRQHandler
                0x0000000008004ec4                WWDG_IRQHandler
                0x0000000008004ec4                DMA1_Channel2_3_IRQHandler
                0x0000000008004ec4                FLASH_IRQHandler
                0x0000000008004ec4                USART1_IRQHandler
                0x0000000008004ec4                LPTIM1_IRQHandler
 *(.glue_7)
 .glue_7        0x0000000008004ec6        0x0 linker stubs
 *(.glue_7t)
 .glue_7t       0x0000000008004ec6        0x0 linker stubs
 *(.eh_frame)
 *fill*         0x0000000008004ec6        0x2 
 .eh_frame      0x0000000008004ec8        0x0 /usr/lib/gcc/arm-none-eabi/9.2.1/thumb/v6-m/nofp/crtbegin.o
 *(.init)
 .init          0x0000000008004ec8        0x4 /usr/lib/gcc/arm-none-eabi/9.2.1/thumb/v6-m/nofp/crti.o
                0x0000000008004ec8                _init
 .init          0x0000000008004ecc        0x8 /usr/lib/gcc/arm-none-eabi/9.2.1/thumb/v6-m/nofp/crtn.o
 *(.fini)
 .fini          0x0000000008004ed4        0x4 /usr/lib/gcc/arm-none-eabi/9.2.1/thumb/v6-m/nofp/crti.o
                0x0000000008004ed4                _fini
 .fini          0x0000000008004ed8        0x8 /usr/lib/gcc/arm-none-eabi/9.2.1/thumb/v6-m/nofp/crtn.o
                0x0000000008004ee0                . = ALIGN (0x4)
                0x0000000008004ee0                _etext = .

.vfp11_veneer   0x0000000008004ee0        0x0
 .vfp11_veneer  0x0000000008004ee0        0x0 linker stubs

.v4_bx          0x0000000008004ee0        0x0
 .v4_bx         0x0000000008004ee0        0x0 linker stubs

.iplt           0x0000000008004ee0        0x0
 .iplt          0x0000000008004ee0        0x0 /usr/lib/gcc/arm-none-eabi/9.2.1/thumb/v6-m/nofp/crtbegin.o

.rodata         0x0000000008004ee0       0xe4
                0x0000000008004ee0                . = ALIGN (0x4)
 *(.rodata)
 .rodata        0x0000000008004ee0       0x1e _build/main.o
 *fill*         0x0000000008004efe        0x2 
 .rodata        0x0000000008004f00       0x11 _build/i2c.o
 *fill*         0x0000000008004f11        0x3 
 .rodata        0x0000000008004f14       0x1a _build/imu.o
 *fill*         0x0000000008004f2e        0x2 
 .rodata        0x0000000008004f30        0xf _build/sensors.o
 *fill*         0x0000000008004f3f        0x1 
 .rodata        0x0000000008004f40       0x22 _build/bno055.o
 *(.rodata*)
 *fill*         0x0000000008004f62        0x2 
 .rodata.AHBPrescTable
                0x0000000008004f64       0x10 _build/system_stm32l0xx.o
                0x0000000008004f64                AHBPrescTable
 .rodata.APBPrescTable
                0x0000000008004f74        0x8 _build/system_stm32l0xx.o
                0x0000000008004f74                APBPrescTable
 .rodata.PLLMulTable
                0x0000000008004f7c        0x9 _build/system_stm32l0xx.o
                0x0000000008004f7c                PLLMulTable
 *fill*         0x0000000008004f85        0x3 
 .rodata.str1.4
                0x0000000008004f88       0x13 /usr/lib/gcc/arm-none-eabi/9.2.1/../../../arm-none-eabi/lib/thumb/v6-m/nofp/libc_nano.a(lib_a-nano-svfprintf.o)
 *fill*         0x0000000008004f9b        0x1 
 .rodata.str1.4
                0x0000000008004f9c       0x25 /usr/lib/gcc/arm-none-eabi/9.2.1/../../../arm-none-eabi/lib/thumb/v6-m/nofp/libc_nano.a(lib_a-nano-vfprintf_i.o)
                0x0000000008004fc4                . = ALIGN (0x4)
 *fill*         0x0000000008004fc1        0x3 

.ARM.extab
 *(.ARM.extab* .gnu.linkonce.armextab.*)

.ARM            0x0000000008004fc4        0x8
                0x0000000008004fc4                __exidx_start = .
 *(.ARM.exidx*)
 .ARM.exidx     0x0000000008004fc4        0x8 /usr/lib/gcc/arm-none-eabi/9.2.1/thumb/v6-m/nofp/libgcc.a(_udivmoddi4.o)
                0x0000000008004fcc                __exidx_end = .

.rel.dyn        0x0000000008004fcc        0x0
 .rel.iplt      0x0000000008004fcc        0x0 /usr/lib/gcc/arm-none-eabi/9.2.1/thumb/v6-m/nofp/crtbegin.o

.preinit_array  0x0000000008004fcc        0x0
                0x0000000008004fcc                PROVIDE (__preinit_array_start = .)
 *(.preinit_array*)
                0x0000000008004fcc                PROVIDE (__preinit_array_end = .)

.init_array     0x0000000008004fcc        0x4
                0x0000000008004fcc                PROVIDE (__init_array_start = .)
 *(SORT_BY_NAME(.init_array.*))
 *(.init_array*)
 .init_array    0x0000000008004fcc        0x4 /usr/lib/gcc/arm-none-eabi/9.2.1/thumb/v6-m/nofp/crtbegin.o
                0x0000000008004fd0                PROVIDE (__init_array_end = .)

.fini_array     0x0000000008004fd0        0x4
                0x0000000008004fd0                PROVIDE (__fini_array_start = .)
 *(SORT_BY_NAME(.fini_array.*))
 *(.fini_array*)
 .fini_array    0x0000000008004fd0        0x4 /usr/lib/gcc/arm-none-eabi/9.2.1/thumb/v6-m/nofp/crtbegin.o
                0x0000000008004fd4                PROVIDE (__fini_array_end = .)
                0x0000000008004fd4                _sidata = LOADADDR (.data)

.data           0x0000000020000000       0x68 load address 0x0000000008004fd4
                0x0000000020000000                . = ALIGN (0x4)
                0x0000000020000000                _sdata = .
 *(.data)
 .data          0x0000000020000000       0x64 /usr/lib/gcc/arm-none-eabi/9.2.1/../../../arm-none-eabi/lib/thumb/v6-m/nofp/libc_nano.a(lib_a-impure.o)
                0x0000000020000000                _impure_ptr
 *(.data*)
 .data.SystemCoreClock
                0x0000000020000064        0x4 _build/system_stm32l0xx.o
                0x0000000020000064                SystemCoreClock
                0x0000000020000068                . = ALIGN (0x4)
                0x0000000020000068                _edata = .

.tm_clone_table
                0x0000000020000068        0x0 load address 0x000000000800503c
 .tm_clone_table
                0x0000000020000068        0x0 /usr/lib/gcc/arm-none-eabi/9.2.1/thumb/v6-m/nofp/crtbegin.o
 .tm_clone_table
                0x0000000020000068        0x0 /usr/lib/gcc/arm-none-eabi/9.2.1/thumb/v6-m/nofp/crtend.o

.igot.plt       0x0000000020000068        0x0 load address 0x000000000800503c
 .igot.plt      0x0000000020000068        0x0 /usr/lib/gcc/arm-none-eabi/9.2.1/thumb/v6-m/nofp/crtbegin.o
                0x0000000020000068                . = ALIGN (0x4)

.bss            0x0000000020000068      0x8cc load address 0x000000000800503c
                0x0000000020000068                _sbss = .
                0x0000000020000068                __bss_start__ = _sbss
 *(.bss)
 .bss           0x0000000020000068       0x1c /usr/lib/gcc/arm-none-eabi/9.2.1/thumb/v6-m/nofp/crtbegin.o
 .bss           0x0000000020000084        0x8 /usr/lib/gcc/arm-none-eabi/9.2.1/../../../arm-none-eabi/lib/thumb/v6-m/nofp/libc_nano.a(lib_a-nano-mallocr.o)
                0x0000000020000084                __malloc_free_list
                0x0000000020000088                __malloc_sbrk_start
 .bss           0x000000002000008c        0x4 /usr/lib/gcc/arm-none-eabi/9.2.1/../../../arm-none-eabi/lib/thumb/v6-m/nofp/libnosys.a(sbrk.o)
 *(.bss*)
 .bss.last_ticks.10039
                0x0000000020000090        0x4 _build/main.o
 .bss.led_state.10040
                0x0000000020000094        0x4 _build/main.o
 .bss.rx_buffer
                0x0000000020000098      0x200 _build/ble_uart.o
 .bss.tx_buffer
                0x0000000020000298      0x200 _build/ble_uart.o
 .bss.rx_fifo   0x0000000020000498       0x14 _build/ble_uart.o
 .bss.tx_fifo   0x00000000200004ac       0x14 _build/ble_uart.o
 .bss.writing   0x00000000200004c0        0x1 _build/ble_uart.o
 *fill*         0x00000000200004c1        0x3 
 .bss.s         0x00000000200004c4       0x34 _build/imu.o
 .bss.rx_buffer
                0x00000000200004f8      0x200 _build/log_uart.o
 .bss.tx_buffer
                0x00000000200006f8      0x200 _build/log_uart.o
 .bss.rx_fifo   0x00000000200008f8       0x14 _build/log_uart.o
 .bss.tx_fifo   0x000000002000090c       0x14 _build/log_uart.o
 .bss.writing   0x0000000020000920        0x1 _build/log_uart.o
 *fill*         0x0000000020000921        0x3 
 .bss.s         0x0000000020000924        0x4 _build/sensors.o
 .bss.p_bno055  0x0000000020000928        0x4 _build/bno055.o
 .bss.s         0x000000002000092c        0x4 _build/system_time.o
 *(COMMON)
 COMMON         0x0000000020000930        0x4 /usr/lib/gcc/arm-none-eabi/9.2.1/../../../arm-none-eabi/lib/thumb/v6-m/nofp/libc_nano.a(lib_a-reent.o)
                0x0000000020000930                errno
                0x0000000020000934                . = ALIGN (0x4)
                0x0000000020000934                _ebss = .
                0x0000000020000934                __bss_end__ = _ebss

._user_heap_stack
                0x0000000020000934      0x604 load address 0x000000000800503c
                0x0000000020000938                . = ALIGN (0x8)
 *fill*         0x0000000020000934        0x4 
                0x0000000020000938                PROVIDE (end = .)
                [!provide]                        PROVIDE (_end = .)
                0x0000000020000b38                . = (. + _Min_Heap_Size)
 *fill*         0x0000000020000938      0x200 
                0x0000000020000f38                . = (. + _Min_Stack_Size)
 *fill*         0x0000000020000b38      0x400 
                0x0000000020000f38                . = ALIGN (0x8)

/DISCARD/
 libc.a(*)
 libm.a(*)
 libgcc.a(*)

.ARM.attributes
                0x0000000000000000       0x28
 *(.ARM.attributes)
 .ARM.attributes
                0x0000000000000000       0x1e /usr/lib/gcc/arm-none-eabi/9.2.1/thumb/v6-m/nofp/crti.o
 .ARM.attributes
                0x000000000000001e       0x2c /usr/lib/gcc/arm-none-eabi/9.2.1/thumb/v6-m/nofp/crtbegin.o
 .ARM.attributes
                0x000000000000004a       0x2c _build/main.o
 .ARM.attributes
                0x0000000000000076       0x2c _build/adc.o
 .ARM.attributes
                0x00000000000000a2       0x2c _build/ble_uart.o
 .ARM.attributes
                0x00000000000000ce       0x2c _build/gpio.o
 .ARM.attributes
                0x00000000000000fa       0x2c _build/i2c.o
 .ARM.attributes
                0x0000000000000126       0x2c _build/imu.o
 .ARM.attributes
                0x0000000000000152       0x2c _build/log_uart.o
 .ARM.attributes
                0x000000000000017e       0x2c _build/logger.o
 .ARM.attributes
                0x00000000000001aa       0x2c _build/sensors.o
 .ARM.attributes
                0x00000000000001d6       0x2c _build/system_stm32l0xx.o
 .ARM.attributes
                0x0000000000000202       0x2c _build/bno055.o
 .ARM.attributes
                0x000000000000022e       0x2c _build/fifo.o
 .ARM.attributes
                0x000000000000025a       0x2c _build/system_time.o
 .ARM.attributes
                0x0000000000000286       0x2c _build/stm32l0xx_ll_gpio.o
 .ARM.attributes
                0x00000000000002b2       0x2c _build/stm32l0xx_ll_i2c.o
 .ARM.attributes
                0x00000000000002de       0x2c _build/stm32l0xx_ll_lpuart.o
 .ARM.attributes
                0x000000000000030a       0x2c _build/stm32l0xx_ll_rcc.o
 .ARM.attributes
                0x0000000000000336       0x2c _build/stm32l0xx_ll_tim.o
 .ARM.attributes
                0x0000000000000362       0x2c _build/stm32l0xx_ll_utils.o
 .ARM.attributes
                0x000000000000038e       0x2c _build/stm32l0xx_ll_usart.o
 .ARM.attributes
                0x00000000000003ba       0x22 _build/startup_stm32l053xx.o
 .ARM.attributes
                0x00000000000003dc       0x2c /usr/lib/gcc/arm-none-eabi/9.2.1/../../../arm-none-eabi/lib/thumb/v6-m/nofp/libc_nano.a(lib_a-impure.o)
 .ARM.attributes
                0x0000000000000408       0x2c /usr/lib/gcc/arm-none-eabi/9.2.1/../../../arm-none-eabi/lib/thumb/v6-m/nofp/libc_nano.a(lib_a-init.o)
 .ARM.attributes
                0x0000000000000434       0x2c /usr/lib/gcc/arm-none-eabi/9.2.1/../../../arm-none-eabi/lib/thumb/v6-m/nofp/libc_nano.a(lib_a-memset.o)
 .ARM.attributes
                0x0000000000000460       0x2c /usr/lib/gcc/arm-none-eabi/9.2.1/../../../arm-none-eabi/lib/thumb/v6-m/nofp/libc_nano.a(lib_a-sprintf.o)
 .ARM.attributes
                0x000000000000048c       0x2c /usr/lib/gcc/arm-none-eabi/9.2.1/../../../arm-none-eabi/lib/thumb/v6-m/nofp/libc_nano.a(lib_a-strlen-stub.o)
 .ARM.attributes
                0x00000000000004b8       0x2c /usr/lib/gcc/arm-none-eabi/9.2.1/../../../arm-none-eabi/lib/thumb/v6-m/nofp/libc_nano.a(lib_a-nano-svfprintf.o)
 .ARM.attributes
                0x00000000000004e4       0x2c /usr/lib/gcc/arm-none-eabi/9.2.1/../../../arm-none-eabi/lib/thumb/v6-m/nofp/libc_nano.a(lib_a-nano-vfprintf_i.o)
 .ARM.attributes
                0x0000000000000510       0x2c /usr/lib/gcc/arm-none-eabi/9.2.1/../../../arm-none-eabi/lib/thumb/v6-m/nofp/libc_nano.a(lib_a-memchr-stub.o)
 .ARM.attributes
                0x000000000000053c       0x2c /usr/lib/gcc/arm-none-eabi/9.2.1/../../../arm-none-eabi/lib/thumb/v6-m/nofp/libc_nano.a(lib_a-memcpy-stub.o)
 .ARM.attributes
                0x0000000000000568       0x2c /usr/lib/gcc/arm-none-eabi/9.2.1/../../../arm-none-eabi/lib/thumb/v6-m/nofp/libc_nano.a(lib_a-memmove.o)
 .ARM.attributes
                0x0000000000000594       0x2c /usr/lib/gcc/arm-none-eabi/9.2.1/../../../arm-none-eabi/lib/thumb/v6-m/nofp/libc_nano.a(lib_a-nano-freer.o)
 .ARM.attributes
                0x00000000000005c0       0x2c /usr/lib/gcc/arm-none-eabi/9.2.1/../../../arm-none-eabi/lib/thumb/v6-m/nofp/libc_nano.a(lib_a-nano-mallocr.o)
 .ARM.attributes
                0x00000000000005ec       0x2c /usr/lib/gcc/arm-none-eabi/9.2.1/../../../arm-none-eabi/lib/thumb/v6-m/nofp/libc_nano.a(lib_a-nano-reallocr.o)
 .ARM.attributes
                0x0000000000000618       0x2c /usr/lib/gcc/arm-none-eabi/9.2.1/../../../arm-none-eabi/lib/thumb/v6-m/nofp/libc_nano.a(lib_a-sbrkr.o)
 .ARM.attributes
                0x0000000000000644       0x2c /usr/lib/gcc/arm-none-eabi/9.2.1/../../../arm-none-eabi/lib/thumb/v6-m/nofp/libc_nano.a(lib_a-mlock.o)
 .ARM.attributes
                0x0000000000000670       0x2c /usr/lib/gcc/arm-none-eabi/9.2.1/../../../arm-none-eabi/lib/thumb/v6-m/nofp/libc_nano.a(lib_a-nano-msizer.o)
 .ARM.attributes
                0x000000000000069c       0x2c /usr/lib/gcc/arm-none-eabi/9.2.1/../../../arm-none-eabi/lib/thumb/v6-m/nofp/libc_nano.a(lib_a-reent.o)
 .ARM.attributes
                0x00000000000006c8       0x2c /usr/lib/gcc/arm-none-eabi/9.2.1/../../../arm-none-eabi/lib/thumb/v6-m/nofp/libnosys.a(sbrk.o)
 .ARM.attributes
                0x00000000000006f4       0x1e /usr/lib/gcc/arm-none-eabi/9.2.1/thumb/v6-m/nofp/libgcc.a(_udivsi3.o)
 .ARM.attributes
                0x0000000000000712       0x1e /usr/lib/gcc/arm-none-eabi/9.2.1/thumb/v6-m/nofp/libgcc.a(_dvmd_tls.o)
 .ARM.attributes
                0x0000000000000730       0x1e /usr/lib/gcc/arm-none-eabi/9.2.1/thumb/v6-m/nofp/libgcc.a(_aeabi_uldivmod.o)
 .ARM.attributes
                0x000000000000074e       0x2c /usr/lib/gcc/arm-none-eabi/9.2.1/thumb/v6-m/nofp/libgcc.a(_udivmoddi4.o)
 .ARM.attributes
                0x000000000000077a       0x1e /usr/lib/gcc/arm-none-eabi/9.2.1/thumb/v6-m/nofp/libgcc.a(_clzsi2.o)
 .ARM.attributes
                0x0000000000000798       0x1e /usr/lib/gcc/arm-none-eabi/9.2.1/thumb/v6-m/nofp/libgcc.a(_clzdi2.o)
 .ARM.attributes
                0x00000000000007b6       0x2c /usr/lib/gcc/arm-none-eabi/9.2.1/thumb/v6-m/nofp/crtend.o
 .ARM.attributes
                0x00000000000007e2       0x1e /usr/lib/gcc/arm-none-eabi/9.2.1/thumb/v6-m/nofp/crtn.o
OUTPUT(_build/SignBuddy.elf elf32-littlearm)
LOAD linker stubs
LOAD /usr/lib/gcc/arm-none-eabi/9.2.1/../../../arm-none-eabi/lib/thumb/v6-m/nofp/libc.a
LOAD /usr/lib/gcc/arm-none-eabi/9.2.1/../../../arm-none-eabi/lib/thumb/v6-m/nofp/libm.a
LOAD /usr/lib/gcc/arm-none-eabi/9.2.1/thumb/v6-m/nofp/libgcc.a

.comment        0x0000000000000000       0xa7
 .comment       0x0000000000000000       0x59 /usr/lib/gcc/arm-none-eabi/9.2.1/thumb/v6-m/nofp/crtbegin.o
                                         0x5a (size before relaxing)
 .comment       0x0000000000000059       0x5a _build/main.o
 .comment       0x0000000000000059       0x5a _build/adc.o
 .comment       0x0000000000000059       0x5a _build/ble_uart.o
 .comment       0x0000000000000059       0x5a _build/gpio.o
 .comment       0x0000000000000059       0x5a _build/i2c.o
 .comment       0x0000000000000059       0x5a _build/imu.o
 .comment       0x0000000000000059       0x5a _build/log_uart.o
 .comment       0x0000000000000059       0x5a _build/logger.o
 .comment       0x0000000000000059       0x5a _build/sensors.o
 .comment       0x0000000000000059       0x5a _build/system_stm32l0xx.o
 .comment       0x0000000000000059       0x5a _build/bno055.o
 .comment       0x0000000000000059       0x5a _build/fifo.o
 .comment       0x0000000000000059       0x5a _build/system_time.o
 .comment       0x0000000000000059       0x5a _build/stm32l0xx_ll_gpio.o
 .comment       0x0000000000000059       0x5a _build/stm32l0xx_ll_i2c.o
 .comment       0x0000000000000059       0x5a _build/stm32l0xx_ll_lpuart.o
 .comment       0x0000000000000059       0x5a _build/stm32l0xx_ll_rcc.o
 .comment       0x0000000000000059       0x5a _build/stm32l0xx_ll_tim.o
 .comment       0x0000000000000059       0x5a _build/stm32l0xx_ll_utils.o
 .comment       0x0000000000000059       0x5a _build/stm32l0xx_ll_usart.o
 .comment       0x0000000000000059       0x4e /usr/lib/gcc/arm-none-eabi/9.2.1/../../../arm-none-eabi/lib/thumb/v6-m/nofp/libc_nano.a(lib_a-impure.o)
                                         0x4f (size before relaxing)
 .comment       0x00000000000000a7       0x4f /usr/lib/gcc/arm-none-eabi/9.2.1/../../../arm-none-eabi/lib/thumb/v6-m/nofp/libc_nano.a(lib_a-init.o)
 .comment       0x00000000000000a7       0x4f /usr/lib/gcc/arm-none-eabi/9.2.1/../../../arm-none-eabi/lib/thumb/v6-m/nofp/libc_nano.a(lib_a-memset.o)
 .comment       0x00000000000000a7       0x4f /usr/lib/gcc/arm-none-eabi/9.2.1/../../../arm-none-eabi/lib/thumb/v6-m/nofp/libc_nano.a(lib_a-sprintf.o)
 .comment       0x00000000000000a7       0x4f /usr/lib/gcc/arm-none-eabi/9.2.1/../../../arm-none-eabi/lib/thumb/v6-m/nofp/libc_nano.a(lib_a-strlen-stub.o)
 .comment       0x00000000000000a7       0x4f /usr/lib/gcc/arm-none-eabi/9.2.1/../../../arm-none-eabi/lib/thumb/v6-m/nofp/libc_nano.a(lib_a-nano-svfprintf.o)
 .comment       0x00000000000000a7       0x4f /usr/lib/gcc/arm-none-eabi/9.2.1/../../../arm-none-eabi/lib/thumb/v6-m/nofp/libc_nano.a(lib_a-nano-vfprintf_i.o)
 .comment       0x00000000000000a7       0x4f /usr/lib/gcc/arm-none-eabi/9.2.1/../../../arm-none-eabi/lib/thumb/v6-m/nofp/libc_nano.a(lib_a-memchr-stub.o)
 .comment       0x00000000000000a7       0x4f /usr/lib/gcc/arm-none-eabi/9.2.1/../../../arm-none-eabi/lib/thumb/v6-m/nofp/libc_nano.a(lib_a-memcpy-stub.o)
 .comment       0x00000000000000a7       0x4f /usr/lib/gcc/arm-none-eabi/9.2.1/../../../arm-none-eabi/lib/thumb/v6-m/nofp/libc_nano.a(lib_a-memmove.o)
 .comment       0x00000000000000a7       0x4f /usr/lib/gcc/arm-none-eabi/9.2.1/../../../arm-none-eabi/lib/thumb/v6-m/nofp/libc_nano.a(lib_a-nano-freer.o)
 .comment       0x00000000000000a7       0x4f /usr/lib/gcc/arm-none-eabi/9.2.1/../../../arm-none-eabi/lib/thumb/v6-m/nofp/libc_nano.a(lib_a-nano-mallocr.o)
 .comment       0x00000000000000a7       0x4f /usr/lib/gcc/arm-none-eabi/9.2.1/../../../arm-none-eabi/lib/thumb/v6-m/nofp/libc_nano.a(lib_a-nano-reallocr.o)
 .comment       0x00000000000000a7       0x4f /usr/lib/gcc/arm-none-eabi/9.2.1/../../../arm-none-eabi/lib/thumb/v6-m/nofp/libc_nano.a(lib_a-sbrkr.o)
 .comment       0x00000000000000a7       0x4f /usr/lib/gcc/arm-none-eabi/9.2.1/../../../arm-none-eabi/lib/thumb/v6-m/nofp/libc_nano.a(lib_a-mlock.o)
 .comment       0x00000000000000a7       0x4f /usr/lib/gcc/arm-none-eabi/9.2.1/../../../arm-none-eabi/lib/thumb/v6-m/nofp/libc_nano.a(lib_a-nano-msizer.o)
 .comment       0x00000000000000a7       0x4f /usr/lib/gcc/arm-none-eabi/9.2.1/../../../arm-none-eabi/lib/thumb/v6-m/nofp/libc_nano.a(lib_a-reent.o)
 .comment       0x00000000000000a7       0x4f /usr/lib/gcc/arm-none-eabi/9.2.1/../../../arm-none-eabi/lib/thumb/v6-m/nofp/libnosys.a(sbrk.o)
 .comment       0x00000000000000a7       0x5a /usr/lib/gcc/arm-none-eabi/9.2.1/thumb/v6-m/nofp/libgcc.a(_udivmoddi4.o)
 .comment       0x00000000000000a7       0x5a /usr/lib/gcc/arm-none-eabi/9.2.1/thumb/v6-m/nofp/crtend.o

.debug_info     0x0000000000000000    0x2156a
 .debug_info    0x0000000000000000     0x1078 _build/main.o
 .debug_info    0x0000000000001078      0xc31 _build/adc.o
 .debug_info    0x0000000000001ca9      0xdb6 _build/ble_uart.o
 .debug_info    0x0000000000002a5f      0x4c0 _build/gpio.o
 .debug_info    0x0000000000002f1f      0xff8 _build/i2c.o
 .debug_info    0x0000000000003f17     0x12d6 _build/imu.o
 .debug_info    0x00000000000051ed     0x168a _build/log_uart.o
 .debug_info    0x0000000000006877      0x97b _build/logger.o
 .debug_info    0x00000000000071f2      0xaa3 _build/sensors.o
 .debug_info    0x0000000000007c95      0x39a _build/system_stm32l0xx.o
 .debug_info    0x000000000000802f     0x73cf _build/bno055.o
 .debug_info    0x000000000000f3fe      0x2e8 _build/fifo.o
 .debug_info    0x000000000000f6e6      0xb07 _build/system_time.o
 .debug_info    0x00000000000101ed      0x640 _build/stm32l0xx_ll_gpio.o
 .debug_info    0x000000000001082d      0x650 _build/stm32l0xx_ll_i2c.o
 .debug_info    0x0000000000010e7d      0x579 _build/stm32l0xx_ll_lpuart.o
 .debug_info    0x00000000000113f6      0x800 _build/stm32l0xx_ll_rcc.o
 .debug_info    0x0000000000011bf6      0xcb8 _build/stm32l0xx_ll_tim.o
 .debug_info    0x00000000000128ae      0x8bc _build/stm32l0xx_ll_utils.o
 .debug_info    0x000000000001316a      0x6f4 _build/stm32l0xx_ll_usart.o
 .debug_info    0x000000000001385e       0x22 _build/startup_stm32l053xx.o
 .debug_info    0x0000000000013880      0x92a /usr/lib/gcc/arm-none-eabi/9.2.1/../../../arm-none-eabi/lib/thumb/v6-m/nofp/libc_nano.a(lib_a-impure.o)
 .debug_info    0x00000000000141aa      0x11a /usr/lib/gcc/arm-none-eabi/9.2.1/../../../arm-none-eabi/lib/thumb/v6-m/nofp/libc_nano.a(lib_a-init.o)
 .debug_info    0x00000000000142c4      0xf21 /usr/lib/gcc/arm-none-eabi/9.2.1/../../../arm-none-eabi/lib/thumb/v6-m/nofp/libc_nano.a(lib_a-memset.o)
 .debug_info    0x00000000000151e5      0xc90 /usr/lib/gcc/arm-none-eabi/9.2.1/../../../arm-none-eabi/lib/thumb/v6-m/nofp/libc_nano.a(lib_a-sprintf.o)
 .debug_info    0x0000000000015e75      0x973 /usr/lib/gcc/arm-none-eabi/9.2.1/../../../arm-none-eabi/lib/thumb/v6-m/nofp/libc_nano.a(lib_a-strlen-stub.o)
 .debug_info    0x00000000000167e8     0x1811 /usr/lib/gcc/arm-none-eabi/9.2.1/../../../arm-none-eabi/lib/thumb/v6-m/nofp/libc_nano.a(lib_a-nano-svfprintf.o)
 .debug_info    0x0000000000017ff9     0x158d /usr/lib/gcc/arm-none-eabi/9.2.1/../../../arm-none-eabi/lib/thumb/v6-m/nofp/libc_nano.a(lib_a-nano-vfprintf_i.o)
 .debug_info    0x0000000000019586      0x9e3 /usr/lib/gcc/arm-none-eabi/9.2.1/../../../arm-none-eabi/lib/thumb/v6-m/nofp/libc_nano.a(lib_a-memchr-stub.o)
 .debug_info    0x0000000000019f69      0xf35 /usr/lib/gcc/arm-none-eabi/9.2.1/../../../arm-none-eabi/lib/thumb/v6-m/nofp/libc_nano.a(lib_a-memcpy-stub.o)
 .debug_info    0x000000000001ae9e      0xf2b /usr/lib/gcc/arm-none-eabi/9.2.1/../../../arm-none-eabi/lib/thumb/v6-m/nofp/libc_nano.a(lib_a-memmove.o)
 .debug_info    0x000000000001bdc9      0xb82 /usr/lib/gcc/arm-none-eabi/9.2.1/../../../arm-none-eabi/lib/thumb/v6-m/nofp/libc_nano.a(lib_a-nano-freer.o)
 .debug_info    0x000000000001c94b      0xc57 /usr/lib/gcc/arm-none-eabi/9.2.1/../../../arm-none-eabi/lib/thumb/v6-m/nofp/libc_nano.a(lib_a-nano-mallocr.o)
 .debug_info    0x000000000001d5a2      0xb76 /usr/lib/gcc/arm-none-eabi/9.2.1/../../../arm-none-eabi/lib/thumb/v6-m/nofp/libc_nano.a(lib_a-nano-reallocr.o)
 .debug_info    0x000000000001e118      0x9fb /usr/lib/gcc/arm-none-eabi/9.2.1/../../../arm-none-eabi/lib/thumb/v6-m/nofp/libc_nano.a(lib_a-sbrkr.o)
 .debug_info    0x000000000001eb13      0x961 /usr/lib/gcc/arm-none-eabi/9.2.1/../../../arm-none-eabi/lib/thumb/v6-m/nofp/libc_nano.a(lib_a-mlock.o)
 .debug_info    0x000000000001f474      0xaa6 /usr/lib/gcc/arm-none-eabi/9.2.1/../../../arm-none-eabi/lib/thumb/v6-m/nofp/libc_nano.a(lib_a-nano-msizer.o)
 .debug_info    0x000000000001ff1a      0xb0c /usr/lib/gcc/arm-none-eabi/9.2.1/../../../arm-none-eabi/lib/thumb/v6-m/nofp/libc_nano.a(lib_a-reent.o)
 .debug_info    0x0000000000020a26       0x9d /usr/lib/gcc/arm-none-eabi/9.2.1/../../../arm-none-eabi/lib/thumb/v6-m/nofp/libnosys.a(sbrk.o)
 .debug_info    0x0000000000020ac3       0x26 /usr/lib/gcc/arm-none-eabi/9.2.1/thumb/v6-m/nofp/libgcc.a(_udivsi3.o)
 .debug_info    0x0000000000020ae9       0x26 /usr/lib/gcc/arm-none-eabi/9.2.1/thumb/v6-m/nofp/libgcc.a(_dvmd_tls.o)
 .debug_info    0x0000000000020b0f       0x26 /usr/lib/gcc/arm-none-eabi/9.2.1/thumb/v6-m/nofp/libgcc.a(_aeabi_uldivmod.o)
 .debug_info    0x0000000000020b35      0x9e9 /usr/lib/gcc/arm-none-eabi/9.2.1/thumb/v6-m/nofp/libgcc.a(_udivmoddi4.o)
 .debug_info    0x000000000002151e       0x26 /usr/lib/gcc/arm-none-eabi/9.2.1/thumb/v6-m/nofp/libgcc.a(_clzsi2.o)
 .debug_info    0x0000000000021544       0x26 /usr/lib/gcc/arm-none-eabi/9.2.1/thumb/v6-m/nofp/libgcc.a(_clzdi2.o)

.debug_abbrev   0x0000000000000000     0x5154
 .debug_abbrev  0x0000000000000000      0x32d _build/main.o
 .debug_abbrev  0x000000000000032d      0x22e _build/adc.o
 .debug_abbrev  0x000000000000055b      0x331 _build/ble_uart.o
 .debug_abbrev  0x000000000000088c      0x17b _build/gpio.o
 .debug_abbrev  0x0000000000000a07      0x2db _build/i2c.o
 .debug_abbrev  0x0000000000000ce2      0x306 _build/imu.o
 .debug_abbrev  0x0000000000000fe8      0x407 _build/log_uart.o
 .debug_abbrev  0x00000000000013ef      0x1e1 _build/logger.o
 .debug_abbrev  0x00000000000015d0      0x246 _build/sensors.o
 .debug_abbrev  0x0000000000001816      0x116 _build/system_stm32l0xx.o
 .debug_abbrev  0x000000000000192c      0x161 _build/bno055.o
 .debug_abbrev  0x0000000000001a8d       0xdb _build/fifo.o
 .debug_abbrev  0x0000000000001b68      0x28b _build/system_time.o
 .debug_abbrev  0x0000000000001df3      0x1b5 _build/stm32l0xx_ll_gpio.o
 .debug_abbrev  0x0000000000001fa8      0x193 _build/stm32l0xx_ll_i2c.o
 .debug_abbrev  0x000000000000213b      0x1af _build/stm32l0xx_ll_lpuart.o
 .debug_abbrev  0x00000000000022ea      0x214 _build/stm32l0xx_ll_rcc.o
 .debug_abbrev  0x00000000000024fe      0x216 _build/stm32l0xx_ll_tim.o
 .debug_abbrev  0x0000000000002714      0x23f _build/stm32l0xx_ll_utils.o
 .debug_abbrev  0x0000000000002953      0x1de _build/stm32l0xx_ll_usart.o
 .debug_abbrev  0x0000000000002b31       0x12 _build/startup_stm32l053xx.o
 .debug_abbrev  0x0000000000002b43      0x17a /usr/lib/gcc/arm-none-eabi/9.2.1/../../../arm-none-eabi/lib/thumb/v6-m/nofp/libc_nano.a(lib_a-impure.o)
 .debug_abbrev  0x0000000000002cbd       0xcc /usr/lib/gcc/arm-none-eabi/9.2.1/../../../arm-none-eabi/lib/thumb/v6-m/nofp/libc_nano.a(lib_a-init.o)
 .debug_abbrev  0x0000000000002d89      0x1d9 /usr/lib/gcc/arm-none-eabi/9.2.1/../../../arm-none-eabi/lib/thumb/v6-m/nofp/libc_nano.a(lib_a-memset.o)
 .debug_abbrev  0x0000000000002f62      0x274 /usr/lib/gcc/arm-none-eabi/9.2.1/../../../arm-none-eabi/lib/thumb/v6-m/nofp/libc_nano.a(lib_a-sprintf.o)
 .debug_abbrev  0x00000000000031d6      0x1aa /usr/lib/gcc/arm-none-eabi/9.2.1/../../../arm-none-eabi/lib/thumb/v6-m/nofp/libc_nano.a(lib_a-strlen-stub.o)
 .debug_abbrev  0x0000000000003380      0x33f /usr/lib/gcc/arm-none-eabi/9.2.1/../../../arm-none-eabi/lib/thumb/v6-m/nofp/libc_nano.a(lib_a-nano-svfprintf.o)
 .debug_abbrev  0x00000000000036bf      0x30b /usr/lib/gcc/arm-none-eabi/9.2.1/../../../arm-none-eabi/lib/thumb/v6-m/nofp/libc_nano.a(lib_a-nano-vfprintf_i.o)
 .debug_abbrev  0x00000000000039ca      0x1d7 /usr/lib/gcc/arm-none-eabi/9.2.1/../../../arm-none-eabi/lib/thumb/v6-m/nofp/libc_nano.a(lib_a-memchr-stub.o)
 .debug_abbrev  0x0000000000003ba1      0x1e5 /usr/lib/gcc/arm-none-eabi/9.2.1/../../../arm-none-eabi/lib/thumb/v6-m/nofp/libc_nano.a(lib_a-memcpy-stub.o)
 .debug_abbrev  0x0000000000003d86      0x1de /usr/lib/gcc/arm-none-eabi/9.2.1/../../../arm-none-eabi/lib/thumb/v6-m/nofp/libc_nano.a(lib_a-memmove.o)
 .debug_abbrev  0x0000000000003f64      0x273 /usr/lib/gcc/arm-none-eabi/9.2.1/../../../arm-none-eabi/lib/thumb/v6-m/nofp/libc_nano.a(lib_a-nano-freer.o)
 .debug_abbrev  0x00000000000041d7      0x2d8 /usr/lib/gcc/arm-none-eabi/9.2.1/../../../arm-none-eabi/lib/thumb/v6-m/nofp/libc_nano.a(lib_a-nano-mallocr.o)
 .debug_abbrev  0x00000000000044af      0x227 /usr/lib/gcc/arm-none-eabi/9.2.1/../../../arm-none-eabi/lib/thumb/v6-m/nofp/libc_nano.a(lib_a-nano-reallocr.o)
 .debug_abbrev  0x00000000000046d6      0x212 /usr/lib/gcc/arm-none-eabi/9.2.1/../../../arm-none-eabi/lib/thumb/v6-m/nofp/libc_nano.a(lib_a-sbrkr.o)
 .debug_abbrev  0x00000000000048e8      0x1c5 /usr/lib/gcc/arm-none-eabi/9.2.1/../../../arm-none-eabi/lib/thumb/v6-m/nofp/libc_nano.a(lib_a-mlock.o)
 .debug_abbrev  0x0000000000004aad      0x1e5 /usr/lib/gcc/arm-none-eabi/9.2.1/../../../arm-none-eabi/lib/thumb/v6-m/nofp/libc_nano.a(lib_a-nano-msizer.o)
 .debug_abbrev  0x0000000000004c92      0x25a /usr/lib/gcc/arm-none-eabi/9.2.1/../../../arm-none-eabi/lib/thumb/v6-m/nofp/libc_nano.a(lib_a-reent.o)
 .debug_abbrev  0x0000000000004eec       0xa2 /usr/lib/gcc/arm-none-eabi/9.2.1/../../../arm-none-eabi/lib/thumb/v6-m/nofp/libnosys.a(sbrk.o)
 .debug_abbrev  0x0000000000004f8e       0x14 /usr/lib/gcc/arm-none-eabi/9.2.1/thumb/v6-m/nofp/libgcc.a(_udivsi3.o)
 .debug_abbrev  0x0000000000004fa2       0x14 /usr/lib/gcc/arm-none-eabi/9.2.1/thumb/v6-m/nofp/libgcc.a(_dvmd_tls.o)
 .debug_abbrev  0x0000000000004fb6       0x14 /usr/lib/gcc/arm-none-eabi/9.2.1/thumb/v6-m/nofp/libgcc.a(_aeabi_uldivmod.o)
 .debug_abbrev  0x0000000000004fca      0x162 /usr/lib/gcc/arm-none-eabi/9.2.1/thumb/v6-m/nofp/libgcc.a(_udivmoddi4.o)
 .debug_abbrev  0x000000000000512c       0x14 /usr/lib/gcc/arm-none-eabi/9.2.1/thumb/v6-m/nofp/libgcc.a(_clzsi2.o)
 .debug_abbrev  0x0000000000005140       0x14 /usr/lib/gcc/arm-none-eabi/9.2.1/thumb/v6-m/nofp/libgcc.a(_clzdi2.o)

.debug_aranges  0x0000000000000000     0x1700
 .debug_aranges
                0x0000000000000000       0xe8 _build/main.o
 .debug_aranges
                0x00000000000000e8       0xf8 _build/adc.o
 .debug_aranges
                0x00000000000001e0       0xb8 _build/ble_uart.o
 .debug_aranges
                0x0000000000000298       0x40 _build/gpio.o
 .debug_aranges
                0x00000000000002d8       0xa0 _build/i2c.o
 .debug_aranges
                0x0000000000000378       0x68 _build/imu.o
 .debug_aranges
                0x00000000000003e0       0xc0 _build/log_uart.o
 .debug_aranges
                0x00000000000004a0       0x20 _build/logger.o
 .debug_aranges
                0x00000000000004c0       0x38 _build/sensors.o
 .debug_aranges
                0x00000000000004f8       0x28 _build/system_stm32l0xx.o
 .debug_aranges
                0x0000000000000520      0x8b0 _build/bno055.o
 .debug_aranges
                0x0000000000000dd0       0x50 _build/fifo.o
 .debug_aranges
                0x0000000000000e20       0xa8 _build/system_time.o
 .debug_aranges
                0x0000000000000ec8       0x70 _build/stm32l0xx_ll_gpio.o
 .debug_aranges
                0x0000000000000f38       0x88 _build/stm32l0xx_ll_i2c.o
 .debug_aranges
                0x0000000000000fc0       0x60 _build/stm32l0xx_ll_lpuart.o
 .debug_aranges
                0x0000000000001020      0x148 _build/stm32l0xx_ll_rcc.o
 .debug_aranges
                0x0000000000001168      0x100 _build/stm32l0xx_ll_tim.o
 .debug_aranges
                0x0000000000001268       0xf0 _build/stm32l0xx_ll_utils.o
 .debug_aranges
                0x0000000000001358       0x88 _build/stm32l0xx_ll_usart.o
 .debug_aranges
                0x00000000000013e0       0x28 _build/startup_stm32l053xx.o
 .debug_aranges
                0x0000000000001408       0x18 /usr/lib/gcc/arm-none-eabi/9.2.1/../../../arm-none-eabi/lib/thumb/v6-m/nofp/libc_nano.a(lib_a-impure.o)
 .debug_aranges
                0x0000000000001420       0x20 /usr/lib/gcc/arm-none-eabi/9.2.1/../../../arm-none-eabi/lib/thumb/v6-m/nofp/libc_nano.a(lib_a-init.o)
 .debug_aranges
                0x0000000000001440       0x20 /usr/lib/gcc/arm-none-eabi/9.2.1/../../../arm-none-eabi/lib/thumb/v6-m/nofp/libc_nano.a(lib_a-memset.o)
 .debug_aranges
                0x0000000000001460       0x20 /usr/lib/gcc/arm-none-eabi/9.2.1/../../../arm-none-eabi/lib/thumb/v6-m/nofp/libc_nano.a(lib_a-sprintf.o)
 .debug_aranges
                0x0000000000001480       0x20 /usr/lib/gcc/arm-none-eabi/9.2.1/../../../arm-none-eabi/lib/thumb/v6-m/nofp/libc_nano.a(lib_a-strlen-stub.o)
 .debug_aranges
                0x00000000000014a0       0x20 /usr/lib/gcc/arm-none-eabi/9.2.1/../../../arm-none-eabi/lib/thumb/v6-m/nofp/libc_nano.a(lib_a-nano-svfprintf.o)
 .debug_aranges
                0x00000000000014c0       0x20 /usr/lib/gcc/arm-none-eabi/9.2.1/../../../arm-none-eabi/lib/thumb/v6-m/nofp/libc_nano.a(lib_a-nano-vfprintf_i.o)
 .debug_aranges
                0x00000000000014e0       0x20 /usr/lib/gcc/arm-none-eabi/9.2.1/../../../arm-none-eabi/lib/thumb/v6-m/nofp/libc_nano.a(lib_a-memchr-stub.o)
 .debug_aranges
                0x0000000000001500       0x20 /usr/lib/gcc/arm-none-eabi/9.2.1/../../../arm-none-eabi/lib/thumb/v6-m/nofp/libc_nano.a(lib_a-memcpy-stub.o)
 .debug_aranges
                0x0000000000001520       0x20 /usr/lib/gcc/arm-none-eabi/9.2.1/../../../arm-none-eabi/lib/thumb/v6-m/nofp/libc_nano.a(lib_a-memmove.o)
 .debug_aranges
                0x0000000000001540       0x20 /usr/lib/gcc/arm-none-eabi/9.2.1/../../../arm-none-eabi/lib/thumb/v6-m/nofp/libc_nano.a(lib_a-nano-freer.o)
 .debug_aranges
                0x0000000000001560       0x20 /usr/lib/gcc/arm-none-eabi/9.2.1/../../../arm-none-eabi/lib/thumb/v6-m/nofp/libc_nano.a(lib_a-nano-mallocr.o)
 .debug_aranges
                0x0000000000001580       0x20 /usr/lib/gcc/arm-none-eabi/9.2.1/../../../arm-none-eabi/lib/thumb/v6-m/nofp/libc_nano.a(lib_a-nano-reallocr.o)
 .debug_aranges
                0x00000000000015a0       0x20 /usr/lib/gcc/arm-none-eabi/9.2.1/../../../arm-none-eabi/lib/thumb/v6-m/nofp/libc_nano.a(lib_a-sbrkr.o)
 .debug_aranges
                0x00000000000015c0       0x20 /usr/lib/gcc/arm-none-eabi/9.2.1/../../../arm-none-eabi/lib/thumb/v6-m/nofp/libc_nano.a(lib_a-mlock.o)
 .debug_aranges
                0x00000000000015e0       0x20 /usr/lib/gcc/arm-none-eabi/9.2.1/../../../arm-none-eabi/lib/thumb/v6-m/nofp/libc_nano.a(lib_a-nano-msizer.o)
 .debug_aranges
                0x0000000000001600       0x20 /usr/lib/gcc/arm-none-eabi/9.2.1/../../../arm-none-eabi/lib/thumb/v6-m/nofp/libc_nano.a(lib_a-reent.o)
 .debug_aranges
                0x0000000000001620       0x20 /usr/lib/gcc/arm-none-eabi/9.2.1/../../../arm-none-eabi/lib/thumb/v6-m/nofp/libnosys.a(sbrk.o)
 .debug_aranges
                0x0000000000001640       0x20 /usr/lib/gcc/arm-none-eabi/9.2.1/thumb/v6-m/nofp/libgcc.a(_udivsi3.o)
 .debug_aranges
                0x0000000000001660       0x20 /usr/lib/gcc/arm-none-eabi/9.2.1/thumb/v6-m/nofp/libgcc.a(_dvmd_tls.o)
 .debug_aranges
                0x0000000000001680       0x20 /usr/lib/gcc/arm-none-eabi/9.2.1/thumb/v6-m/nofp/libgcc.a(_aeabi_uldivmod.o)
 .debug_aranges
                0x00000000000016a0       0x20 /usr/lib/gcc/arm-none-eabi/9.2.1/thumb/v6-m/nofp/libgcc.a(_udivmoddi4.o)
 .debug_aranges
                0x00000000000016c0       0x20 /usr/lib/gcc/arm-none-eabi/9.2.1/thumb/v6-m/nofp/libgcc.a(_clzsi2.o)
 .debug_aranges
                0x00000000000016e0       0x20 /usr/lib/gcc/arm-none-eabi/9.2.1/thumb/v6-m/nofp/libgcc.a(_clzdi2.o)

.debug_ranges   0x0000000000000000     0x1418
 .debug_ranges  0x0000000000000000       0xd8 _build/main.o
 .debug_ranges  0x00000000000000d8       0xe8 _build/adc.o
 .debug_ranges  0x00000000000001c0       0xa8 _build/ble_uart.o
 .debug_ranges  0x0000000000000268       0x30 _build/gpio.o
 .debug_ranges  0x0000000000000298       0x90 _build/i2c.o
 .debug_ranges  0x0000000000000328       0x58 _build/imu.o
 .debug_ranges  0x0000000000000380       0xb0 _build/log_uart.o
 .debug_ranges  0x0000000000000430       0x10 _build/logger.o
 .debug_ranges  0x0000000000000440       0x28 _build/sensors.o
 .debug_ranges  0x0000000000000468       0x18 _build/system_stm32l0xx.o
 .debug_ranges  0x0000000000000480      0x8a0 _build/bno055.o
 .debug_ranges  0x0000000000000d20       0x40 _build/fifo.o
 .debug_ranges  0x0000000000000d60       0x98 _build/system_time.o
 .debug_ranges  0x0000000000000df8       0x60 _build/stm32l0xx_ll_gpio.o
 .debug_ranges  0x0000000000000e58       0x78 _build/stm32l0xx_ll_i2c.o
 .debug_ranges  0x0000000000000ed0       0x50 _build/stm32l0xx_ll_lpuart.o
 .debug_ranges  0x0000000000000f20      0x138 _build/stm32l0xx_ll_rcc.o
 .debug_ranges  0x0000000000001058       0xf0 _build/stm32l0xx_ll_tim.o
 .debug_ranges  0x0000000000001148       0xe0 _build/stm32l0xx_ll_utils.o
 .debug_ranges  0x0000000000001228       0x78 _build/stm32l0xx_ll_usart.o
 .debug_ranges  0x00000000000012a0       0x20 _build/startup_stm32l053xx.o
 .debug_ranges  0x00000000000012c0       0x48 /usr/lib/gcc/arm-none-eabi/9.2.1/../../../arm-none-eabi/lib/thumb/v6-m/nofp/libc_nano.a(lib_a-nano-svfprintf.o)
 .debug_ranges  0x0000000000001308       0xc0 /usr/lib/gcc/arm-none-eabi/9.2.1/../../../arm-none-eabi/lib/thumb/v6-m/nofp/libc_nano.a(lib_a-nano-vfprintf_i.o)
 .debug_ranges  0x00000000000013c8       0x18 /usr/lib/gcc/arm-none-eabi/9.2.1/../../../arm-none-eabi/lib/thumb/v6-m/nofp/libc_nano.a(lib_a-nano-freer.o)
 .debug_ranges  0x00000000000013e0       0x38 /usr/lib/gcc/arm-none-eabi/9.2.1/../../../arm-none-eabi/lib/thumb/v6-m/nofp/libc_nano.a(lib_a-nano-mallocr.o)

.debug_macro    0x0000000000000000    0x13500
 .debug_macro   0x0000000000000000      0x308 _build/main.o
 .debug_macro   0x0000000000000308      0xa7e _build/main.o
 .debug_macro   0x0000000000000d86       0x2e _build/main.o
 .debug_macro   0x0000000000000db4       0x28 _build/main.o
 .debug_macro   0x0000000000000ddc      0x34e _build/main.o
 .debug_macro   0x000000000000112a       0x1c _build/main.o
 .debug_macro   0x0000000000001146       0x22 _build/main.o
 .debug_macro   0x0000000000001168       0xb5 _build/main.o
 .debug_macro   0x000000000000121d      0x4da _build/main.o
 .debug_macro   0x00000000000016f7      0x11f _build/main.o
 .debug_macro   0x0000000000001816     0x9d1b _build/main.o
 .debug_macro   0x000000000000b531       0x66 _build/main.o
 .debug_macro   0x000000000000b597      0x6f0 _build/main.o
 .debug_macro   0x000000000000bc87       0xfb _build/main.o
 .debug_macro   0x000000000000bd82      0x18a _build/main.o
 .debug_macro   0x000000000000bf0c      0x303 _build/main.o
 .debug_macro   0x000000000000c20f      0x109 _build/main.o
 .debug_macro   0x000000000000c318      0x12d _build/main.o
 .debug_macro   0x000000000000c445      0x24e _build/main.o
 .debug_macro   0x000000000000c693      0x229 _build/main.o
 .debug_macro   0x000000000000c8bc       0xc2 _build/main.o
 .debug_macro   0x000000000000c97e      0x43c _build/main.o
 .debug_macro   0x000000000000cdba      0x179 _build/main.o
 .debug_macro   0x000000000000cf33      0x57d _build/main.o
 .debug_macro   0x000000000000d4b0      0x2f7 _build/main.o
 .debug_macro   0x000000000000d7a7       0x2a _build/main.o
 .debug_macro   0x000000000000d7d1      0x12a _build/main.o
 .debug_macro   0x000000000000d8fb       0x22 _build/main.o
 .debug_macro   0x000000000000d91d       0x10 _build/main.o
 .debug_macro   0x000000000000d92d       0x3a _build/main.o
 .debug_macro   0x000000000000d967       0x16 _build/main.o
 .debug_macro   0x000000000000d97d       0x22 _build/main.o
 .debug_macro   0x000000000000d99f       0x52 _build/main.o
 .debug_macro   0x000000000000d9f1       0x18 _build/main.o
 .debug_macro   0x000000000000da09       0x94 _build/main.o
 .debug_macro   0x000000000000da9d       0x35 _build/main.o
 .debug_macro   0x000000000000dad2       0x34 _build/main.o
 .debug_macro   0x000000000000db06       0x16 _build/main.o
 .debug_macro   0x000000000000db1c       0x57 _build/main.o
 .debug_macro   0x000000000000db73       0x97 _build/main.o
 .debug_macro   0x000000000000dc0a      0x333 _build/main.o
 .debug_macro   0x000000000000df3d       0xfd _build/main.o
 .debug_macro   0x000000000000e03a       0x10 _build/main.o
 .debug_macro   0x000000000000e04a       0x16 _build/main.o
 .debug_macro   0x000000000000e060       0x43 _build/main.o
 .debug_macro   0x000000000000e0a3       0x34 _build/main.o
 .debug_macro   0x000000000000e0d7       0x10 _build/main.o
 .debug_macro   0x000000000000e0e7       0x52 _build/main.o
 .debug_macro   0x000000000000e139      0x182 _build/main.o
 .debug_macro   0x000000000000e2bb       0x10 _build/main.o
 .debug_macro   0x000000000000e2cb       0x6a _build/main.o
 .debug_macro   0x000000000000e335       0x1c _build/main.o
 .debug_macro   0x000000000000e351       0x52 _build/main.o
 .debug_macro   0x000000000000e3a3       0x22 _build/main.o
 .debug_macro   0x000000000000e3c5       0x10 _build/main.o
 .debug_macro   0x000000000000e3d5       0x40 _build/main.o
 .debug_macro   0x000000000000e415       0xd5 _build/main.o
 .debug_macro   0x000000000000e4ea       0x1c _build/main.o
 .debug_macro   0x000000000000e506       0x3d _build/main.o
 .debug_macro   0x000000000000e543       0x16 _build/main.o
 .debug_macro   0x000000000000e559      0x16f _build/main.o
 .debug_macro   0x000000000000e6c8       0x52 _build/main.o
 .debug_macro   0x000000000000e71a      0x14d _build/adc.o
 .debug_macro   0x000000000000e867      0x153 _build/ble_uart.o
 .debug_macro   0x000000000000e9ba      0x128 _build/gpio.o
 .debug_macro   0x000000000000eae2      0x2c9 _build/i2c.o
 .debug_macro   0x000000000000edab      0x2e2 _build/imu.o
 .debug_macro   0x000000000000f08d     0x1e64 _build/imu.o
 .debug_macro   0x0000000000010ef1      0x233 _build/log_uart.o
 .debug_macro   0x0000000000011124       0x10 _build/log_uart.o
 .debug_macro   0x0000000000011134      0x174 _build/log_uart.o
 .debug_macro   0x00000000000112a8       0x10 _build/log_uart.o
 .debug_macro   0x00000000000112b8       0x35 _build/log_uart.o
 .debug_macro   0x00000000000112ed      0x1eb _build/logger.o
 .debug_macro   0x00000000000114d8      0x339 _build/logger.o
 .debug_macro   0x0000000000011811       0x16 _build/logger.o
 .debug_macro   0x0000000000011827      0x22d _build/sensors.o
 .debug_macro   0x0000000000011a54       0x16 _build/sensors.o
 .debug_macro   0x0000000000011a6a       0x16 _build/sensors.o
 .debug_macro   0x0000000000011a80       0x29 _build/sensors.o
 .debug_macro   0x0000000000011aa9       0x93 _build/system_stm32l0xx.o
 .debug_macro   0x0000000000011b3c       0x2c _build/bno055.o
 .debug_macro   0x0000000000011b68       0x33 _build/fifo.o
 .debug_macro   0x0000000000011b9b      0x153 _build/system_time.o
 .debug_macro   0x0000000000011cee       0xbd _build/stm32l0xx_ll_gpio.o
 .debug_macro   0x0000000000011dab      0x127 _build/stm32l0xx_ll_gpio.o
 .debug_macro   0x0000000000011ed2       0xbd _build/stm32l0xx_ll_i2c.o
 .debug_macro   0x0000000000011f8f      0x248 _build/stm32l0xx_ll_i2c.o
 .debug_macro   0x00000000000121d7       0xd2 _build/stm32l0xx_ll_lpuart.o
 .debug_macro   0x00000000000122a9      0x223 _build/stm32l0xx_ll_lpuart.o
 .debug_macro   0x00000000000124cc       0xae _build/stm32l0xx_ll_rcc.o
 .debug_macro   0x000000000001257a      0x436 _build/stm32l0xx_ll_rcc.o
 .debug_macro   0x00000000000129b0       0xdb _build/stm32l0xx_ll_tim.o
 .debug_macro   0x0000000000012a8b      0x577 _build/stm32l0xx_ll_tim.o
 .debug_macro   0x0000000000013002      0x123 _build/stm32l0xx_ll_utils.o
 .debug_macro   0x0000000000013125       0xea _build/stm32l0xx_ll_usart.o
 .debug_macro   0x000000000001320f      0x2f1 _build/stm32l0xx_ll_usart.o

.debug_line     0x0000000000000000    0x1113f
 .debug_line    0x0000000000000000      0x914 _build/main.o
 .debug_line    0x0000000000000914      0x774 _build/adc.o
 .debug_line    0x0000000000001088      0x772 _build/ble_uart.o
 .debug_line    0x00000000000017fa      0x3c2 _build/gpio.o
 .debug_line    0x0000000000001bbc      0x7c0 _build/i2c.o
 .debug_line    0x000000000000237c      0x6e6 _build/imu.o
 .debug_line    0x0000000000002a62      0x8b5 _build/log_uart.o
 .debug_line    0x0000000000003317      0x29b _build/logger.o
 .debug_line    0x00000000000035b2      0x36c _build/sensors.o
 .debug_line    0x000000000000391e      0x267 _build/system_stm32l0xx.o
 .debug_line    0x0000000000003b85     0x7501 _build/bno055.o
 .debug_line    0x000000000000b086      0x2ba _build/fifo.o
 .debug_line    0x000000000000b340      0x637 _build/system_time.o
 .debug_line    0x000000000000b977      0x3b9 _build/stm32l0xx_ll_gpio.o
 .debug_line    0x000000000000bd30      0x3ac _build/stm32l0xx_ll_i2c.o
 .debug_line    0x000000000000c0dc      0x36e _build/stm32l0xx_ll_lpuart.o
 .debug_line    0x000000000000c44a      0x891 _build/stm32l0xx_ll_rcc.o
 .debug_line    0x000000000000ccdb      0x69f _build/stm32l0xx_ll_tim.o
 .debug_line    0x000000000000d37a      0x6ae _build/stm32l0xx_ll_utils.o
 .debug_line    0x000000000000da28      0x443 _build/stm32l0xx_ll_usart.o
 .debug_line    0x000000000000de6b       0x78 _build/startup_stm32l053xx.o
 .debug_line    0x000000000000dee3       0xe3 /usr/lib/gcc/arm-none-eabi/9.2.1/../../../arm-none-eabi/lib/thumb/v6-m/nofp/libc_nano.a(lib_a-impure.o)
 .debug_line    0x000000000000dfc6       0xfc /usr/lib/gcc/arm-none-eabi/9.2.1/../../../arm-none-eabi/lib/thumb/v6-m/nofp/libc_nano.a(lib_a-init.o)
 .debug_line    0x000000000000e0c2      0x281 /usr/lib/gcc/arm-none-eabi/9.2.1/../../../arm-none-eabi/lib/thumb/v6-m/nofp/libc_nano.a(lib_a-memset.o)
 .debug_line    0x000000000000e343      0x225 /usr/lib/gcc/arm-none-eabi/9.2.1/../../../arm-none-eabi/lib/thumb/v6-m/nofp/libc_nano.a(lib_a-sprintf.o)
 .debug_line    0x000000000000e568      0x1c2 /usr/lib/gcc/arm-none-eabi/9.2.1/../../../arm-none-eabi/lib/thumb/v6-m/nofp/libc_nano.a(lib_a-strlen-stub.o)
 .debug_line    0x000000000000e72a      0x8cc /usr/lib/gcc/arm-none-eabi/9.2.1/../../../arm-none-eabi/lib/thumb/v6-m/nofp/libc_nano.a(lib_a-nano-svfprintf.o)
 .debug_line    0x000000000000eff6      0x7a6 /usr/lib/gcc/arm-none-eabi/9.2.1/../../../arm-none-eabi/lib/thumb/v6-m/nofp/libc_nano.a(lib_a-nano-vfprintf_i.o)
 .debug_line    0x000000000000f79c      0x212 /usr/lib/gcc/arm-none-eabi/9.2.1/../../../arm-none-eabi/lib/thumb/v6-m/nofp/libc_nano.a(lib_a-memchr-stub.o)
 .debug_line    0x000000000000f9ae      0x24d /usr/lib/gcc/arm-none-eabi/9.2.1/../../../arm-none-eabi/lib/thumb/v6-m/nofp/libc_nano.a(lib_a-memcpy-stub.o)
 .debug_line    0x000000000000fbfb      0x28a /usr/lib/gcc/arm-none-eabi/9.2.1/../../../arm-none-eabi/lib/thumb/v6-m/nofp/libc_nano.a(lib_a-memmove.o)
 .debug_line    0x000000000000fe85      0x2ab /usr/lib/gcc/arm-none-eabi/9.2.1/../../../arm-none-eabi/lib/thumb/v6-m/nofp/libc_nano.a(lib_a-nano-freer.o)
 .debug_line    0x0000000000010130      0x2f2 /usr/lib/gcc/arm-none-eabi/9.2.1/../../../arm-none-eabi/lib/thumb/v6-m/nofp/libc_nano.a(lib_a-nano-mallocr.o)
 .debug_line    0x0000000000010422      0x1b5 /usr/lib/gcc/arm-none-eabi/9.2.1/../../../arm-none-eabi/lib/thumb/v6-m/nofp/libc_nano.a(lib_a-nano-reallocr.o)
 .debug_line    0x00000000000105d7      0x185 /usr/lib/gcc/arm-none-eabi/9.2.1/../../../arm-none-eabi/lib/thumb/v6-m/nofp/libc_nano.a(lib_a-sbrkr.o)
 .debug_line    0x000000000001075c      0x13d /usr/lib/gcc/arm-none-eabi/9.2.1/../../../arm-none-eabi/lib/thumb/v6-m/nofp/libc_nano.a(lib_a-mlock.o)
 .debug_line    0x0000000000010899      0x168 /usr/lib/gcc/arm-none-eabi/9.2.1/../../../arm-none-eabi/lib/thumb/v6-m/nofp/libc_nano.a(lib_a-nano-msizer.o)
 .debug_line    0x0000000000010a01      0x264 /usr/lib/gcc/arm-none-eabi/9.2.1/../../../arm-none-eabi/lib/thumb/v6-m/nofp/libc_nano.a(lib_a-reent.o)
 .debug_line    0x0000000000010c65       0x7d /usr/lib/gcc/arm-none-eabi/9.2.1/../../../arm-none-eabi/lib/thumb/v6-m/nofp/libnosys.a(sbrk.o)
 .debug_line    0x0000000000010ce2       0x6c /usr/lib/gcc/arm-none-eabi/9.2.1/thumb/v6-m/nofp/libgcc.a(_udivsi3.o)
 .debug_line    0x0000000000010d4e       0x60 /usr/lib/gcc/arm-none-eabi/9.2.1/thumb/v6-m/nofp/libgcc.a(_dvmd_tls.o)
 .debug_line    0x0000000000010dae       0x6b /usr/lib/gcc/arm-none-eabi/9.2.1/thumb/v6-m/nofp/libgcc.a(_aeabi_uldivmod.o)
 .debug_line    0x0000000000010e19      0x248 /usr/lib/gcc/arm-none-eabi/9.2.1/thumb/v6-m/nofp/libgcc.a(_udivmoddi4.o)
 .debug_line    0x0000000000011061       0x74 /usr/lib/gcc/arm-none-eabi/9.2.1/thumb/v6-m/nofp/libgcc.a(_clzsi2.o)
 .debug_line    0x00000000000110d5       0x6a /usr/lib/gcc/arm-none-eabi/9.2.1/thumb/v6-m/nofp/libgcc.a(_clzdi2.o)

.debug_str      0x0000000000000000    0x65c68
 .debug_str     0x0000000000000000    0x51c1e _build/main.o
                                      0x51fd3 (size before relaxing)
 .debug_str     0x0000000000051c1e      0x57f _build/adc.o
                                      0x4ded7 (size before relaxing)
 .debug_str     0x000000000005219d      0x254 _build/ble_uart.o
                                      0x4de82 (size before relaxing)
 .debug_str     0x00000000000523f1       0xd6 _build/gpio.o
                                      0x4d840 (size before relaxing)
 .debug_str     0x00000000000524c7      0x253 _build/i2c.o
                                      0x51e18 (size before relaxing)
 .debug_str     0x000000000005271a     0xa996 _build/imu.o
                                      0x5c796 (size before relaxing)
 .debug_str     0x000000000005d0b0      0x17e _build/log_uart.o
                                      0x50f73 (size before relaxing)
 .debug_str     0x000000000005d22e       0x3e _build/logger.o
                                       0x7c39 (size before relaxing)
 .debug_str     0x000000000005d26c      0x158 _build/sensors.o
                                       0x7efa (size before relaxing)
 .debug_str     0x000000000005d3c4       0xcc _build/system_stm32l0xx.o
                                      0x3ce6f (size before relaxing)
 .debug_str     0x000000000005d490     0x2b62 _build/bno055.o
                                      0x11158 (size before relaxing)
 .debug_str     0x000000000005fff2       0xca _build/fifo.o
                                       0x38e5 (size before relaxing)
 .debug_str     0x00000000000600bc      0x2c4 _build/system_time.o
                                      0x4ddf7 (size before relaxing)
 .debug_str     0x0000000000060380      0x593 _build/stm32l0xx_ll_gpio.o
                                      0x3e146 (size before relaxing)
 .debug_str     0x0000000000060913      0x426 _build/stm32l0xx_ll_i2c.o
                                      0x3e891 (size before relaxing)
 .debug_str     0x0000000000060d39      0x542 _build/stm32l0xx_ll_lpuart.o
                                      0x402b3 (size before relaxing)
 .debug_str     0x000000000006127b      0x604 _build/stm32l0xx_ll_rcc.o
                                      0x3f087 (size before relaxing)
 .debug_str     0x000000000006187f      0xe14 _build/stm32l0xx_ll_tim.o
                                      0x40f68 (size before relaxing)
 .debug_str     0x0000000000062693      0xce7 _build/stm32l0xx_ll_utils.o
                                      0x407e4 (size before relaxing)
 .debug_str     0x000000000006337a      0x826 _build/stm32l0xx_ll_usart.o
                                      0x40a68 (size before relaxing)
 .debug_str     0x0000000000063ba0       0x22 _build/startup_stm32l053xx.o
                                         0x44 (size before relaxing)
 .debug_str     0x0000000000063bc2      0x1a3 /usr/lib/gcc/arm-none-eabi/9.2.1/../../../arm-none-eabi/lib/thumb/v6-m/nofp/libc_nano.a(lib_a-impure.o)
                                        0x5db (size before relaxing)
 .debug_str     0x0000000000063d65       0xec /usr/lib/gcc/arm-none-eabi/9.2.1/../../../arm-none-eabi/lib/thumb/v6-m/nofp/libc_nano.a(lib_a-init.o)
                                        0x222 (size before relaxing)
 .debug_str     0x0000000000063e51      0x309 /usr/lib/gcc/arm-none-eabi/9.2.1/../../../arm-none-eabi/lib/thumb/v6-m/nofp/libc_nano.a(lib_a-memset.o)
                                        0x908 (size before relaxing)
 .debug_str     0x000000000006415a      0x1d6 /usr/lib/gcc/arm-none-eabi/9.2.1/../../../arm-none-eabi/lib/thumb/v6-m/nofp/libc_nano.a(lib_a-sprintf.o)
                                        0x756 (size before relaxing)
 .debug_str     0x0000000000064330       0xab /usr/lib/gcc/arm-none-eabi/9.2.1/../../../arm-none-eabi/lib/thumb/v6-m/nofp/libc_nano.a(lib_a-strlen-stub.o)
                                        0x604 (size before relaxing)
 .debug_str     0x00000000000643db      0x1c0 /usr/lib/gcc/arm-none-eabi/9.2.1/../../../arm-none-eabi/lib/thumb/v6-m/nofp/libc_nano.a(lib_a-nano-svfprintf.o)
                                        0xc0e (size before relaxing)
 .debug_str     0x000000000006459b       0x94 /usr/lib/gcc/arm-none-eabi/9.2.1/../../../arm-none-eabi/lib/thumb/v6-m/nofp/libc_nano.a(lib_a-nano-vfprintf_i.o)
                                        0xba5 (size before relaxing)
 .debug_str     0x000000000006462f       0x4f /usr/lib/gcc/arm-none-eabi/9.2.1/../../../arm-none-eabi/lib/thumb/v6-m/nofp/libc_nano.a(lib_a-memchr-stub.o)
                                        0x60b (size before relaxing)
 .debug_str     0x000000000006467e       0x68 /usr/lib/gcc/arm-none-eabi/9.2.1/../../../arm-none-eabi/lib/thumb/v6-m/nofp/libc_nano.a(lib_a-memcpy-stub.o)
                                        0x92d (size before relaxing)
 .debug_str     0x00000000000646e6       0x3e /usr/lib/gcc/arm-none-eabi/9.2.1/../../../arm-none-eabi/lib/thumb/v6-m/nofp/libc_nano.a(lib_a-memmove.o)
                                        0x927 (size before relaxing)
 .debug_str     0x0000000000064724      0x17e /usr/lib/gcc/arm-none-eabi/9.2.1/../../../arm-none-eabi/lib/thumb/v6-m/nofp/libc_nano.a(lib_a-nano-freer.o)
                                        0x70b (size before relaxing)
 .debug_str     0x00000000000648a2       0x32 /usr/lib/gcc/arm-none-eabi/9.2.1/../../../arm-none-eabi/lib/thumb/v6-m/nofp/libc_nano.a(lib_a-nano-mallocr.o)
                                        0x722 (size before relaxing)
 .debug_str     0x00000000000648d4       0x23 /usr/lib/gcc/arm-none-eabi/9.2.1/../../../arm-none-eabi/lib/thumb/v6-m/nofp/libc_nano.a(lib_a-nano-reallocr.o)
                                        0x708 (size before relaxing)
 .debug_str     0x00000000000648f7       0x3d /usr/lib/gcc/arm-none-eabi/9.2.1/../../../arm-none-eabi/lib/thumb/v6-m/nofp/libc_nano.a(lib_a-sbrkr.o)
                                        0x61e (size before relaxing)
 .debug_str     0x0000000000064934       0x4c /usr/lib/gcc/arm-none-eabi/9.2.1/../../../arm-none-eabi/lib/thumb/v6-m/nofp/libc_nano.a(lib_a-mlock.o)
                                        0x607 (size before relaxing)
 .debug_str     0x0000000000064980        0xf /usr/lib/gcc/arm-none-eabi/9.2.1/../../../arm-none-eabi/lib/thumb/v6-m/nofp/libc_nano.a(lib_a-nano-msizer.o)
                                        0x6e6 (size before relaxing)
 .debug_str     0x000000000006498f       0x5e /usr/lib/gcc/arm-none-eabi/9.2.1/../../../arm-none-eabi/lib/thumb/v6-m/nofp/libc_nano.a(lib_a-reent.o)
                                        0x617 (size before relaxing)
 .debug_str     0x00000000000649ed      0x10f /usr/lib/gcc/arm-none-eabi/9.2.1/../../../arm-none-eabi/lib/thumb/v6-m/nofp/libnosys.a(sbrk.o)
                                        0x128 (size before relaxing)
 .debug_str     0x0000000000064afc       0x97 /usr/lib/gcc/arm-none-eabi/9.2.1/thumb/v6-m/nofp/libgcc.a(_udivsi3.o)
                                         0xa3 (size before relaxing)
 .debug_str     0x0000000000064b93       0xa3 /usr/lib/gcc/arm-none-eabi/9.2.1/thumb/v6-m/nofp/libgcc.a(_dvmd_tls.o)
 .debug_str     0x0000000000064b93       0x30 /usr/lib/gcc/arm-none-eabi/9.2.1/thumb/v6-m/nofp/libgcc.a(_aeabi_uldivmod.o)
                                         0xa3 (size before relaxing)
 .debug_str     0x0000000000064bc3     0x10a5 /usr/lib/gcc/arm-none-eabi/9.2.1/thumb/v6-m/nofp/libgcc.a(_udivmoddi4.o)
                                       0x1198 (size before relaxing)
 .debug_str     0x0000000000065c68       0xa3 /usr/lib/gcc/arm-none-eabi/9.2.1/thumb/v6-m/nofp/libgcc.a(_clzsi2.o)
 .debug_str     0x0000000000065c68       0xa3 /usr/lib/gcc/arm-none-eabi/9.2.1/thumb/v6-m/nofp/libgcc.a(_clzdi2.o)

.debug_frame    0x0000000000000000     0x5100
 .debug_frame   0x0000000000000000      0x330 _build/main.o
 .debug_frame   0x0000000000000330      0x388 _build/adc.o
 .debug_frame   0x00000000000006b8      0x288 _build/ble_uart.o
 .debug_frame   0x0000000000000940       0xb0 _build/gpio.o
 .debug_frame   0x00000000000009f0      0x234 _build/i2c.o
 .debug_frame   0x0000000000000c24      0x150 _build/imu.o
 .debug_frame   0x0000000000000d74      0x2a8 _build/log_uart.o
 .debug_frame   0x000000000000101c       0x30 _build/logger.o
 .debug_frame   0x000000000000104c       0x90 _build/sensors.o
 .debug_frame   0x00000000000010dc       0x4c _build/system_stm32l0xx.o
 .debug_frame   0x0000000000001128     0x26bc _build/bno055.o
 .debug_frame   0x00000000000037e4       0xf0 _build/fifo.o
 .debug_frame   0x00000000000038d4      0x24c _build/system_time.o
 .debug_frame   0x0000000000003b20      0x170 _build/stm32l0xx_ll_gpio.o
 .debug_frame   0x0000000000003c90      0x1d0 _build/stm32l0xx_ll_i2c.o
 .debug_frame   0x0000000000003e60      0x134 _build/stm32l0xx_ll_lpuart.o
 .debug_frame   0x0000000000003f94      0x488 _build/stm32l0xx_ll_rcc.o
 .debug_frame   0x000000000000441c      0x3b0 _build/stm32l0xx_ll_tim.o
 .debug_frame   0x00000000000047cc      0x344 _build/stm32l0xx_ll_utils.o
 .debug_frame   0x0000000000004b10      0x1d0 _build/stm32l0xx_ll_usart.o
 .debug_frame   0x0000000000004ce0       0x2c /usr/lib/gcc/arm-none-eabi/9.2.1/../../../arm-none-eabi/lib/thumb/v6-m/nofp/libc_nano.a(lib_a-init.o)
 .debug_frame   0x0000000000004d0c       0x30 /usr/lib/gcc/arm-none-eabi/9.2.1/../../../arm-none-eabi/lib/thumb/v6-m/nofp/libc_nano.a(lib_a-memset.o)
 .debug_frame   0x0000000000004d3c       0x48 /usr/lib/gcc/arm-none-eabi/9.2.1/../../../arm-none-eabi/lib/thumb/v6-m/nofp/libc_nano.a(lib_a-sprintf.o)
 .debug_frame   0x0000000000004d84       0x28 /usr/lib/gcc/arm-none-eabi/9.2.1/../../../arm-none-eabi/lib/thumb/v6-m/nofp/libc_nano.a(lib_a-strlen-stub.o)
 .debug_frame   0x0000000000004dac       0x90 /usr/lib/gcc/arm-none-eabi/9.2.1/../../../arm-none-eabi/lib/thumb/v6-m/nofp/libc_nano.a(lib_a-nano-svfprintf.o)
 .debug_frame   0x0000000000004e3c       0x64 /usr/lib/gcc/arm-none-eabi/9.2.1/../../../arm-none-eabi/lib/thumb/v6-m/nofp/libc_nano.a(lib_a-nano-vfprintf_i.o)
 .debug_frame   0x0000000000004ea0       0x2c /usr/lib/gcc/arm-none-eabi/9.2.1/../../../arm-none-eabi/lib/thumb/v6-m/nofp/libc_nano.a(lib_a-memchr-stub.o)
 .debug_frame   0x0000000000004ecc       0x34 /usr/lib/gcc/arm-none-eabi/9.2.1/../../../arm-none-eabi/lib/thumb/v6-m/nofp/libc_nano.a(lib_a-memcpy-stub.o)
 .debug_frame   0x0000000000004f00       0x34 /usr/lib/gcc/arm-none-eabi/9.2.1/../../../arm-none-eabi/lib/thumb/v6-m/nofp/libc_nano.a(lib_a-memmove.o)
 .debug_frame   0x0000000000004f34       0x2c /usr/lib/gcc/arm-none-eabi/9.2.1/../../../arm-none-eabi/lib/thumb/v6-m/nofp/libc_nano.a(lib_a-nano-freer.o)
 .debug_frame   0x0000000000004f60       0x30 /usr/lib/gcc/arm-none-eabi/9.2.1/../../../arm-none-eabi/lib/thumb/v6-m/nofp/libc_nano.a(lib_a-nano-mallocr.o)
 .debug_frame   0x0000000000004f90       0x30 /usr/lib/gcc/arm-none-eabi/9.2.1/../../../arm-none-eabi/lib/thumb/v6-m/nofp/libc_nano.a(lib_a-nano-reallocr.o)
 .debug_frame   0x0000000000004fc0       0x2c /usr/lib/gcc/arm-none-eabi/9.2.1/../../../arm-none-eabi/lib/thumb/v6-m/nofp/libc_nano.a(lib_a-sbrkr.o)
 .debug_frame   0x0000000000004fec       0x30 /usr/lib/gcc/arm-none-eabi/9.2.1/../../../arm-none-eabi/lib/thumb/v6-m/nofp/libc_nano.a(lib_a-mlock.o)
 .debug_frame   0x000000000000501c       0x20 /usr/lib/gcc/arm-none-eabi/9.2.1/../../../arm-none-eabi/lib/thumb/v6-m/nofp/libc_nano.a(lib_a-nano-msizer.o)
 .debug_frame   0x000000000000503c       0x48 /usr/lib/gcc/arm-none-eabi/9.2.1/../../../arm-none-eabi/lib/thumb/v6-m/nofp/libc_nano.a(lib_a-reent.o)
 .debug_frame   0x0000000000005084       0x20 /usr/lib/gcc/arm-none-eabi/9.2.1/../../../arm-none-eabi/lib/thumb/v6-m/nofp/libnosys.a(sbrk.o)
 .debug_frame   0x00000000000050a4       0x20 /usr/lib/gcc/arm-none-eabi/9.2.1/thumb/v6-m/nofp/libgcc.a(_udivsi3.o)
 .debug_frame   0x00000000000050c4       0x3c /usr/lib/gcc/arm-none-eabi/9.2.1/thumb/v6-m/nofp/libgcc.a(_udivmoddi4.o)

.debug_loc      0x0000000000000000     0x2ebe
 .debug_loc     0x0000000000000000       0x98 /usr/lib/gcc/arm-none-eabi/9.2.1/../../../arm-none-eabi/lib/thumb/v6-m/nofp/libc_nano.a(lib_a-init.o)
 .debug_loc     0x0000000000000098      0x2df /usr/lib/gcc/arm-none-eabi/9.2.1/../../../arm-none-eabi/lib/thumb/v6-m/nofp/libc_nano.a(lib_a-memset.o)
 .debug_loc     0x0000000000000377       0xd3 /usr/lib/gcc/arm-none-eabi/9.2.1/../../../arm-none-eabi/lib/thumb/v6-m/nofp/libc_nano.a(lib_a-sprintf.o)
 .debug_loc     0x000000000000044a       0xa3 /usr/lib/gcc/arm-none-eabi/9.2.1/../../../arm-none-eabi/lib/thumb/v6-m/nofp/libc_nano.a(lib_a-strlen-stub.o)
 .debug_loc     0x00000000000004ed      0x9e4 /usr/lib/gcc/arm-none-eabi/9.2.1/../../../arm-none-eabi/lib/thumb/v6-m/nofp/libc_nano.a(lib_a-nano-svfprintf.o)