Archive member included to satisfy reference by file (symbol)

/Applications/ARM/bin/../lib/gcc/arm-none-eabi/10.2.1/../../../../arm-none-eabi/lib/thumb/v6-m/nofp/libc_nano.a(lib_a-exit.o)
                              /Applications/ARM/bin/../lib/gcc/arm-none-eabi/10.2.1/../../../../arm-none-eabi/lib/thumb/v6-m/nofp/crt0.o (exit)
/Applications/ARM/bin/../lib/gcc/arm-none-eabi/10.2.1/../../../../arm-none-eabi/lib/thumb/v6-m/nofp/libc_nano.a(lib_a-impure.o)
                              /Applications/ARM/bin/../lib/gcc/arm-none-eabi/10.2.1/../../../../arm-none-eabi/lib/thumb/v6-m/nofp/libc_nano.a(lib_a-exit.o) (_global_impure_ptr)
/Applications/ARM/bin/../lib/gcc/arm-none-eabi/10.2.1/../../../../arm-none-eabi/lib/thumb/v6-m/nofp/libc_nano.a(lib_a-init.o)
                              /Applications/ARM/bin/../lib/gcc/arm-none-eabi/10.2.1/../../../../arm-none-eabi/lib/thumb/v6-m/nofp/crt0.o (__libc_init_array)
/Applications/ARM/bin/../lib/gcc/arm-none-eabi/10.2.1/../../../../arm-none-eabi/lib/thumb/v6-m/nofp/libc_nano.a(lib_a-memset.o)
                              /Applications/ARM/bin/../lib/gcc/arm-none-eabi/10.2.1/../../../../arm-none-eabi/lib/thumb/v6-m/nofp/crt0.o (memset)
/Applications/ARM/bin/../lib/gcc/arm-none-eabi/10.2.1/../../../../arm-none-eabi/lib/thumb/v6-m/nofp/libc_nano.a(lib_a-sprintf.o)
                              _build/main.o (sprintf)
/Applications/ARM/bin/../lib/gcc/arm-none-eabi/10.2.1/../../../../arm-none-eabi/lib/thumb/v6-m/nofp/libc_nano.a(lib_a-strlen.o)
                              _build/logger.o (strlen)
/Applications/ARM/bin/../lib/gcc/arm-none-eabi/10.2.1/../../../../arm-none-eabi/lib/thumb/v6-m/nofp/libc_nano.a(lib_a-nano-svfprintf.o)
                              /Applications/ARM/bin/../lib/gcc/arm-none-eabi/10.2.1/../../../../arm-none-eabi/lib/thumb/v6-m/nofp/libc_nano.a(lib_a-sprintf.o) (_svfprintf_r)
/Applications/ARM/bin/../lib/gcc/arm-none-eabi/10.2.1/../../../../arm-none-eabi/lib/thumb/v6-m/nofp/libc_nano.a(lib_a-nano-vfprintf_i.o)
                              /Applications/ARM/bin/../lib/gcc/arm-none-eabi/10.2.1/../../../../arm-none-eabi/lib/thumb/v6-m/nofp/libc_nano.a(lib_a-nano-svfprintf.o) (_printf_i)
/Applications/ARM/bin/../lib/gcc/arm-none-eabi/10.2.1/../../../../arm-none-eabi/lib/thumb/v6-m/nofp/libc_nano.a(lib_a-memchr-stub.o)
                              /Applications/ARM/bin/../lib/gcc/arm-none-eabi/10.2.1/../../../../arm-none-eabi/lib/thumb/v6-m/nofp/libc_nano.a(lib_a-nano-svfprintf.o) (memchr)
/Applications/ARM/bin/../lib/gcc/arm-none-eabi/10.2.1/../../../../arm-none-eabi/lib/thumb/v6-m/nofp/libc_nano.a(lib_a-memcpy-stub.o)
                              /Applications/ARM/bin/../lib/gcc/arm-none-eabi/10.2.1/../../../../arm-none-eabi/lib/thumb/v6-m/nofp/libc_nano.a(lib_a-nano-svfprintf.o) (memcpy)
/Applications/ARM/bin/../lib/gcc/arm-none-eabi/10.2.1/../../../../arm-none-eabi/lib/thumb/v6-m/nofp/libc_nano.a(lib_a-memmove.o)
                              /Applications/ARM/bin/../lib/gcc/arm-none-eabi/10.2.1/../../../../arm-none-eabi/lib/thumb/v6-m/nofp/libc_nano.a(lib_a-nano-svfprintf.o) (memmove)
/Applications/ARM/bin/../lib/gcc/arm-none-eabi/10.2.1/../../../../arm-none-eabi/lib/thumb/v6-m/nofp/libc_nano.a(lib_a-nano-freer.o)
                              /Applications/ARM/bin/../lib/gcc/arm-none-eabi/10.2.1/../../../../arm-none-eabi/lib/thumb/v6-m/nofp/libc_nano.a(lib_a-nano-svfprintf.o) (_free_r)
/Applications/ARM/bin/../lib/gcc/arm-none-eabi/10.2.1/../../../../arm-none-eabi/lib/thumb/v6-m/nofp/libc_nano.a(lib_a-nano-mallocr.o)
                              /Applications/ARM/bin/../lib/gcc/arm-none-eabi/10.2.1/../../../../arm-none-eabi/lib/thumb/v6-m/nofp/libc_nano.a(lib_a-nano-svfprintf.o) (_malloc_r)
/Applications/ARM/bin/../lib/gcc/arm-none-eabi/10.2.1/../../../../arm-none-eabi/lib/thumb/v6-m/nofp/libc_nano.a(lib_a-nano-reallocr.o)
                              /Applications/ARM/bin/../lib/gcc/arm-none-eabi/10.2.1/../../../../arm-none-eabi/lib/thumb/v6-m/nofp/libc_nano.a(lib_a-nano-svfprintf.o) (_realloc_r)
/Applications/ARM/bin/../lib/gcc/arm-none-eabi/10.2.1/../../../../arm-none-eabi/lib/thumb/v6-m/nofp/libc_nano.a(lib_a-sbrkr.o)
                              /Applications/ARM/bin/../lib/gcc/arm-none-eabi/10.2.1/../../../../arm-none-eabi/lib/thumb/v6-m/nofp/libc_nano.a(lib_a-nano-mallocr.o) (_sbrk_r)
/Applications/ARM/bin/../lib/gcc/arm-none-eabi/10.2.1/../../../../arm-none-eabi/lib/thumb/v6-m/nofp/libc_nano.a(lib_a-mlock.o)
                              /Applications/ARM/bin/../lib/gcc/arm-none-eabi/10.2.1/../../../../arm-none-eabi/lib/thumb/v6-m/nofp/libc_nano.a(lib_a-nano-freer.o) (__malloc_lock)
/Applications/ARM/bin/../lib/gcc/arm-none-eabi/10.2.1/../../../../arm-none-eabi/lib/thumb/v6-m/nofp/libc_nano.a(lib_a-nano-msizer.o)
                              /Applications/ARM/bin/../lib/gcc/arm-none-eabi/10.2.1/../../../../arm-none-eabi/lib/thumb/v6-m/nofp/libc_nano.a(lib_a-nano-reallocr.o) (_malloc_usable_size_r)
[...]
Memory Configuration

Name             Origin             Length             Attributes
RAM              0x0000000020000000 0x0000000000002000 xrw
FLASH            0x0000000008000000 0x0000000000010000 xr
*default*        0x0000000000000000 0xffffffffffffffff

Linker script and memory map

LOAD /Applications/ARM/bin/../lib/gcc/arm-none-eabi/10.2.1/thumb/v6-m/nofp/crti.o
LOAD /Applications/ARM/bin/../lib/gcc/arm-none-eabi/10.2.1/thumb/v6-m/nofp/crtbegin.o
LOAD /Applications/ARM/bin/../lib/gcc/arm-none-eabi/10.2.1/../../../../arm-none-eabi/lib/thumb/v6-m/nofp/crt0.o
LOAD _build/main.o
LOAD _build/gpio.o
LOAD _build/i2c.o
LOAD _build/log_uart.o
LOAD _build/logger.o
LOAD _build/system_stm32l0xx.o
LOAD _build/fifo.o
LOAD _build/system_time.o
LOAD _build/stm32l0xx_ll_adc.o
LOAD _build/stm32l0xx_ll_gpio.o
LOAD _build/stm32l0xx_ll_i2c.o
LOAD _build/stm32l0xx_ll_lpuart.o
LOAD _build/stm32l0xx_ll_rcc.o
LOAD _build/stm32l0xx_ll_tim.o
LOAD _build/stm32l0xx_ll_utils.o
LOAD _build/stm32l0xx_ll_usart.o
LOAD _build/startup_stm32l053xx.o
LOAD /Applications/ARM/bin/../lib/gcc/arm-none-eabi/10.2.1/../../../../arm-none-eabi/lib/thumb/v6-m/nofp/libc_nano.a
LOAD /Applications/ARM/bin/../lib/gcc/arm-none-eabi/10.2.1/../../../../arm-none-eabi/lib/thumb/v6-m/nofp/libm.a
LOAD /Applications/ARM/bin/../lib/gcc/arm-none-eabi/10.2.1/../../../../arm-none-eabi/lib/thumb/v6-m/nofp/libnosys.a
START GROUP
LOAD /Applications/ARM/bin/../lib/gcc/arm-none-eabi/10.2.1/thumb/v6-m/nofp/libgcc.a
LOAD /Applications/ARM/bin/../lib/gcc/arm-none-eabi/10.2.1/../../../../arm-none-eabi/lib/thumb/v6-m/nofp/libc_nano.a
END GROUP
START GROUP
LOAD /Applications/ARM/bin/../lib/gcc/arm-none-eabi/10.2.1/thumb/v6-m/nofp/libgcc.a
LOAD /Applications/ARM/bin/../lib/gcc/arm-none-eabi/10.2.1/../../../../arm-none-eabi/lib/thumb/v6-m/nofp/libc_nano.a
END GROUP
LOAD /Applications/ARM/bin/../lib/gcc/arm-none-eabi/10.2.1/thumb/v6-m/nofp/crtend.o
LOAD /Applications/ARM/bin/../lib/gcc/arm-none-eabi/10.2.1/thumb/v6-m/nofp/crtn.o
                0x0000000020002000                _estack = 0x20002000
                0x0000000000000200                _Min_Heap_Size = 0x200
                0x0000000000000400                _Min_Stack_Size = 0x400

.isr_vector     0x0000000008000000       0xc0
                0x0000000008000000                . = ALIGN (0x4)
 *(.isr_vector)
 .isr_vector    0x0000000008000000       0xc0 _build/startup_stm32l053xx.o
                0x0000000008000000                g_pfnVectors
                0x00000000080000c0                . = ALIGN (0x4)

.text           0x00000000080000c0     0x239c
                0x00000000080000c0                . = ALIGN (0x4)
 *(.text)
 .text          0x00000000080000c0       0x48 /Applications/ARM/bin/../lib/gcc/arm-none-eabi/10.2.1/thumb/v6-m/nofp/crtbegin.o
 .text          0x0000000008000108        0xe /Applications/ARM/bin/../lib/gcc/arm-none-eabi/10.2.1/../../../../arm-none-eabi/lib/thumb/v6-m/nofp/libc_nano.a(lib_a-strlen.o)
                0x0000000008000108                strlen
 *fill*         0x0000000008000116        0x2 
 .text          0x0000000008000118       0x14 /Applications/ARM/bin/../lib/gcc/arm-none-eabi/10.2.1/thumb/v6-m/nofp/libgcc.a(_thumb1_case_shi.o)
                0x0000000008000118                __gnu_thumb1_case_shi
 .text          0x000000000800012c      0x114 /Applications/ARM/bin/../lib/gcc/arm-none-eabi/10.2.1/thumb/v6-m/nofp/libgcc.a(_udivsi3.o)
                0x000000000800012c                __udivsi3
                0x000000000800012c                __aeabi_uidiv
                0x0000000008000238                __aeabi_uidivmod
 .text          0x0000000008000240        0x4 /Applications/ARM/bin/../lib/gcc/arm-none-eabi/10.2.1/thumb/v6-m/nofp/libgcc.a(_dvmd_tls.o)
                0x0000000008000240                __aeabi_ldiv0
                0x0000000008000240                __aeabi_idiv0
 *(.text*)
 .text.LL_APB1_GRP1_EnableClock
                0x0000000008000244       0x2c _build/main.o
 .text.LL_APB2_GRP1_EnableClock
                0x0000000008000270       0x2c _build/main.o
 .text.LL_PWR_SetRegulVoltageScaling
                0x000000000800029c       0x2c _build/main.o
 .text.LL_RCC_HSI_Enable
                0x00000000080002c8       0x1c _build/main.o
 .text.LL_RCC_HSI_IsReady
                0x00000000080002e4       0x20 _build/main.o
 .text.LL_RCC_HSI_SetCalibTrimming
                0x0000000008000304       0x2c _build/main.o
 .text.LL_RCC_SetSysClkSource
                0x0000000008000330       0x28 _build/main.o
 .text.LL_RCC_GetSysClkSource
                0x0000000008000358       0x18 _build/main.o
 .text.LL_RCC_SetAHBPrescaler
                0x0000000008000370       0x28 _build/main.o
 .text.LL_RCC_SetAPB1Prescaler
                0x0000000008000398       0x2c _build/main.o
 .text.LL_RCC_SetAPB2Prescaler
                0x00000000080003c4       0x2c _build/main.o
 .text.LL_RCC_SetUSARTClockSource
                0x00000000080003f0       0x30 _build/main.o
 .text.LL_RCC_PLL_Enable
                0x0000000008000420       0x1c _build/main.o
 .text.LL_RCC_PLL_IsReady
                0x000000000800043c       0x28 _build/main.o
 .text.LL_RCC_PLL_ConfigDomain_SYS
                0x0000000008000464       0x38 _build/main.o
 .text.LL_FLASH_SetLatency
                0x000000000800049c       0x28 _build/main.o
 .text.LL_FLASH_GetLatency
                0x00000000080004c4       0x18 _build/main.o
 .text.sysclk_init
                0x00000000080004dc       0x9c _build/main.o
                0x00000000080004dc                sysclk_init
 .text.board_bringup
                0x0000000008000578       0x22 _build/main.o
 *fill*         0x000000000800059a        0x2 
 .text.led_process
                0x000000000800059c       0x7c _build/main.o
 .text.main     0x0000000008000618       0x30 _build/main.o
                0x0000000008000618                main
 .text.LL_IOP_GRP1_EnableClock
                0x0000000008000648       0x2c _build/gpio.o
 .text.LL_GPIO_SetOutputPin
                0x0000000008000674       0x18 _build/gpio.o
 .text.LL_GPIO_ResetOutputPin
                0x000000000800068c       0x18 _build/gpio.o
 .text.gpio_init
                0x00000000080006a4       0x4e _build/gpio.o
                0x00000000080006a4                gpio_init
 .text.gpio_led_set
                0x00000000080006f2       0x36 _build/gpio.o
                0x00000000080006f2                gpio_led_set
 .text.__NVIC_EnableIRQ
                0x0000000008000728       0x34 _build/log_uart.o
 .text.__NVIC_SetPriority
                0x000000000800075c       0xdc _build/log_uart.o
 .text.LL_APB1_GRP1_EnableClock
                0x0000000008000838       0x2c _build/log_uart.o
 .text.LL_IOP_GRP1_EnableClock
                0x0000000008000864       0x2c _build/log_uart.o
 .text.LL_USART_Enable
                0x0000000008000890       0x1c _build/log_uart.o
 .text.LL_USART_ConfigAsyncMode
                0x00000000080008ac       0x30 _build/log_uart.o
 .text.LL_USART_IsActiveFlag_RXNE
                0x00000000080008dc       0x22 _build/log_uart.o
 .text.LL_USART_IsActiveFlag_TC
                0x00000000080008fe       0x22 _build/log_uart.o
 .text.LL_USART_ClearFlag_NE
                0x0000000008000920       0x16 _build/log_uart.o
 .text.LL_USART_ClearFlag_TC
                0x0000000008000936       0x16 _build/log_uart.o
 .text.LL_USART_EnableIT_RXNE
                0x000000000800094c       0x3e _build/log_uart.o
 .text.LL_USART_EnableIT_TC
                0x000000000800098a       0x3e _build/log_uart.o
 .text.LL_USART_ReceiveData8
                0x00000000080009c8       0x16 _build/log_uart.o
 .text.LL_USART_TransmitData8
                0x00000000080009de       0x1e _build/log_uart.o
 .text.hw_init  0x00000000080009fc       0xdc _build/log_uart.o
 .text.tx       0x0000000008000ad8       0x40 _build/log_uart.o
 .text.log_uart_is_writing
                0x0000000008000b18       0x14 _build/log_uart.o
                0x0000000008000b18                log_uart_is_writing
 .text.log_uart_write
                0x0000000008000b2c       0x50 _build/log_uart.o
                0x0000000008000b2c                log_uart_write
 .text.log_uart_init
                0x0000000008000b7c       0x3c _build/log_uart.o
                0x0000000008000b7c                log_uart_init
 .text.USART2_IRQHandler
                0x0000000008000bb8       0x80 _build/log_uart.o
                0x0000000008000bb8                USART2_IRQHandler
 .text.logger_write
                0x0000000008000c38       0x4a _build/logger.o
                0x0000000008000c38                logger_write
 *fill*         0x0000000008000c82        0x2 
 .text.SystemInit
                0x0000000008000c84       0x7c _build/system_stm32l0xx.o
                0x0000000008000c84                SystemInit
 .text.fifo_init
                0x0000000008000d00       0x44 _build/fifo.o
                0x0000000008000d00                fifo_init
 .text.fifo_push
                0x0000000008000d44       0x70 _build/fifo.o
                0x0000000008000d44                fifo_push
 .text.fifo_pop
                0x0000000008000db4       0x6a _build/fifo.o
                0x0000000008000db4                fifo_pop
 *fill*         0x0000000008000e1e        0x2 
 .text.__NVIC_EnableIRQ
                0x0000000008000e20       0x34 _build/system_time.o
 .text.__NVIC_SetPriority
                0x0000000008000e54       0xdc _build/system_time.o
 .text.LL_APB1_GRP1_EnableClock
                0x0000000008000f30       0x2c _build/system_time.o
 .text.LL_TIM_EnableCounter
                0x0000000008000f5c       0x1c _build/system_time.o
 .text.LL_TIM_EnableUpdateEvent
                0x0000000008000f78       0x1e _build/system_time.o
 .text.LL_TIM_EnableARRPreload
                0x0000000008000f96       0x1c _build/system_time.o
 *fill*         0x0000000008000fb2        0x2 
 .text.LL_TIM_SetClockSource
                0x0000000008000fb4       0x28 _build/system_time.o
 .text.LL_TIM_SetTriggerOutput
                0x0000000008000fdc       0x24 _build/system_time.o
 .text.LL_TIM_DisableMasterSlaveMode
                0x0000000008001000       0x1e _build/system_time.o
 .text.LL_TIM_ClearFlag_UPDATE
                0x000000000800101e       0x18 _build/system_time.o
 .text.LL_TIM_EnableIT_UPDATE
                0x0000000008001036       0x1c _build/system_time.o
 *fill*         0x0000000008001052        0x2 
 .text.timer_init
                0x0000000008001054       0xa4 _build/system_time.o
 .text.system_time_cmp_ticks
                0x00000000080010f8       0x34 _build/system_time.o
                0x00000000080010f8                system_time_cmp_ticks
 .text.system_time_cmp_ms
                0x000000000800112c       0x30 _build/system_time.o
                0x000000000800112c                system_time_cmp_ms
 .text.system_time_get
                0x000000000800115c       0x40 _build/system_time.o
                0x000000000800115c                system_time_get
 .text.system_time_init
                0x000000000800119c        0xe _build/system_time.o
                0x000000000800119c                system_time_init
 *fill*         0x00000000080011aa        0x2 
 .text.TIM2_IRQHandler
                0x00000000080011ac       0x40 _build/system_time.o
                0x00000000080011ac                TIM2_IRQHandler
 .text.LL_GPIO_SetPinMode
                0x00000000080011ec       0x38 _build/stm32l0xx_ll_gpio.o
 .text.LL_GPIO_SetPinOutputType
                0x0000000008001224       0x2a _build/stm32l0xx_ll_gpio.o
 .text.LL_GPIO_SetPinSpeed
                0x000000000800124e       0x38 _build/stm32l0xx_ll_gpio.o
 .text.LL_GPIO_SetPinPull
                0x0000000008001286       0x38 _build/stm32l0xx_ll_gpio.o
 .text.LL_GPIO_SetAFPin_0_7
                0x00000000080012be       0x46 _build/stm32l0xx_ll_gpio.o
 .text.LL_GPIO_SetAFPin_8_15
                0x0000000008001304       0x5a _build/stm32l0xx_ll_gpio.o
 .text.LL_GPIO_Init
                0x000000000800135e       0xbc _build/stm32l0xx_ll_gpio.o
                0x000000000800135e                LL_GPIO_Init
 *fill*         0x000000000800141a        0x2 
 .text.LL_RCC_HSI_IsReady
                0x000000000800141c       0x20 _build/stm32l0xx_ll_rcc.o
 .text.LL_RCC_LSE_IsReady
                0x000000000800143c       0x28 _build/stm32l0xx_ll_rcc.o
 .text.LL_RCC_MSI_GetRange
                0x0000000008001464       0x18 _build/stm32l0xx_ll_rcc.o
 .text.LL_RCC_GetSysClkSource
                0x000000000800147c       0x18 _build/stm32l0xx_ll_rcc.o
 .text.LL_RCC_GetAHBPrescaler
                0x0000000008001494       0x18 _build/stm32l0xx_ll_rcc.o
 .text.LL_RCC_GetAPB1Prescaler
                0x00000000080014ac       0x18 _build/stm32l0xx_ll_rcc.o
 .text.LL_RCC_GetAPB2Prescaler
                0x00000000080014c4       0x18 _build/stm32l0xx_ll_rcc.o
 .text.LL_RCC_GetUSARTClockSource
                0x00000000080014dc       0x24 _build/stm32l0xx_ll_rcc.o
 .text.LL_RCC_PLL_GetMainSource
                0x0000000008001500       0x18 _build/stm32l0xx_ll_rcc.o
 .text.LL_RCC_PLL_GetMultiplicator
                0x0000000008001518       0x18 _build/stm32l0xx_ll_rcc.o
 .text.LL_RCC_PLL_GetDivider
                0x0000000008001530       0x18 _build/stm32l0xx_ll_rcc.o
 .text.LL_RCC_IsActiveFlag_HSIDIV
                0x0000000008001548       0x20 _build/stm32l0xx_ll_rcc.o
 .text.LL_RCC_GetUSARTClockFreq
                0x0000000008001568      0x140 _build/stm32l0xx_ll_rcc.o
                0x0000000008001568                LL_RCC_GetUSARTClockFreq
 .text.RCC_GetSystemClockFreq
                0x00000000080016a8       0x88 _build/stm32l0xx_ll_rcc.o
 .text.RCC_GetHCLKClockFreq
                0x0000000008001730       0x2c _build/stm32l0xx_ll_rcc.o
 .text.RCC_GetPCLK1ClockFreq
                0x000000000800175c       0x28 _build/stm32l0xx_ll_rcc.o
 .text.RCC_GetPCLK2ClockFreq
                0x0000000008001784       0x28 _build/stm32l0xx_ll_rcc.o
 .text.RCC_PLL_GetFreqDomain_SYS
                0x00000000080017ac       0x70 _build/stm32l0xx_ll_rcc.o
 .text.LL_TIM_SetPrescaler
                0x000000000800181c       0x18 _build/stm32l0xx_ll_tim.o
 .text.LL_TIM_SetAutoReload
                0x0000000008001834       0x18 _build/stm32l0xx_ll_tim.o
 .text.LL_TIM_GenerateEvent_UPDATE
                0x000000000800184c       0x1c _build/stm32l0xx_ll_tim.o
 .text.LL_TIM_Init
                0x0000000008001868       0xa4 _build/stm32l0xx_ll_tim.o
                0x0000000008001868                LL_TIM_Init
 .text.LL_InitTick
                0x000000000800190c       0x34 _build/stm32l0xx_ll_utils.o
 .text.LL_Init1msTick
                0x0000000008001940       0x1e _build/stm32l0xx_ll_utils.o
                0x0000000008001940                LL_Init1msTick
 *fill*         0x000000000800195e        0x2 
 .text.LL_SetSystemCoreClock
                0x0000000008001960       0x1c _build/stm32l0xx_ll_utils.o
                0x0000000008001960                LL_SetSystemCoreClock
 .text.LL_USART_IsEnabled
                0x000000000800197c       0x22 _build/stm32l0xx_ll_usart.o
 *fill*         0x000000000800199e        0x2 
 .text.LL_USART_SetStopBitsLength
                0x00000000080019a0       0x28 _build/stm32l0xx_ll_usart.o
 .text.LL_USART_SetHWFlowCtrl
                0x00000000080019c8       0x28 _build/stm32l0xx_ll_usart.o
 .text.LL_USART_SetBaudRate
                0x00000000080019f0       0x78 _build/stm32l0xx_ll_usart.o
 .text.LL_USART_Init
                0x0000000008001a68       0xc8 _build/stm32l0xx_ll_usart.o
                0x0000000008001a68                LL_USART_Init
 .text.Reset_Handler
                0x0000000008001b30       0x50 _build/startup_stm32l053xx.o
                0x0000000008001b30                Reset_Handler
 .text.Default_Handler
                0x0000000008001b80        0x2 _build/startup_stm32l053xx.o
                0x0000000008001b80                LPTIM1_IRQHandler
                0x0000000008001b80                HardFault_Handler
                0x0000000008001b80                ADC1_COMP_IRQHandler
                0x0000000008001b80                SysTick_Handler
                0x0000000008001b80                PVD_IRQHandler
                0x0000000008001b80                PendSV_Handler
                0x0000000008001b80                NMI_Handler
                0x0000000008001b80                I2C1_IRQHandler
                0x0000000008001b80                RCC_CRS_IRQHandler
                0x0000000008001b80                SPI1_IRQHandler
                0x0000000008001b80                TIM6_DAC_IRQHandler
                0x0000000008001b80                EXTI2_3_IRQHandler
                0x0000000008001b80                I2C2_IRQHandler
                0x0000000008001b80                RTC_IRQHandler
                0x0000000008001b80                LCD_IRQHandler
                0x0000000008001b80                DMA1_Channel4_5_6_7_IRQHandler
                0x0000000008001b80                EXTI4_15_IRQHandler
                0x0000000008001b80                DMA1_Channel1_IRQHandler
                0x0000000008001b80                Default_Handler
                0x0000000008001b80                TIM22_IRQHandler
                0x0000000008001b80                EXTI0_1_IRQHandler
                0x0000000008001b80                USB_IRQHandler
                0x0000000008001b80                SPI2_IRQHandler
                0x0000000008001b80                SVC_Handler
                0x0000000008001b80                TIM21_IRQHandler
                0x0000000008001b80                WWDG_IRQHandler
                0x0000000008001b80                DMA1_Channel2_3_IRQHandler
                0x0000000008001b80                FLASH_IRQHandler
                0x0000000008001b80                USART1_IRQHandler
                0x0000000008001b80                RNG_LPUART1_IRQHandler
                0x0000000008001b80                TSC_IRQHandler
 *fill*         0x0000000008001b82        0x2 
 .text.__libc_init_array
                0x0000000008001b84       0x48 /Applications/ARM/bin/../lib/gcc/arm-none-eabi/10.2.1/../../../../arm-none-eabi/lib/thumb/v6-m/nofp/libc_nano.a(lib_a-init.o)
                0x0000000008001b84                __libc_init_array
 .text.memset   0x0000000008001bcc       0x10 /Applications/ARM/bin/../lib/gcc/arm-none-eabi/10.2.1/../../../../arm-none-eabi/lib/thumb/v6-m/nofp/libc_nano.a(lib_a-memset.o)
                0x0000000008001bcc                memset
 .text.sprintf  0x0000000008001bdc       0x40 /Applications/ARM/bin/../lib/gcc/arm-none-eabi/10.2.1/../../../../arm-none-eabi/lib/thumb/v6-m/nofp/libc_nano.a(lib_a-sprintf.o)
                0x0000000008001bdc                sprintf
                0x0000000008001bdc                siprintf
 .text.__ssputs_r
                0x0000000008001c1c       0xc4 /Applications/ARM/bin/../lib/gcc/arm-none-eabi/10.2.1/../../../../arm-none-eabi/lib/thumb/v6-m/nofp/libc_nano.a(lib_a-nano-svfprintf.o)
                0x0000000008001c1c                __ssputs_r
 .text._svfprintf_r
                0x0000000008001ce0      0x200 /Applications/ARM/bin/../lib/gcc/arm-none-eabi/10.2.1/../../../../arm-none-eabi/lib/thumb/v6-m/nofp/libc_nano.a(lib_a-nano-svfprintf.o)
                0x0000000008001ce0                _svfprintf_r
                0x0000000008001ce0                _svfiprintf_r
 .text._printf_common
                0x0000000008001ee0       0xde /Applications/ARM/bin/../lib/gcc/arm-none-eabi/10.2.1/../../../../arm-none-eabi/lib/thumb/v6-m/nofp/libc_nano.a(lib_a-nano-vfprintf_i.o)
                0x0000000008001ee0                _printf_common
 *fill*         0x0000000008001fbe        0x2 
 .text._printf_i
                0x0000000008001fc0      0x224 /Applications/ARM/bin/../lib/gcc/arm-none-eabi/10.2.1/../../../../arm-none-eabi/lib/thumb/v6-m/nofp/libc_nano.a(lib_a-nano-vfprintf_i.o)
                0x0000000008001fc0                _printf_i
 .text.memchr   0x00000000080021e4       0x16 /Applications/ARM/bin/../lib/gcc/arm-none-eabi/10.2.1/../../../../arm-none-eabi/lib/thumb/v6-m/nofp/libc_nano.a(lib_a-memchr-stub.o)
                0x00000000080021e4                memchr
 .text.memcpy   0x00000000080021fa       0x12 /Applications/ARM/bin/../lib/gcc/arm-none-eabi/10.2.1/../../../../arm-none-eabi/lib/thumb/v6-m/nofp/libc_nano.a(lib_a-memcpy-stub.o)
                0x00000000080021fa                memcpy
 .text.memmove  0x000000000800220c       0x26 /Applications/ARM/bin/../lib/gcc/arm-none-eabi/10.2.1/../../../../arm-none-eabi/lib/thumb/v6-m/nofp/libc_nano.a(lib_a-memmove.o)
                0x000000000800220c                memmove
 *fill*         0x0000000008002232        0x2 
 .text._free_r  0x0000000008002234       0x94 /Applications/ARM/bin/../lib/gcc/arm-none-eabi/10.2.1/../../../../arm-none-eabi/lib/thumb/v6-m/nofp/libc_nano.a(lib_a-nano-freer.o)
                0x0000000008002234                _free_r
 .text._malloc_r
                0x00000000080022c8       0xbc /Applications/ARM/bin/../lib/gcc/arm-none-eabi/10.2.1/../../../../arm-none-eabi/lib/thumb/v6-m/nofp/libc_nano.a(lib_a-nano-mallocr.o)
                0x00000000080022c8                _malloc_r
 .text._realloc_r
                0x0000000008002384       0x4c /Applications/ARM/bin/../lib/gcc/arm-none-eabi/10.2.1/../../../../arm-none-eabi/lib/thumb/v6-m/nofp/libc_nano.a(lib_a-nano-reallocr.o)
                0x0000000008002384                _realloc_r
 .text._sbrk_r  0x00000000080023d0       0x24 /Applications/ARM/bin/../lib/gcc/arm-none-eabi/10.2.1/../../../../arm-none-eabi/lib/thumb/v6-m/nofp/libc_nano.a(lib_a-sbrkr.o)
                0x00000000080023d0                _sbrk_r
 .text.__malloc_lock
                0x00000000080023f4       0x10 /Applications/ARM/bin/../lib/gcc/arm-none-eabi/10.2.1/../../../../arm-none-eabi/lib/thumb/v6-m/nofp/libc_nano.a(lib_a-mlock.o)
                0x00000000080023f4                __malloc_lock
 .text.__malloc_unlock
                0x0000000008002404       0x10 /Applications/ARM/bin/../lib/gcc/arm-none-eabi/10.2.1/../../../../arm-none-eabi/lib/thumb/v6-m/nofp/libc_nano.a(lib_a-mlock.o)
                0x0000000008002404                __malloc_unlock
 .text._malloc_usable_size_r
                0x0000000008002414       0x10 /Applications/ARM/bin/../lib/gcc/arm-none-eabi/10.2.1/../../../../arm-none-eabi/lib/thumb/v6-m/nofp/libc_nano.a(lib_a-nano-msizer.o)
                0x0000000008002414                _malloc_usable_size_r
 .text.__retarget_lock_acquire_recursive
                0x0000000008002424        0x2 /Applications/ARM/bin/../lib/gcc/arm-none-eabi/10.2.1/../../../../arm-none-eabi/lib/thumb/v6-m/nofp/libc_nano.a(lib_a-lock.o)
                0x0000000008002424                __retarget_lock_acquire_recursive
 .text.__retarget_lock_release_recursive
                0x0000000008002426        0x2 /Applications/ARM/bin/../lib/gcc/arm-none-eabi/10.2.1/../../../../arm-none-eabi/lib/thumb/v6-m/nofp/libc_nano.a(lib_a-lock.o)
                0x0000000008002426                __retarget_lock_release_recursive
 .text._sbrk    0x0000000008002428       0x1c /Applications/ARM/bin/../lib/gcc/arm-none-eabi/10.2.1/../../../../arm-none-eabi/lib/thumb/v6-m/nofp/libnosys.a(sbrk.o)
                0x0000000008002428                _sbrk
 *(.glue_7)
 .glue_7        0x0000000008002444        0x0 linker stubs
 *(.glue_7t)
 .glue_7t       0x0000000008002444        0x0 linker stubs
 *(.eh_frame)
 .eh_frame      0x0000000008002444        0x0 /Applications/ARM/bin/../lib/gcc/arm-none-eabi/10.2.1/thumb/v6-m/nofp/crtbegin.o
 *(.init)
 .init          0x0000000008002444        0x4 /Applications/ARM/bin/../lib/gcc/arm-none-eabi/10.2.1/thumb/v6-m/nofp/crti.o
                0x0000000008002444                _init
 .init          0x0000000008002448        0x8 /Applications/ARM/bin/../lib/gcc/arm-none-eabi/10.2.1/thumb/v6-m/nofp/crtn.o
 *(.fini)
 .fini          0x0000000008002450        0x4 /Applications/ARM/bin/../lib/gcc/arm-none-eabi/10.2.1/thumb/v6-m/nofp/crti.o
                0x0000000008002450                _fini
 .fini          0x0000000008002454        0x8 /Applications/ARM/bin/../lib/gcc/arm-none-eabi/10.2.1/thumb/v6-m/nofp/crtn.o
                0x000000000800245c                . = ALIGN (0x4)
                0x000000000800245c                _etext = .

.vfp11_veneer   0x000000000800245c        0x0
 .vfp11_veneer  0x000000000800245c        0x0 linker stubs

.v4_bx          0x000000000800245c        0x0
 .v4_bx         0x000000000800245c        0x0 linker stubs

.iplt           0x000000000800245c        0x0
 .iplt          0x000000000800245c        0x0 /Applications/ARM/bin/../lib/gcc/arm-none-eabi/10.2.1/thumb/v6-m/nofp/crtbegin.o

.rodata         0x000000000800245c       0x74
                0x000000000800245c                . = ALIGN (0x4)
 *(.rodata)
 .rodata        0x000000000800245c       0x1e _build/main.o
 *(.rodata*)
 *fill*         0x000000000800247a        0x2 
 .rodata.AHBPrescTable
                0x000000000800247c       0x10 _build/system_stm32l0xx.o
                0x000000000800247c                AHBPrescTable
 .rodata.APBPrescTable
                0x000000000800248c        0x8 _build/system_stm32l0xx.o
                0x000000000800248c                APBPrescTable
 .rodata.PLLMulTable
                0x0000000008002494        0x9 _build/system_stm32l0xx.o
                0x0000000008002494                PLLMulTable
 .rodata._svfprintf_r.str1.1
                0x000000000800249d       0x11 /Applications/ARM/bin/../lib/gcc/arm-none-eabi/10.2.1/../../../../arm-none-eabi/lib/thumb/v6-m/nofp/libc_nano.a(lib_a-nano-svfprintf.o)
 .rodata._printf_i.str1.1
                0x00000000080024ae       0x22 /Applications/ARM/bin/../lib/gcc/arm-none-eabi/10.2.1/../../../../arm-none-eabi/lib/thumb/v6-m/nofp/libc_nano.a(lib_a-nano-vfprintf_i.o)
                0x00000000080024d0                . = ALIGN (0x4)

.rel.dyn        0x00000000080024d0        0x0
 .rel.iplt      0x00000000080024d0        0x0 /Applications/ARM/bin/../lib/gcc/arm-none-eabi/10.2.1/thumb/v6-m/nofp/crtbegin.o

.ARM.extab
 *(.ARM.extab* .gnu.linkonce.armextab.*)

.ARM            0x00000000080024d0        0x0
                0x00000000080024d0                __exidx_start = .
 *(.ARM.exidx*)
                0x00000000080024d0                __exidx_end = .

.preinit_array  0x00000000080024d0        0x0
                0x00000000080024d0                PROVIDE (__preinit_array_start = .)
 *(.preinit_array*)
                0x00000000080024d0                PROVIDE (__preinit_array_end = .)

.init_array     0x00000000080024d0        0x4
                0x00000000080024d0                PROVIDE (__init_array_start = .)
 *(SORT_BY_NAME(.init_array.*))
 *(.init_array*)
 .init_array    0x00000000080024d0        0x4 /Applications/ARM/bin/../lib/gcc/arm-none-eabi/10.2.1/thumb/v6-m/nofp/crtbegin.o
                0x00000000080024d4                PROVIDE (__init_array_end = .)

.fini_array     0x00000000080024d4        0x4
                [!provide]                        PROVIDE (__fini_array_start = .)
 *(SORT_BY_NAME(.fini_array.*))
 *(.fini_array*)
 .fini_array    0x00000000080024d4        0x4 /Applications/ARM/bin/../lib/gcc/arm-none-eabi/10.2.1/thumb/v6-m/nofp/crtbegin.o
                [!provide]                        PROVIDE (__fini_array_end = .)
                0x00000000080024d8                _sidata = LOADADDR (.data)

.data           0x0000000020000000       0x68 load address 0x00000000080024d8
                0x0000000020000000                . = ALIGN (0x4)
                0x0000000020000000                _sdata = .
 *(.data)
 *(.data*)
 .data.SystemCoreClock
                0x0000000020000000        0x4 _build/system_stm32l0xx.o
                0x0000000020000000                SystemCoreClock
 .data._impure_ptr
                0x0000000020000004        0x4 /Applications/ARM/bin/../lib/gcc/arm-none-eabi/10.2.1/../../../../arm-none-eabi/lib/thumb/v6-m/nofp/libc_nano.a(lib_a-impure.o)
                0x0000000020000004                _impure_ptr
 .data.impure_data
                0x0000000020000008       0x60 /Applications/ARM/bin/../lib/gcc/arm-none-eabi/10.2.1/../../../../arm-none-eabi/lib/thumb/v6-m/nofp/libc_nano.a(lib_a-impure.o)
                0x0000000020000068                . = ALIGN (0x4)
                0x0000000020000068                _edata = .

.igot.plt       0x0000000020000068        0x0 load address 0x0000000008002540
 .igot.plt      0x0000000020000068        0x0 /Applications/ARM/bin/../lib/gcc/arm-none-eabi/10.2.1/thumb/v6-m/nofp/crtbegin.o
                0x0000000020000068                . = ALIGN (0x4)

.bss            0x0000000020000068      0x468 load address 0x0000000008002540
                0x0000000020000068                _sbss = .
                0x0000000020000068                __bss_start__ = _sbss
 *(.bss)
 .bss           0x0000000020000068       0x1c /Applications/ARM/bin/../lib/gcc/arm-none-eabi/10.2.1/thumb/v6-m/nofp/crtbegin.o
 *(.bss*)
 .bss.last_ticks.1
                0x0000000020000084        0x4 _build/main.o
 .bss.led_state.0
                0x0000000020000088        0x4 _build/main.o
 .bss.rx_buffer
                0x000000002000008c      0x200 _build/log_uart.o
 .bss.tx_buffer
                0x000000002000028c      0x200 _build/log_uart.o
 .bss.rx_fifo   0x000000002000048c       0x14 _build/log_uart.o
 .bss.tx_fifo   0x00000000200004a0       0x14 _build/log_uart.o
 .bss.writing   0x00000000200004b4        0x1 _build/log_uart.o
 *fill*         0x00000000200004b5        0x3 
 .bss.s         0x00000000200004b8        0x4 _build/system_time.o
 .bss.__malloc_free_list
                0x00000000200004bc        0x4 /Applications/ARM/bin/../lib/gcc/arm-none-eabi/10.2.1/../../../../arm-none-eabi/lib/thumb/v6-m/nofp/libc_nano.a(lib_a-nano-mallocr.o)
                0x00000000200004bc                __malloc_free_list
 .bss.__malloc_sbrk_start
                0x00000000200004c0        0x4 /Applications/ARM/bin/../lib/gcc/arm-none-eabi/10.2.1/../../../../arm-none-eabi/lib/thumb/v6-m/nofp/libc_nano.a(lib_a-nano-mallocr.o)
                0x00000000200004c0                __malloc_sbrk_start
 .bss.errno     0x00000000200004c4        0x4 /Applications/ARM/bin/../lib/gcc/arm-none-eabi/10.2.1/../../../../arm-none-eabi/lib/thumb/v6-m/nofp/libc_nano.a(lib_a-reent.o)
                0x00000000200004c4                errno
 .bss.__lock___malloc_recursive_mutex
                0x00000000200004c8        0x1 /Applications/ARM/bin/../lib/gcc/arm-none-eabi/10.2.1/../../../../arm-none-eabi/lib/thumb/v6-m/nofp/libc_nano.a(lib_a-lock.o)
                0x00000000200004c8                __lock___malloc_recursive_mutex
 *fill*         0x00000000200004c9        0x3 
 .bss.heap_end.0
                0x00000000200004cc        0x4 /Applications/ARM/bin/../lib/gcc/arm-none-eabi/10.2.1/../../../../arm-none-eabi/lib/thumb/v6-m/nofp/libnosys.a(sbrk.o)
 *(COMMON)
                0x00000000200004d0                . = ALIGN (0x4)
                0x00000000200004d0                _ebss = .
                0x00000000200004d0                __bss_end__ = _ebss

._user_heap_stack
                0x00000000200004d0      0x600 load address 0x0000000008002540
                0x00000000200004d0                . = ALIGN (0x8)
                0x00000000200004d0                PROVIDE (end = .)
                [!provide]                        PROVIDE (_end = .)
                0x00000000200006d0                . = (. + _Min_Heap_Size)
 *fill*         0x00000000200004d0      0x200 
                0x0000000020000ad0                . = (. + _Min_Stack_Size)
 *fill*         0x00000000200006d0      0x400 
                0x0000000020000ad0                . = ALIGN (0x8)

/DISCARD/
 libc.a(*)
 libm.a(*)
 libgcc.a(*)

.ARM.attributes
                0x0000000000000000       0x28
 *(.ARM.attributes)
 .ARM.attributes
                0x0000000000000000       0x1e /Applications/ARM/bin/../lib/gcc/arm-none-eabi/10.2.1/thumb/v6-m/nofp/crti.o
 .ARM.attributes
                0x000000000000001e       0x2c /Applications/ARM/bin/../lib/gcc/arm-none-eabi/10.2.1/thumb/v6-m/nofp/crtbegin.o
 .ARM.attributes
                0x000000000000004a       0x2c _build/main.o
 .ARM.attributes
                0x0000000000000076       0x2c _build/gpio.o
 .ARM.attributes
                0x00000000000000a2       0x2c _build/log_uart.o
 .ARM.attributes
                0x00000000000000ce       0x2c _build/logger.o
 .ARM.attributes
                0x00000000000000fa       0x2c _build/system_stm32l0xx.o
 .ARM.attributes
                0x0000000000000126       0x2c _build/fifo.o
 .ARM.attributes
                0x0000000000000152       0x2c _build/system_time.o
 .ARM.attributes
                0x000000000000017e       0x2c _build/stm32l0xx_ll_gpio.o
 .ARM.attributes
                0x00000000000001aa       0x2c _build/stm32l0xx_ll_rcc.o
 .ARM.attributes
                0x00000000000001d6       0x2c _build/stm32l0xx_ll_tim.o
 .ARM.attributes
                0x0000000000000202       0x2c _build/stm32l0xx_ll_utils.o
 .ARM.attributes
                0x000000000000022e       0x2c _build/stm32l0xx_ll_usart.o
 .ARM.attributes
                0x000000000000025a       0x22 _build/startup_stm32l053xx.o
 .ARM.attributes
                0x000000000000027c       0x2c /Applications/ARM/bin/../lib/gcc/arm-none-eabi/10.2.1/../../../../arm-none-eabi/lib/thumb/v6-m/nofp/libc_nano.a(lib_a-impure.o)
 .ARM.attributes
                0x00000000000002a8       0x2c /Applications/ARM/bin/../lib/gcc/arm-none-eabi/10.2.1/../../../../arm-none-eabi/lib/thumb/v6-m/nofp/libc_nano.a(lib_a-init.o)
 .ARM.attributes
                0x00000000000002d4       0x2c /Applications/ARM/bin/../lib/gcc/arm-none-eabi/10.2.1/../../../../arm-none-eabi/lib/thumb/v6-m/nofp/libc_nano.a(lib_a-memset.o)
 .ARM.attributes
                0x0000000000000300       0x2c /Applications/ARM/bin/../lib/gcc/arm-none-eabi/10.2.1/../../../../arm-none-eabi/lib/thumb/v6-m/nofp/libc_nano.a(lib_a-sprintf.o)
 .ARM.attributes
                0x000000000000032c       0x1c /Applications/ARM/bin/../lib/gcc/arm-none-eabi/10.2.1/../../../../arm-none-eabi/lib/thumb/v6-m/nofp/libc_nano.a(lib_a-strlen.o)
 .ARM.attributes
                0x0000000000000348       0x2c /Applications/ARM/bin/../lib/gcc/arm-none-eabi/10.2.1/../../../../arm-none-eabi/lib/thumb/v6-m/nofp/libc_nano.a(lib_a-nano-svfprintf.o)
 .ARM.attributes
                0x0000000000000374       0x2c /Applications/ARM/bin/../lib/gcc/arm-none-eabi/10.2.1/../../../../arm-none-eabi/lib/thumb/v6-m/nofp/libc_nano.a(lib_a-nano-vfprintf_i.o)
 .ARM.attributes
                0x00000000000003a0       0x2c /Applications/ARM/bin/../lib/gcc/arm-none-eabi/10.2.1/../../../../arm-none-eabi/lib/thumb/v6-m/nofp/libc_nano.a(lib_a-memchr-stub.o)
 .ARM.attributes
                0x00000000000003cc       0x2c /Applications/ARM/bin/../lib/gcc/arm-none-eabi/10.2.1/../../../../arm-none-eabi/lib/thumb/v6-m/nofp/libc_nano.a(lib_a-memcpy-stub.o)
 .ARM.attributes
                0x00000000000003f8       0x2c /Applications/ARM/bin/../lib/gcc/arm-none-eabi/10.2.1/../../../../arm-none-eabi/lib/thumb/v6-m/nofp/libc_nano.a(lib_a-memmove.o)
 .ARM.attributes
                0x0000000000000424       0x2c /Applications/ARM/bin/../lib/gcc/arm-none-eabi/10.2.1/../../../../arm-none-eabi/lib/thumb/v6-m/nofp/libc_nano.a(lib_a-nano-freer.o)
 .ARM.attributes
                0x0000000000000450       0x2c /Applications/ARM/bin/../lib/gcc/arm-none-eabi/10.2.1/../../../../arm-none-eabi/lib/thumb/v6-m/nofp/libc_nano.a(lib_a-nano-mallocr.o)
 .ARM.attributes
                0x000000000000047c       0x2c /Applications/ARM/bin/../lib/gcc/arm-none-eabi/10.2.1/../../../../arm-none-eabi/lib/thumb/v6-m/nofp/libc_nano.a(lib_a-nano-reallocr.o)
 .ARM.attributes
                0x00000000000004a8       0x2c /Applications/ARM/bin/../lib/gcc/arm-none-eabi/10.2.1/../../../../arm-none-eabi/lib/thumb/v6-m/nofp/libc_nano.a(lib_a-sbrkr.o)
 .ARM.attributes
                0x00000000000004d4       0x2c /Applications/ARM/bin/../lib/gcc/arm-none-eabi/10.2.1/../../../../arm-none-eabi/lib/thumb/v6-m/nofp/libc_nano.a(lib_a-mlock.o)
 .ARM.attributes
                0x0000000000000500       0x2c /Applications/ARM/bin/../lib/gcc/arm-none-eabi/10.2.1/../../../../arm-none-eabi/lib/thumb/v6-m/nofp/libc_nano.a(lib_a-nano-msizer.o)
 .ARM.attributes
                0x000000000000052c       0x2c /Applications/ARM/bin/../lib/gcc/arm-none-eabi/10.2.1/../../../../arm-none-eabi/lib/thumb/v6-m/nofp/libc_nano.a(lib_a-reent.o)
 .ARM.attributes
                0x0000000000000558       0x2c /Applications/ARM/bin/../lib/gcc/arm-none-eabi/10.2.1/../../../../arm-none-eabi/lib/thumb/v6-m/nofp/libc_nano.a(lib_a-lock.o)
 .ARM.attributes
                0x0000000000000584       0x2c /Applications/ARM/bin/../lib/gcc/arm-none-eabi/10.2.1/../../../../arm-none-eabi/lib/thumb/v6-m/nofp/libnosys.a(sbrk.o)
 .ARM.attributes
                0x00000000000005b0       0x1e /Applications/ARM/bin/../lib/gcc/arm-none-eabi/10.2.1/thumb/v6-m/nofp/libgcc.a(_thumb1_case_shi.o)
 .ARM.attributes
                0x00000000000005ce       0x1e /Applications/ARM/bin/../lib/gcc/arm-none-eabi/10.2.1/thumb/v6-m/nofp/libgcc.a(_udivsi3.o)
 .ARM.attributes
                0x00000000000005ec       0x1e /Applications/ARM/bin/../lib/gcc/arm-none-eabi/10.2.1/thumb/v6-m/nofp/libgcc.a(_dvmd_tls.o)
 .ARM.attributes
                0x000000000000060a       0x1e /Applications/ARM/bin/../lib/gcc/arm-none-eabi/10.2.1/thumb/v6-m/nofp/crtn.o
OUTPUT(_build/MagnetBall.elf elf32-littlearm)
LOAD linker stubs
LOAD /Applications/ARM/bin/../lib/gcc/arm-none-eabi/10.2.1/../../../../arm-none-eabi/lib/thumb/v6-m/nofp/libc.a
LOAD /Applications/ARM/bin/../lib/gcc/arm-none-eabi/10.2.1/../../../../arm-none-eabi/lib/thumb/v6-m/nofp/libm.a
LOAD /Applications/ARM/bin/../lib/gcc/arm-none-eabi/10.2.1/thumb/v6-m/nofp/libgcc.a

.debug_info     0x0000000000000000     0x556a
 .debug_info    0x0000000000000000      0x741 _build/main.o
 .debug_info    0x0000000000000741      0x469 _build/gpio.o
 .debug_info    0x0000000000000baa      0xdaf _build/log_uart.o
 .debug_info    0x0000000000001959       0xf1 _build/logger.o
 .debug_info    0x0000000000001a4a      0x3b2 _build/system_stm32l0xx.o
 .debug_info    0x0000000000001dfc      0x300 _build/fifo.o
 .debug_info    0x00000000000020fc      0xac8 _build/system_time.o
 .debug_info    0x0000000000002bc4      0x5cc _build/stm32l0xx_ll_gpio.o
 .debug_info    0x0000000000003190      0x80c _build/stm32l0xx_ll_rcc.o
 .debug_info    0x000000000000399c      0xc6d _build/stm32l0xx_ll_tim.o
 .debug_info    0x0000000000004609      0x8b3 _build/stm32l0xx_ll_utils.o
 .debug_info    0x0000000000004ebc      0x68c _build/stm32l0xx_ll_usart.o
 .debug_info    0x0000000000005548       0x22 _build/startup_stm32l053xx.o

.debug_abbrev   0x0000000000000000     0x151e
 .debug_abbrev  0x0000000000000000      0x1f9 _build/main.o
 .debug_abbrev  0x00000000000001f9      0x168 _build/gpio.o
 .debug_abbrev  0x0000000000000361      0x31e _build/log_uart.o
 .debug_abbrev  0x000000000000067f       0x81 _build/logger.o
 .debug_abbrev  0x0000000000000700      0x116 _build/system_stm32l0xx.o
 .debug_abbrev  0x0000000000000816       0xdb _build/fifo.o
 .debug_abbrev  0x00000000000008f1      0x278 _build/system_time.o
 .debug_abbrev  0x0000000000000b69      0x19b _build/stm32l0xx_ll_gpio.o
 .debug_abbrev  0x0000000000000d04      0x214 _build/stm32l0xx_ll_rcc.o
 .debug_abbrev  0x0000000000000f18      0x203 _build/stm32l0xx_ll_tim.o
 .debug_abbrev  0x000000000000111b      0x23f _build/stm32l0xx_ll_utils.o
 .debug_abbrev  0x000000000000135a      0x1b2 _build/stm32l0xx_ll_usart.o
 .debug_abbrev  0x000000000000150c       0x12 _build/startup_stm32l053xx.o

.debug_aranges  0x0000000000000000      0x770
 .debug_aranges
                0x0000000000000000       0xd8 _build/main.o
 .debug_aranges
                0x00000000000000d8       0x40 _build/gpio.o
 .debug_aranges
                0x0000000000000118       0xc0 _build/log_uart.o
 .debug_aranges
                0x00000000000001d8       0x20 _build/logger.o
 .debug_aranges
                0x00000000000001f8       0x28 _build/system_stm32l0xx.o
 .debug_aranges
                0x0000000000000220       0x50 _build/fifo.o
 .debug_aranges
                0x0000000000000270       0xa8 _build/system_time.o
 .debug_aranges
                0x0000000000000318       0x70 _build/stm32l0xx_ll_gpio.o
 .debug_aranges
                0x0000000000000388      0x148 _build/stm32l0xx_ll_rcc.o
 .debug_aranges
                0x00000000000004d0      0x100 _build/stm32l0xx_ll_tim.o
 .debug_aranges
                0x00000000000005d0       0xf0 _build/stm32l0xx_ll_utils.o
 .debug_aranges
                0x00000000000006c0       0x88 _build/stm32l0xx_ll_usart.o
 .debug_aranges
                0x0000000000000748       0x28 _build/startup_stm32l053xx.o

.debug_ranges   0x0000000000000000      0x6a8
 .debug_ranges  0x0000000000000000       0xc8 _build/main.o
 .debug_ranges  0x00000000000000c8       0x30 _build/gpio.o
 .debug_ranges  0x00000000000000f8       0xb0 _build/log_uart.o
 .debug_ranges  0x00000000000001a8       0x10 _build/logger.o
 .debug_ranges  0x00000000000001b8       0x18 _build/system_stm32l0xx.o
 .debug_ranges  0x00000000000001d0       0x40 _build/fifo.o
 .debug_ranges  0x0000000000000210       0x98 _build/system_time.o
 .debug_ranges  0x00000000000002a8       0x60 _build/stm32l0xx_ll_gpio.o
 .debug_ranges  0x0000000000000308      0x138 _build/stm32l0xx_ll_rcc.o
 .debug_ranges  0x0000000000000440       0xf0 _build/stm32l0xx_ll_tim.o
 .debug_ranges  0x0000000000000530       0xe0 _build/stm32l0xx_ll_utils.o
 .debug_ranges  0x0000000000000610       0x78 _build/stm32l0xx_ll_usart.o
 .debug_ranges  0x0000000000000688       0x20 _build/startup_stm32l053xx.o

.debug_macro    0x0000000000000000    0x1055b
 .debug_macro   0x0000000000000000      0x300 _build/main.o
 .debug_macro   0x0000000000000300      0xa4e _build/main.o
 .debug_macro   0x0000000000000d4e       0x2e _build/main.o
 .debug_macro   0x0000000000000d7c       0x28 _build/main.o
 .debug_macro   0x0000000000000da4       0x22 _build/main.o
 .debug_macro   0x0000000000000dc6       0x8e _build/main.o
 .debug_macro   0x0000000000000e54       0x51 _build/main.o
 .debug_macro   0x0000000000000ea5      0x103 _build/main.o
 .debug_macro   0x0000000000000fa8       0x6a _build/main.o
 .debug_macro   0x0000000000001012      0x1df _build/main.o
 .debug_macro   0x00000000000011f1       0x1c _build/main.o
 .debug_macro   0x000000000000120d       0x22 _build/main.o
 .debug_macro   0x000000000000122f       0xaf _build/main.o
 .debug_macro   0x00000000000012de      0x4da _build/main.o
 .debug_macro   0x00000000000017b8      0x11f _build/main.o
 .debug_macro   0x00000000000018d7     0x9d1b _build/main.o
 .debug_macro   0x000000000000b5f2       0x66 _build/main.o
 .debug_macro   0x000000000000b658      0x6f0 _build/main.o
 .debug_macro   0x000000000000bd48       0xfb _build/main.o
 .debug_macro   0x000000000000be43      0x18a _build/main.o
 .debug_macro   0x000000000000bfcd      0x303 _build/main.o
 .debug_macro   0x000000000000c2d0      0x109 _build/main.o
 .debug_macro   0x000000000000c3d9      0x12d _build/main.o
 .debug_macro   0x000000000000c506      0x24e _build/main.o
 .debug_macro   0x000000000000c754      0x229 _build/main.o
 .debug_macro   0x000000000000c97d       0xc2 _build/main.o
 .debug_macro   0x000000000000ca3f      0x43c _build/main.o
 .debug_macro   0x000000000000ce7b      0x179 _build/main.o
 .debug_macro   0x000000000000cff4      0x57d _build/main.o
 .debug_macro   0x000000000000d571      0x2f7 _build/main.o
 .debug_macro   0x000000000000d868       0x2a _build/main.o
 .debug_macro   0x000000000000d892       0xbe _build/main.o
 .debug_macro   0x000000000000d950       0x3a _build/main.o
 .debug_macro   0x000000000000d98a       0x22 _build/main.o
 .debug_macro   0x000000000000d9ac       0x10 _build/main.o
 .debug_macro   0x000000000000d9bc       0x64 _build/main.o
 .debug_macro   0x000000000000da20       0x18 _build/main.o
 .debug_macro   0x000000000000da38       0x35 _build/main.o
 .debug_macro   0x000000000000da6d       0x34 _build/main.o
 .debug_macro   0x000000000000daa1       0x16 _build/main.o
 .debug_macro   0x000000000000dab7       0x97 _build/main.o
 .debug_macro   0x000000000000db4e      0x333 _build/main.o
 .debug_macro   0x000000000000de81       0xfd _build/main.o
 .debug_macro   0x000000000000df7e       0x10 _build/main.o
 .debug_macro   0x000000000000df8e       0x16 _build/main.o
 .debug_macro   0x000000000000dfa4       0x43 _build/main.o
 .debug_macro   0x000000000000dfe7       0x34 _build/main.o
 .debug_macro   0x000000000000e01b       0x10 _build/main.o
 .debug_macro   0x000000000000e02b       0x58 _build/main.o
 .debug_macro   0x000000000000e083      0x182 _build/main.o
 .debug_macro   0x000000000000e205       0x10 _build/main.o
 .debug_macro   0x000000000000e215       0x1c _build/main.o
 .debug_macro   0x000000000000e231       0x52 _build/main.o
 .debug_macro   0x000000000000e283       0x22 _build/main.o
 .debug_macro   0x000000000000e2a5       0x10 _build/main.o
 .debug_macro   0x000000000000e2b5       0x40 _build/main.o
 .debug_macro   0x000000000000e2f5       0xd5 _build/main.o
 .debug_macro   0x000000000000e3ca       0x1c _build/main.o
 .debug_macro   0x000000000000e3e6       0x3d _build/main.o
 .debug_macro   0x000000000000e423       0x16 _build/main.o
 .debug_macro   0x000000000000e439      0x16f _build/main.o
 .debug_macro   0x000000000000e5a8       0x52 _build/main.o
 .debug_macro   0x000000000000e5fa      0x171 _build/gpio.o
 .debug_macro   0x000000000000e76b      0x25b _build/log_uart.o
 .debug_macro   0x000000000000e9c6      0x174 _build/log_uart.o
 .debug_macro   0x000000000000eb3a       0x10 _build/log_uart.o
 .debug_macro   0x000000000000eb4a       0x35 _build/log_uart.o
 .debug_macro   0x000000000000eb7f      0x204 _build/logger.o
 .debug_macro   0x000000000000ed83       0x5e _build/logger.o
 .debug_macro   0x000000000000ede1       0x94 _build/logger.o
 .debug_macro   0x000000000000ee75       0x57 _build/logger.o
 .debug_macro   0x000000000000eecc       0x16 _build/logger.o
 .debug_macro   0x000000000000eee2       0xdc _build/system_stm32l0xx.o
 .debug_macro   0x000000000000efbe       0x7c _build/fifo.o
 .debug_macro   0x000000000000f03a      0x19c _build/system_time.o
 .debug_macro   0x000000000000f1d6      0x106 _build/stm32l0xx_ll_gpio.o
 .debug_macro   0x000000000000f2dc      0x127 _build/stm32l0xx_ll_gpio.o
 .debug_macro   0x000000000000f403       0xf7 _build/stm32l0xx_ll_rcc.o
 .debug_macro   0x000000000000f4fa      0x436 _build/stm32l0xx_ll_rcc.o
 .debug_macro   0x000000000000f930      0x124 _build/stm32l0xx_ll_tim.o
 .debug_macro   0x000000000000fa54      0x577 _build/stm32l0xx_ll_tim.o
 .debug_macro   0x000000000000ffcb      0x16c _build/stm32l0xx_ll_utils.o
 .debug_macro   0x0000000000010137      0x133 _build/stm32l0xx_ll_usart.o
 .debug_macro   0x000000000001026a      0x2f1 _build/stm32l0xx_ll_usart.o

.debug_line     0x0000000000000000     0x4af5
 .debug_line    0x0000000000000000      0x8fe _build/main.o
 .debug_line    0x00000000000008fe      0x4b1 _build/gpio.o
 .debug_line    0x0000000000000daf      0x925 _build/log_uart.o
 .debug_line    0x00000000000016d4      0x2fe _build/logger.o
 .debug_line    0x00000000000019d2      0x356 _build/system_stm32l0xx.o
 .debug_line    0x0000000000001d28      0x3a9 _build/fifo.o
 .debug_line    0x00000000000020d1      0x727 _build/system_time.o
 .debug_line    0x00000000000027f8      0x4a8 _build/stm32l0xx_ll_gpio.o
 .debug_line    0x0000000000002ca0      0x980 _build/stm32l0xx_ll_rcc.o
 .debug_line    0x0000000000003620      0x78e _build/stm32l0xx_ll_tim.o
 .debug_line    0x0000000000003dae      0x79d _build/stm32l0xx_ll_utils.o
 .debug_line    0x000000000000454b      0x532 _build/stm32l0xx_ll_usart.o
 .debug_line    0x0000000000004a7d       0x78 _build/startup_stm32l053xx.o

.debug_str      0x0000000000000000    0x54f95
 .debug_str     0x0000000000000000    0x515be _build/main.o
                                      0x51860 (size before relaxing)
 .debug_str     0x00000000000515be      0x13e _build/gpio.o
                                      0x4d892 (size before relaxing)
 .debug_str     0x00000000000516fc      0x479 _build/log_uart.o
                                      0x50a00 (size before relaxing)
 .debug_str     0x0000000000051b75       0x1d _build/logger.o
                                       0x7877 (size before relaxing)
 .debug_str     0x0000000000051b92       0xf4 _build/system_stm32l0xx.o
                                      0x3d1da (size before relaxing)
 .debug_str     0x0000000000051c86       0xca _build/fifo.o
                                       0x3c65 (size before relaxing)
 .debug_str     0x0000000000051d50      0x2d7 _build/system_time.o
                                      0x4de5e (size before relaxing)
 .debug_str     0x0000000000052027      0x5b1 _build/stm32l0xx_ll_gpio.o
                                      0x3e467 (size before relaxing)
 .debug_str     0x00000000000525d8      0x62a _build/stm32l0xx_ll_rcc.o
                                      0x3f3e2 (size before relaxing)
 .debug_str     0x0000000000052c02      0xe4e _build/stm32l0xx_ll_tim.o
                                      0x412a6 (size before relaxing)
 .debug_str     0x0000000000053a50      0xce7 _build/stm32l0xx_ll_utils.o
                                      0x40b41 (size before relaxing)
 .debug_str     0x0000000000054737      0x83a _build/stm32l0xx_ll_usart.o
                                      0x40d94 (size before relaxing)
 .debug_str     0x0000000000054f71       0x24 _build/startup_stm32l053xx.o
                                         0x62 (size before relaxing)

.comment        0x0000000000000000       0x4d
 .comment       0x0000000000000000       0x4d _build/main.o
                                         0x4e (size before relaxing)
 .comment       0x000000000000004d       0x4e _build/gpio.o
 .comment       0x000000000000004d       0x4e _build/log_uart.o
 .comment       0x000000000000004d       0x4e _build/logger.o
 .comment       0x000000000000004d       0x4e _build/system_stm32l0xx.o
 .comment       0x000000000000004d       0x4e _build/fifo.o
 .comment       0x000000000000004d       0x4e _build/system_time.o
 .comment       0x000000000000004d       0x4e _build/stm32l0xx_ll_gpio.o
 .comment       0x000000000000004d       0x4e _build/stm32l0xx_ll_rcc.o
 .comment       0x000000000000004d       0x4e _build/stm32l0xx_ll_tim.o
 .comment       0x000000000000004d       0x4e _build/stm32l0xx_ll_utils.o
 .comment       0x000000000000004d       0x4e _build/stm32l0xx_ll_usart.o

.debug_frame    0x0000000000000000     0x1cd8
 .debug_frame   0x0000000000000000      0x2f0 _build/main.o
 .debug_frame   0x00000000000002f0       0xb0 _build/gpio.o
 .debug_frame   0x00000000000003a0      0x2a8 _build/log_uart.o
 .debug_frame   0x0000000000000648       0x30 _build/logger.o
 .debug_frame   0x0000000000000678       0x4c _build/system_stm32l0xx.o
 .debug_frame   0x00000000000006c4       0xf0 _build/fifo.o
 .debug_frame   0x00000000000007b4      0x24c _build/system_time.o
 .debug_frame   0x0000000000000a00      0x170 _build/stm32l0xx_ll_gpio.o
 .debug_frame   0x0000000000000b70      0x488 _build/stm32l0xx_ll_rcc.o
 .debug_frame   0x0000000000000ff8      0x3b0 _build/stm32l0xx_ll_tim.o
 .debug_frame   0x00000000000013a8      0x344 _build/stm32l0xx_ll_utils.o
 .debug_frame   0x00000000000016ec      0x1d0 _build/stm32l0xx_ll_usart.o
 .debug_frame   0x00000000000018bc       0x2c /Applications/ARM/bin/../lib/gcc/arm-none-eabi/10.2.1/../../../../arm-none-eabi/lib/thumb/v6-m/nofp/libc_nano.a(lib_a-init.o)
 .debug_frame   0x00000000000018e8       0x20 /Applications/ARM/bin/../lib/gcc/arm-none-eabi/10.2.1/../../../../arm-none-eabi/lib/thumb/v6-m/nofp/libc_nano.a(lib_a-memset.o)
 .debug_frame   0x0000000000001908       0x48 /Applications/ARM/bin/../lib/gcc/arm-none-eabi/10.2.1/../../../../arm-none-eabi/lib/thumb/v6-m/nofp/libc_nano.a(lib_a-sprintf.o)
 .debug_frame   0x0000000000001950       0x74 /Applications/ARM/bin/../lib/gcc/arm-none-eabi/10.2.1/../../../../arm-none-eabi/lib/thumb/v6-m/nofp/libc_nano.a(lib_a-nano-svfprintf.o)
 .debug_frame   0x00000000000019c4       0x54 /Applications/ARM/bin/../lib/gcc/arm-none-eabi/10.2.1/../../../../arm-none-eabi/lib/thumb/v6-m/nofp/libc_nano.a(lib_a-nano-vfprintf_i.o)
 .debug_frame   0x0000000000001a18       0x20 /Applications/ARM/bin/../lib/gcc/arm-none-eabi/10.2.1/../../../../arm-none-eabi/lib/thumb/v6-m/nofp/libc_nano.a(lib_a-memchr-stub.o)
 .debug_frame   0x0000000000001a38       0x28 /Applications/ARM/bin/../lib/gcc/arm-none-eabi/10.2.1/../../../../arm-none-eabi/lib/thumb/v6-m/nofp/libc_nano.a(lib_a-memcpy-stub.o)
 .debug_frame   0x0000000000001a60       0x28 /Applications/ARM/bin/../lib/gcc/arm-none-eabi/10.2.1/../../../../arm-none-eabi/lib/thumb/v6-m/nofp/libc_nano.a(lib_a-memmove.o)
 .debug_frame   0x0000000000001a88       0x2c /Applications/ARM/bin/../lib/gcc/arm-none-eabi/10.2.1/../../../../arm-none-eabi/lib/thumb/v6-m/nofp/libc_nano.a(lib_a-nano-freer.o)
 .debug_frame   0x0000000000001ab4       0x30 /Applications/ARM/bin/../lib/gcc/arm-none-eabi/10.2.1/../../../../arm-none-eabi/lib/thumb/v6-m/nofp/libc_nano.a(lib_a-nano-mallocr.o)
 .debug_frame   0x0000000000001ae4       0x30 /Applications/ARM/bin/../lib/gcc/arm-none-eabi/10.2.1/../../../../arm-none-eabi/lib/thumb/v6-m/nofp/libc_nano.a(lib_a-nano-reallocr.o)
 .debug_frame   0x0000000000001b14       0x2c /Applications/ARM/bin/../lib/gcc/arm-none-eabi/10.2.1/../../../../arm-none-eabi/lib/thumb/v6-m/nofp/libc_nano.a(lib_a-sbrkr.o)
 .debug_frame   0x0000000000001b40       0x40 /Applications/ARM/bin/../lib/gcc/arm-none-eabi/10.2.1/../../../../arm-none-eabi/lib/thumb/v6-m/nofp/libc_nano.a(lib_a-mlock.o)
 .debug_frame   0x0000000000001b80       0x20 /Applications/ARM/bin/../lib/gcc/arm-none-eabi/10.2.1/../../../../arm-none-eabi/lib/thumb/v6-m/nofp/libc_nano.a(lib_a-nano-msizer.o)
 .debug_frame   0x0000000000001ba0       0x48 /Applications/ARM/bin/../lib/gcc/arm-none-eabi/10.2.1/../../../../arm-none-eabi/lib/thumb/v6-m/nofp/libc_nano.a(lib_a-reent.o)
 .debug_frame   0x0000000000001be8       0xb0 /Applications/ARM/bin/../lib/gcc/arm-none-eabi/10.2.1/../../../../arm-none-eabi/lib/thumb/v6-m/nofp/libc_nano.a(lib_a-lock.o)
 .debug_frame   0x0000000000001c98       0x20 /Applications/ARM/bin/../lib/gcc/arm-none-eabi/10.2.1/../../../../arm-none-eabi/lib/thumb/v6-m/nofp/libnosys.a(sbrk.o)
 .debug_frame   0x0000000000001cb8       0x20 /Applications/ARM/bin/../lib/gcc/arm-none-eabi/10.2.1/thumb/v6-m/nofp/libgcc.a(_udivsi3.o)

Cross Reference Table

Symbol                                            File
ADC1_COMP_IRQHandler                              _build/startup_stm32l053xx.o
AHBPrescTable                                     _build/system_stm32l0xx.o
                                                  _build/stm32l0xx_ll_utils.o
                                                  _build/stm32l0xx_ll_rcc.o
APBPrescTable                                     _build/system_stm32l0xx.o
                                                  _build/stm32l0xx_ll_rcc.o
DMA1_Channel1_IRQHandler                          _build/startup_stm32l053xx.o
DMA1_Channel2_3_IRQHandler                        _build/startup_stm32l053xx.o
DMA1_Channel4_5_6_7_IRQHandler                    _build/startup_stm32l053xx.o
Default_Handler                                   _build/startup_stm32l053xx.o
EXTI0_1_IRQHandler                                _build/startup_stm32l053xx.o
EXTI2_3_IRQHandler                                _build/startup_stm32l053xx.o
EXTI4_15_IRQHandler                               _build/startup_stm32l053xx.o
FLASH_IRQHandler                                  _build/startup_stm32l053xx.o
HardFault_Handler                                 _build/startup_stm32l053xx.o
I2C1_IRQHandler                                   _build/startup_stm32l053xx.o
I2C2_IRQHandler                                   _build/startup_stm32l053xx.o
LCD_IRQHandler                                    _build/startup_stm32l053xx.o
LL_ADC_CommonDeInit                               _build/stm32l0xx_ll_adc.o
LL_ADC_CommonInit                                 _build/stm32l0xx_ll_adc.o
LL_ADC_CommonStructInit                           _build/stm32l0xx_ll_adc.o
LL_ADC_DeInit                                     _build/stm32l0xx_ll_adc.o
LL_ADC_Init                                       _build/stm32l0xx_ll_adc.o
LL_ADC_REG_Init                                   _build/stm32l0xx_ll_adc.o
LL_ADC_REG_StructInit                             _build/stm32l0xx_ll_adc.o
LL_ADC_StructInit                                 _build/stm32l0xx_ll_adc.o
LL_GPIO_DeInit                                    _build/stm32l0xx_ll_gpio.o
LL_GPIO_Init                                      _build/stm32l0xx_ll_gpio.o
                                                  _build/log_uart.o
                                                  _build/gpio.o
LL_GPIO_StructInit                                _build/stm32l0xx_ll_gpio.o
LL_I2C_DeInit                                     _build/stm32l0xx_ll_i2c.o
LL_I2C_Init                                       _build/stm32l0xx_ll_i2c.o
                                                  _build/i2c.o
LL_I2C_StructInit                                 _build/stm32l0xx_ll_i2c.o
LL_Init1msTick                                    _build/stm32l0xx_ll_utils.o
                                                  _build/main.o
LL_LPUART_DeInit                                  _build/stm32l0xx_ll_lpuart.o
LL_LPUART_Init                                    _build/stm32l0xx_ll_lpuart.o
LL_LPUART_StructInit                              _build/stm32l0xx_ll_lpuart.o
LL_PLL_ConfigSystemClock_HSE                      _build/stm32l0xx_ll_utils.o
LL_PLL_ConfigSystemClock_HSI                      _build/stm32l0xx_ll_utils.o
LL_RCC_DeInit                                     _build/stm32l0xx_ll_rcc.o
LL_RCC_GetI2CClockFreq                            _build/stm32l0xx_ll_rcc.o
LL_RCC_GetLPTIMClockFreq                          _build/stm32l0xx_ll_rcc.o
LL_RCC_GetLPUARTClockFreq                         _build/stm32l0xx_ll_rcc.o
                                                  _build/stm32l0xx_ll_lpuart.o
LL_RCC_GetSystemClocksFreq                        _build/stm32l0xx_ll_rcc.o
LL_RCC_GetUSARTClockFreq                          _build/stm32l0xx_ll_rcc.o
                                                  _build/stm32l0xx_ll_usart.o
LL_RCC_GetUSBClockFreq                            _build/stm32l0xx_ll_rcc.o
LL_SetFlashLatency                                _build/stm32l0xx_ll_utils.o
LL_SetSystemCoreClock                             _build/stm32l0xx_ll_utils.o
                                                  _build/main.o
LL_TIM_DeInit                                     _build/stm32l0xx_ll_tim.o
LL_TIM_ENCODER_Init                               _build/stm32l0xx_ll_tim.o
LL_TIM_ENCODER_StructInit                         _build/stm32l0xx_ll_tim.o
LL_TIM_IC_Init                                    _build/stm32l0xx_ll_tim.o
LL_TIM_IC_StructInit                              _build/stm32l0xx_ll_tim.o
LL_TIM_Init                                       _build/stm32l0xx_ll_tim.o
                                                  _build/system_time.o
LL_TIM_OC_Init                                    _build/stm32l0xx_ll_tim.o
LL_TIM_OC_StructInit                              _build/stm32l0xx_ll_tim.o
LL_TIM_StructInit                                 _build/stm32l0xx_ll_tim.o
LL_USART_ClockInit                                _build/stm32l0xx_ll_usart.o
LL_USART_ClockStructInit                          _build/stm32l0xx_ll_usart.o
LL_USART_DeInit                                   _build/stm32l0xx_ll_usart.o
LL_USART_Init                                     _build/stm32l0xx_ll_usart.o
                                                  _build/log_uart.o
LL_USART_StructInit                               _build/stm32l0xx_ll_usart.o
LL_mDelay                                         _build/stm32l0xx_ll_utils.o
LPTIM1_IRQHandler                                 _build/startup_stm32l053xx.o
NMI_Handler                                       _build/startup_stm32l053xx.o
PLLMulTable                                       _build/system_stm32l0xx.o
                                                  _build/stm32l0xx_ll_utils.o
                                                  _build/stm32l0xx_ll_rcc.o
PVD_IRQHandler                                    _build/startup_stm32l053xx.o
PendSV_Handler                                    _build/startup_stm32l053xx.o
RCC_CRS_IRQHandler                                _build/startup_stm32l053xx.o
RNG_LPUART1_IRQHandler                            _build/startup_stm32l053xx.o
RTC_IRQHandler                                    _build/startup_stm32l053xx.o
Reset_Handler                                     _build/startup_stm32l053xx.o
SPI1_IRQHandler                                   _build/startup_stm32l053xx.o
SPI2_IRQHandler                                   _build/startup_stm32l053xx.o
SVC_Handler                                       _build/startup_stm32l053xx.o
SysTick_Handler                                   _build/startup_stm32l053xx.o
SystemCoreClock                                   _build/system_stm32l0xx.o
                                                  _build/stm32l0xx_ll_utils.o
SystemCoreClockUpdate                             _build/system_stm32l0xx.o
SystemInit                                        _build/system_stm32l0xx.o
                                                  _build/startup_stm32l053xx.o
TIM21_IRQHandler                                  _build/startup_stm32l053xx.o
TIM22_IRQHandler                                  _build/startup_stm32l053xx.o
TIM2_IRQHandler                                   _build/system_time.o
TIM6_DAC_IRQHandler                               _build/startup_stm32l053xx.o
TSC_IRQHandler                                    _build/startup_stm32l053xx.o
USART1_IRQHandler                                 _build/startup_stm32l053xx.o
USART2_IRQHandler                                 _build/log_uart.o
USB_IRQHandler                                    _build/startup_stm32l053xx.o
WWDG_IRQHandler                                   _build/startup_stm32l053xx.o
__aeabi_idiv0                                     /Applications/ARM/bin/../lib/gcc/arm-none-eabi/10.2.1/thumb/v6-m/nofp/libgcc.a(_dvmd_tls.o)
                                                  /Applications/ARM/bin/../lib/gcc/arm-none-eabi/10.2.1/thumb/v6-m/nofp/libgcc.a(_udivsi3.o)
__aeabi_ldiv0                                     /Applications/ARM/bin/../lib/gcc/arm-none-eabi/10.2.1/thumb/v6-m/nofp/libgcc.a(_dvmd_tls.o)
                                                  /Applications/ARM/bin/../lib/gcc/arm-none-eabi/10.2.1/thumb/v6-m/nofp/libgcc.a(_aeabi_uldivmod.o)
__aeabi_uidiv                                     /Applications/ARM/bin/../lib/gcc/arm-none-eabi/10.2.1/thumb/v6-m/nofp/libgcc.a(_udivsi3.o)
                                                  _build/stm32l0xx_ll_usart.o
                                                  _build/stm32l0xx_ll_utils.o
                                                  _build/stm32l0xx_ll_rcc.o
                                                  _build/system_time.o
                                                  _build/system_stm32l0xx.o
__aeabi_uidivmod                                  /Applications/ARM/bin/../lib/gcc/arm-none-eabi/10.2.1/thumb/v6-m/nofp/libgcc.a(_udivsi3.o)
                                                  /Applications/ARM/bin/../lib/gcc/arm-none-eabi/10.2.1/../../../../arm-none-eabi/lib/thumb/v6-m/nofp/libc_nano.a(lib_a-nano-vfprintf_i.o)
__aeabi_uldivmod                                  /Applications/ARM/bin/../lib/gcc/arm-none-eabi/10.2.1/thumb/v6-m/nofp/libgcc.a(_aeabi_uldivmod.o)
                                                  _build/stm32l0xx_ll_lpuart.o
__bss_end__                                       /Applications/ARM/bin/../lib/gcc/arm-none-eabi/10.2.1/../../../../arm-none-eabi/lib/thumb/v6-m/nofp/crt0.o
__bss_start__                                     /Applications/ARM/bin/../lib/gcc/arm-none-eabi/10.2.1/../../../../arm-none-eabi/lib/thumb/v6-m/nofp/crt0.o
__call_exitprocs                                  /Applications/ARM/bin/../lib/gcc/arm-none-eabi/10.2.1/../../../../arm-none-eabi/lib/thumb/v6-m/nofp/libc_nano.a(lib_a-exit.o)
__clzdi2                                          /Applications/ARM/bin/../lib/gcc/arm-none-eabi/10.2.1/thumb/v6-m/nofp/libgcc.a(_clzdi2.o)
                                                  /Applications/ARM/bin/../lib/gcc/arm-none-eabi/10.2.1/thumb/v6-m/nofp/libgcc.a(_udivmoddi4.o)
__clzsi2                                          /Applications/ARM/bin/../lib/gcc/arm-none-eabi/10.2.1/thumb/v6-m/nofp/libgcc.a(_clzsi2.o)
                                                  /Applications/ARM/bin/../lib/gcc/arm-none-eabi/10.2.1/thumb/v6-m/nofp/libgcc.a(_clzdi2.o)
__deregister_frame_info                           /Applications/ARM/bin/../lib/gcc/arm-none-eabi/10.2.1/thumb/v6-m/nofp/crtbegin.o
__dso_handle                                      /Applications/ARM/bin/../lib/gcc/arm-none-eabi/10.2.1/thumb/v6-m/nofp/crtbegin.o
__gnu_thumb1_case_shi                             /Applications/ARM/bin/../lib/gcc/arm-none-eabi/10.2.1/thumb/v6-m/nofp/libgcc.a(_thumb1_case_shi.o)
                                                  /Applications/ARM/bin/../lib/gcc/arm-none-eabi/10.2.1/../../../../arm-none-eabi/lib/thumb/v6-m/nofp/libc_nano.a(lib_a-nano-vfprintf_i.o)
__init_array_end                                  /Applications/ARM/bin/../lib/gcc/arm-none-eabi/10.2.1/../../../../arm-none-eabi/lib/thumb/v6-m/nofp/libc_nano.a(lib_a-init.o)
__init_array_start                                /Applications/ARM/bin/../lib/gcc/arm-none-eabi/10.2.1/../../../../arm-none-eabi/lib/thumb/v6-m/nofp/libc_nano.a(lib_a-init.o)
__libc_fini_array                                 /Applications/ARM/bin/../lib/gcc/arm-none-eabi/10.2.1/../../../../arm-none-eabi/lib/thumb/v6-m/nofp/crt0.o
__libc_init_array                                 /Applications/ARM/bin/../lib/gcc/arm-none-eabi/10.2.1/../../../../arm-none-eabi/lib/thumb/v6-m/nofp/libc_nano.a(lib_a-init.o)
                                                  _build/startup_stm32l053xx.o
                                                  /Applications/ARM/bin/../lib/gcc/arm-none-eabi/10.2.1/../../../../arm-none-eabi/lib/thumb/v6-m/nofp/crt0.o
__lock___arc4random_mutex                         /Applications/ARM/bin/../lib/gcc/arm-none-eabi/10.2.1/../../../../arm-none-eabi/lib/thumb/v6-m/nofp/libc_nano.a(lib_a-lock.o)
__lock___at_quick_exit_mutex                      /Applications/ARM/bin/../lib/gcc/arm-none-eabi/10.2.1/../../../../arm-none-eabi/lib/thumb/v6-m/nofp/libc_nano.a(lib_a-lock.o)
__lock___atexit_recursive_mutex                   /Applications/ARM/bin/../lib/gcc/arm-none-eabi/10.2.1/../../../../arm-none-eabi/lib/thumb/v6-m/nofp/libc_nano.a(lib_a-lock.o)
__lock___dd_hash_mutex                            /Applications/ARM/bin/../lib/gcc/arm-none-eabi/10.2.1/../../../../arm-none-eabi/lib/thumb/v6-m/nofp/libc_nano.a(lib_a-lock.o)
__lock___env_recursive_mutex                      /Applications/ARM/bin/../lib/gcc/arm-none-eabi/10.2.1/../../../../arm-none-eabi/lib/thumb/v6-m/nofp/libc_nano.a(lib_a-lock.o)
__lock___malloc_recursive_mutex                   /Applications/ARM/bin/../lib/gcc/arm-none-eabi/10.2.1/../../../../arm-none-eabi/lib/thumb/v6-m/nofp/libc_nano.a(lib_a-lock.o)
                                                  /Applications/ARM/bin/../lib/gcc/arm-none-eabi/10.2.1/../../../../arm-none-eabi/lib/thumb/v6-m/nofp/libc_nano.a(lib_a-mlock.o)
__lock___sfp_recursive_mutex                      /Applications/ARM/bin/../lib/gcc/arm-none-eabi/10.2.1/../../../../arm-none-eabi/lib/thumb/v6-m/nofp/libc_nano.a(lib_a-lock.o)
__lock___sinit_recursive_mutex                    /Applications/ARM/bin/../lib/gcc/arm-none-eabi/10.2.1/../../../../arm-none-eabi/lib/thumb/v6-m/nofp/libc_nano.a(lib_a-lock.o)
__lock___tz_mutex                                 /Applications/ARM/bin/../lib/gcc/arm-none-eabi/10.2.1/../../../../arm-none-eabi/lib/thumb/v6-m/nofp/libc_nano.a(lib_a-lock.o)
__malloc_free_list                                /Applications/ARM/bin/../lib/gcc/arm-none-eabi/10.2.1/../../../../arm-none-eabi/lib/thumb/v6-m/nofp/libc_nano.a(lib_a-nano-mallocr.o)
                                                  /Applications/ARM/bin/../lib/gcc/arm-none-eabi/10.2.1/../../../../arm-none-eabi/lib/thumb/v6-m/nofp/libc_nano.a(lib_a-nano-freer.o)
__malloc_lock                                     /Applications/ARM/bin/../lib/gcc/arm-none-eabi/10.2.1/../../../../arm-none-eabi/lib/thumb/v6-m/nofp/libc_nano.a(lib_a-mlock.o)
                                                  /Applications/ARM/bin/../lib/gcc/arm-none-eabi/10.2.1/../../../../arm-none-eabi/lib/thumb/v6-m/nofp/libc_nano.a(lib_a-nano-mallocr.o)
                                                  /Applications/ARM/bin/../lib/gcc/arm-none-eabi/10.2.1/../../../../arm-none-eabi/lib/thumb/v6-m/nofp/libc_nano.a(lib_a-nano-freer.o)
__malloc_sbrk_start                               /Applications/ARM/bin/../lib/gcc/arm-none-eabi/10.2.1/../../../../arm-none-eabi/lib/thumb/v6-m/nofp/libc_nano.a(lib_a-nano-mallocr.o)
__malloc_unlock                                   /Applications/ARM/bin/../lib/gcc/arm-none-eabi/10.2.1/../../../../arm-none-eabi/lib/thumb/v6-m/nofp/libc_nano.a(lib_a-mlock.o)
                                                  /Applications/ARM/bin/../lib/gcc/arm-none-eabi/10.2.1/../../../../arm-none-eabi/lib/thumb/v6-m/nofp/libc_nano.a(lib_a-nano-mallocr.o)
                                                  /Applications/ARM/bin/../lib/gcc/arm-none-eabi/10.2.1/../../../../arm-none-eabi/lib/thumb/v6-m/nofp/libc_nano.a(lib_a-nano-freer.o)
__preinit_array_end                               /Applications/ARM/bin/../lib/gcc/arm-none-eabi/10.2.1/../../../../arm-none-eabi/lib/thumb/v6-m/nofp/libc_nano.a(lib_a-init.o)
__preinit_array_start                             /Applications/ARM/bin/../lib/gcc/arm-none-eabi/10.2.1/../../../../arm-none-eabi/lib/thumb/v6-m/nofp/libc_nano.a(lib_a-init.o)
__register_frame_info                             /Applications/ARM/bin/../lib/gcc/arm-none-eabi/10.2.1/thumb/v6-m/nofp/crtbegin.o
__retarget_lock_acquire                           /Applications/ARM/bin/../lib/gcc/arm-none-eabi/10.2.1/../../../../arm-none-eabi/lib/thumb/v6-m/nofp/libc_nano.a(lib_a-lock.o)
__retarget_lock_acquire_recursive                 /Applications/ARM/bin/../lib/gcc/arm-none-eabi/10.2.1/../../../../arm-none-eabi/lib/thumb/v6-m/nofp/libc_nano.a(lib_a-lock.o)
                                                  /Applications/ARM/bin/../lib/gcc/arm-none-eabi/10.2.1/../../../../arm-none-eabi/lib/thumb/v6-m/nofp/libc_nano.a(lib_a-mlock.o)
__retarget_lock_close                             /Applications/ARM/bin/../lib/gcc/arm-none-eabi/10.2.1/../../../../arm-none-eabi/lib/thumb/v6-m/nofp/libc_nano.a(lib_a-lock.o)
__retarget_lock_close_recursive                   /Applications/ARM/bin/../lib/gcc/arm-none-eabi/10.2.1/../../../../arm-none-eabi/lib/thumb/v6-m/nofp/libc_nano.a(lib_a-lock.o)
__retarget_lock_init                              /Applications/ARM/bin/../lib/gcc/arm-none-eabi/10.2.1/../../../../arm-none-eabi/lib/thumb/v6-m/nofp/libc_nano.a(lib_a-lock.o)
__retarget_lock_init_recursive                    /Applications/ARM/bin/../lib/gcc/arm-none-eabi/10.2.1/../../../../arm-none-eabi/lib/thumb/v6-m/nofp/libc_nano.a(lib_a-lock.o)
__retarget_lock_release                           /Applications/ARM/bin/../lib/gcc/arm-none-eabi/10.2.1/../../../../arm-none-eabi/lib/thumb/v6-m/nofp/libc_nano.a(lib_a-lock.o)
__retarget_lock_release_recursive                 /Applications/ARM/bin/../lib/gcc/arm-none-eabi/10.2.1/../../../../arm-none-eabi/lib/thumb/v6-m/nofp/libc_nano.a(lib_a-lock.o)
                                                  /Applications/ARM/bin/../lib/gcc/arm-none-eabi/10.2.1/../../../../arm-none-eabi/lib/thumb/v6-m/nofp/libc_nano.a(lib_a-mlock.o)
__retarget_lock_try_acquire                       /Applications/ARM/bin/../lib/gcc/arm-none-eabi/10.2.1/../../../../arm-none-eabi/lib/thumb/v6-m/nofp/libc_nano.a(lib_a-lock.o)
__retarget_lock_try_acquire_recursive             /Applications/ARM/bin/../lib/gcc/arm-none-eabi/10.2.1/../../../../arm-none-eabi/lib/thumb/v6-m/nofp/libc_nano.a(lib_a-lock.o)
__sf_fake_stderr                                  /Applications/ARM/bin/../lib/gcc/arm-none-eabi/10.2.1/../../../../arm-none-eabi/lib/thumb/v6-m/nofp/libc_nano.a(lib_a-impure.o)
__sf_fake_stdin                                   /Applications/ARM/bin/../lib/gcc/arm-none-eabi/10.2.1/../../../../arm-none-eabi/lib/thumb/v6-m/nofp/libc_nano.a(lib_a-impure.o)
__sf_fake_stdout                                  /Applications/ARM/bin/../lib/gcc/arm-none-eabi/10.2.1/../../../../arm-none-eabi/lib/thumb/v6-m/nofp/libc_nano.a(lib_a-impure.o)
__ssprint_r                                       /Applications/ARM/bin/../lib/gcc/arm-none-eabi/10.2.1/../../../../arm-none-eabi/lib/thumb/v6-m/nofp/libc_nano.a(lib_a-nano-svfprintf.o)
__ssputs_r                                        /Applications/ARM/bin/../lib/gcc/arm-none-eabi/10.2.1/../../../../arm-none-eabi/lib/thumb/v6-m/nofp/libc_nano.a(lib_a-nano-svfprintf.o)
__stack                                           /Applications/ARM/bin/../lib/gcc/arm-none-eabi/10.2.1/../../../../arm-none-eabi/lib/thumb/v6-m/nofp/crt0.o
__udivmoddi4                                      /Applications/ARM/bin/../lib/gcc/arm-none-eabi/10.2.1/thumb/v6-m/nofp/libgcc.a(_udivmoddi4.o)
                                                  /Applications/ARM/bin/../lib/gcc/arm-none-eabi/10.2.1/thumb/v6-m/nofp/libgcc.a(_aeabi_uldivmod.o)
__udivsi3                                         /Applications/ARM/bin/../lib/gcc/arm-none-eabi/10.2.1/thumb/v6-m/nofp/libgcc.a(_udivsi3.o)
_ebss                                             _build/startup_stm32l053xx.o
_edata                                            _build/startup_stm32l053xx.o
_estack                                           _build/startup_stm32l053xx.o
_exit                                             /Applications/ARM/bin/../lib/gcc/arm-none-eabi/10.2.1/../../../../arm-none-eabi/lib/thumb/v6-m/nofp/libnosys.a(_exit.o)
                                                  /Applications/ARM/bin/../lib/gcc/arm-none-eabi/10.2.1/../../../../arm-none-eabi/lib/thumb/v6-m/nofp/libc_nano.a(lib_a-exit.o)
_fini                                             /Applications/ARM/bin/../lib/gcc/arm-none-eabi/10.2.1/thumb/v6-m/nofp/crti.o
_free_r                                           /Applications/ARM/bin/../lib/gcc/arm-none-eabi/10.2.1/../../../../arm-none-eabi/lib/thumb/v6-m/nofp/libc_nano.a(lib_a-nano-freer.o)
                                                  /Applications/ARM/bin/../lib/gcc/arm-none-eabi/10.2.1/../../../../arm-none-eabi/lib/thumb/v6-m/nofp/libc_nano.a(lib_a-reent.o)
                                                  /Applications/ARM/bin/../lib/gcc/arm-none-eabi/10.2.1/../../../../arm-none-eabi/lib/thumb/v6-m/nofp/libc_nano.a(lib_a-nano-reallocr.o)
                                                  /Applications/ARM/bin/../lib/gcc/arm-none-eabi/10.2.1/../../../../arm-none-eabi/lib/thumb/v6-m/nofp/libc_nano.a(lib_a-nano-svfprintf.o)
_global_impure_ptr                                /Applications/ARM/bin/../lib/gcc/arm-none-eabi/10.2.1/../../../../arm-none-eabi/lib/thumb/v6-m/nofp/libc_nano.a(lib_a-impure.o)
                                                  /Applications/ARM/bin/../lib/gcc/arm-none-eabi/10.2.1/../../../../arm-none-eabi/lib/thumb/v6-m/nofp/libc_nano.a(lib_a-exit.o)
_impure_ptr                                       /Applications/ARM/bin/../lib/gcc/arm-none-eabi/10.2.1/../../../../arm-none-eabi/lib/thumb/v6-m/nofp/libc_nano.a(lib_a-impure.o)
                                                  /Applications/ARM/bin/../lib/gcc/arm-none-eabi/10.2.1/../../../../arm-none-eabi/lib/thumb/v6-m/nofp/libc_nano.a(lib_a-reent.o)
                                                  /Applications/ARM/bin/../lib/gcc/arm-none-eabi/10.2.1/../../../../arm-none-eabi/lib/thumb/v6-m/nofp/libc_nano.a(lib_a-sprintf.o)
_init                                             /Applications/ARM/bin/../lib/gcc/arm-none-eabi/10.2.1/thumb/v6-m/nofp/crti.o
                                                  /Applications/ARM/bin/../lib/gcc/arm-none-eabi/10.2.1/../../../../arm-none-eabi/lib/thumb/v6-m/nofp/libc_nano.a(lib_a-init.o)
_mainCRTStartup                                   /Applications/ARM/bin/../lib/gcc/arm-none-eabi/10.2.1/../../../../arm-none-eabi/lib/thumb/v6-m/nofp/crt0.o
_malloc_r                                         /Applications/ARM/bin/../lib/gcc/arm-none-eabi/10.2.1/../../../../arm-none-eabi/lib/thumb/v6-m/nofp/libc_nano.a(lib_a-nano-mallocr.o)
                                                  /Applications/ARM/bin/../lib/gcc/arm-none-eabi/10.2.1/../../../../arm-none-eabi/lib/thumb/v6-m/nofp/libc_nano.a(lib_a-nano-reallocr.o)
                                                  /Applications/ARM/bin/../lib/gcc/arm-none-eabi/10.2.1/../../../../arm-none-eabi/lib/thumb/v6-m/nofp/libc_nano.a(lib_a-nano-svfprintf.o)
_malloc_usable_size_r                             /Applications/ARM/bin/../lib/gcc/arm-none-eabi/10.2.1/../../../../arm-none-eabi/lib/thumb/v6-m/nofp/libc_nano.a(lib_a-nano-msizer.o)
                                                  /Applications/ARM/bin/../lib/gcc/arm-none-eabi/10.2.1/../../../../arm-none-eabi/lib/thumb/v6-m/nofp/libc_nano.a(lib_a-nano-reallocr.o)
_printf_common                                    /Applications/ARM/bin/../lib/gcc/arm-none-eabi/10.2.1/../../../../arm-none-eabi/lib/thumb/v6-m/nofp/libc_nano.a(lib_a-nano-vfprintf_i.o)
_printf_float                                     /Applications/ARM/bin/../lib/gcc/arm-none-eabi/10.2.1/../../../../arm-none-eabi/lib/thumb/v6-m/nofp/libc_nano.a(lib_a-nano-svfprintf.o)
_printf_i                                         /Applications/ARM/bin/../lib/gcc/arm-none-eabi/10.2.1/../../../../arm-none-eabi/lib/thumb/v6-m/nofp/libc_nano.a(lib_a-nano-vfprintf_i.o)
                                                  /Applications/ARM/bin/../lib/gcc/arm-none-eabi/10.2.1/../../../../arm-none-eabi/lib/thumb/v6-m/nofp/libc_nano.a(lib_a-nano-svfprintf.o)
_realloc_r                                        /Applications/ARM/bin/../lib/gcc/arm-none-eabi/10.2.1/../../../../arm-none-eabi/lib/thumb/v6-m/nofp/libc_nano.a(lib_a-nano-reallocr.o)
                                                  /Applications/ARM/bin/../lib/gcc/arm-none-eabi/10.2.1/../../../../arm-none-eabi/lib/thumb/v6-m/nofp/libc_nano.a(lib_a-nano-svfprintf.o)
_reclaim_reent                                    /Applications/ARM/bin/../lib/gcc/arm-none-eabi/10.2.1/../../../../arm-none-eabi/lib/thumb/v6-m/nofp/libc_nano.a(lib_a-reent.o)
_sbrk                                             /Applications/ARM/bin/../lib/gcc/arm-none-eabi/10.2.1/../../../../arm-none-eabi/lib/thumb/v6-m/nofp/libnosys.a(sbrk.o)
                                                  /Applications/ARM/bin/../lib/gcc/arm-none-eabi/10.2.1/../../../../arm-none-eabi/lib/thumb/v6-m/nofp/libc_nano.a(lib_a-sbrkr.o)
_sbrk_r                                           /Applications/ARM/bin/../lib/gcc/arm-none-eabi/10.2.1/../../../../arm-none-eabi/lib/thumb/v6-m/nofp/libc_nano.a(lib_a-sbrkr.o)
                                                  /Applications/ARM/bin/../lib/gcc/arm-none-eabi/10.2.1/../../../../arm-none-eabi/lib/thumb/v6-m/nofp/libc_nano.a(lib_a-nano-mallocr.o)
_sbss                                             _build/startup_stm32l053xx.o
_sdata                                            _build/startup_stm32l053xx.o
_sidata                                           _build/startup_stm32l053xx.o
_siprintf_r                                       /Applications/ARM/bin/../lib/gcc/arm-none-eabi/10.2.1/../../../../arm-none-eabi/lib/thumb/v6-m/nofp/libc_nano.a(lib_a-sprintf.o)
_sprintf_r                                        /Applications/ARM/bin/../lib/gcc/arm-none-eabi/10.2.1/../../../../arm-none-eabi/lib/thumb/v6-m/nofp/libc_nano.a(lib_a-sprintf.o)
_stack_init                                       /Applications/ARM/bin/../lib/gcc/arm-none-eabi/10.2.1/../../../../arm-none-eabi/lib/thumb/v6-m/nofp/crt0.o
_start                                            /Applications/ARM/bin/../lib/gcc/arm-none-eabi/10.2.1/../../../../arm-none-eabi/lib/thumb/v6-m/nofp/crt0.o
_svfiprintf_r                                     /Applications/ARM/bin/../lib/gcc/arm-none-eabi/10.2.1/../../../../arm-none-eabi/lib/thumb/v6-m/nofp/libc_nano.a(lib_a-nano-svfprintf.o)
_svfprintf_r                                      /Applications/ARM/bin/../lib/gcc/arm-none-eabi/10.2.1/../../../../arm-none-eabi/lib/thumb/v6-m/nofp/libc_nano.a(lib_a-nano-svfprintf.o)
                                                  /Applications/ARM/bin/../lib/gcc/arm-none-eabi/10.2.1/../../../../arm-none-eabi/lib/thumb/v6-m/nofp/libc_nano.a(lib_a-sprintf.o)
atexit                                            /Applications/ARM/bin/../lib/gcc/arm-none-eabi/10.2.1/../../../../arm-none-eabi/lib/thumb/v6-m/nofp/crt0.o
cleanup_glue                                      /Applications/ARM/bin/../lib/gcc/arm-none-eabi/10.2.1/../../../../arm-none-eabi/lib/thumb/v6-m/nofp/libc_nano.a(lib_a-reent.o)
delay_ms                                          _build/main.o
delay_us                                          _build/main.o
end                                               /Applications/ARM/bin/../lib/gcc/arm-none-eabi/10.2.1/../../../../arm-none-eabi/lib/thumb/v6-m/nofp/libnosys.a(sbrk.o)
errno                                             /Applications/ARM/bin/../lib/gcc/arm-none-eabi/10.2.1/../../../../arm-none-eabi/lib/thumb/v6-m/nofp/libc_nano.a(lib_a-reent.o)
                                                  /Applications/ARM/bin/../lib/gcc/arm-none-eabi/10.2.1/../../../../arm-none-eabi/lib/thumb/v6-m/nofp/libc_nano.a(lib_a-sbrkr.o)
error_handler                                     _build/main.o
                                                  _build/i2c.o
exit                                              /Applications/ARM/bin/../lib/gcc/arm-none-eabi/10.2.1/../../../../arm-none-eabi/lib/thumb/v6-m/nofp/libc_nano.a(lib_a-exit.o)
                                                  /Applications/ARM/bin/../lib/gcc/arm-none-eabi/10.2.1/../../../../arm-none-eabi/lib/thumb/v6-m/nofp/crt0.o
fifo_bytes_unused_cnt_get                         _build/fifo.o
fifo_bytes_used_cnt_get                           _build/fifo.o
fifo_drop                                         _build/fifo.o
fifo_init                                         _build/fifo.o
                                                  _build/log_uart.o
fifo_peek                                         _build/fifo.o
fifo_pop                                          _build/fifo.o
                                                  _build/log_uart.o
fifo_push                                         _build/fifo.o
                                                  _build/log_uart.o
g_pfnVectors                                      _build/startup_stm32l053xx.o
gpio_init                                         _build/gpio.o
                                                  _build/main.o
gpio_led_set                                      _build/gpio.o
                                                  _build/main.o
hardware_init_hook                                /Applications/ARM/bin/../lib/gcc/arm-none-eabi/10.2.1/../../../../arm-none-eabi/lib/thumb/v6-m/nofp/crt0.o
i2c_init                                          _build/i2c.o
i2c_read                                          _build/i2c.o
i2c_write                                         _build/i2c.o
log_uart_init                                     _build/log_uart.o
                                                  _build/main.o
log_uart_is_writing                               _build/log_uart.o
                                                  _build/logger.o
log_uart_read                                     _build/log_uart.o
log_uart_write                                    _build/log_uart.o
                                                  _build/logger.o
logger_write                                      _build/logger.o
                                                  _build/i2c.o
                                                  _build/main.o
main                                              _build/main.o
                                                  _build/startup_stm32l053xx.o
                                                  /Applications/ARM/bin/../lib/gcc/arm-none-eabi/10.2.1/../../../../arm-none-eabi/lib/thumb/v6-m/nofp/crt0.o
memchr                                            /Applications/ARM/bin/../lib/gcc/arm-none-eabi/10.2.1/../../../../arm-none-eabi/lib/thumb/v6-m/nofp/libc_nano.a(lib_a-memchr-stub.o)
                                                  /Applications/ARM/bin/../lib/gcc/arm-none-eabi/10.2.1/../../../../arm-none-eabi/lib/thumb/v6-m/nofp/libc_nano.a(lib_a-nano-vfprintf_i.o)
                                                  /Applications/ARM/bin/../lib/gcc/arm-none-eabi/10.2.1/../../../../arm-none-eabi/lib/thumb/v6-m/nofp/libc_nano.a(lib_a-nano-svfprintf.o)
memcpy                                            /Applications/ARM/bin/../lib/gcc/arm-none-eabi/10.2.1/../../../../arm-none-eabi/lib/thumb/v6-m/nofp/libc_nano.a(lib_a-memcpy-stub.o)
                                                  /Applications/ARM/bin/../lib/gcc/arm-none-eabi/10.2.1/../../../../arm-none-eabi/lib/thumb/v6-m/nofp/libc_nano.a(lib_a-nano-reallocr.o)
                                                  /Applications/ARM/bin/../lib/gcc/arm-none-eabi/10.2.1/../../../../arm-none-eabi/lib/thumb/v6-m/nofp/libc_nano.a(lib_a-nano-svfprintf.o)
memmove                                           /Applications/ARM/bin/../lib/gcc/arm-none-eabi/10.2.1/../../../../arm-none-eabi/lib/thumb/v6-m/nofp/libc_nano.a(lib_a-memmove.o)
                                                  /Applications/ARM/bin/../lib/gcc/arm-none-eabi/10.2.1/../../../../arm-none-eabi/lib/thumb/v6-m/nofp/libc_nano.a(lib_a-nano-svfprintf.o)
memset                                            /Applications/ARM/bin/../lib/gcc/arm-none-eabi/10.2.1/../../../../arm-none-eabi/lib/thumb/v6-m/nofp/libc_nano.a(lib_a-memset.o)
                                                  _build/system_time.o
                                                  _build/log_uart.o
                                                  _build/gpio.o
                                                  /Applications/ARM/bin/../lib/gcc/arm-none-eabi/10.2.1/../../../../arm-none-eabi/lib/thumb/v6-m/nofp/crt0.o
siprintf                                          /Applications/ARM/bin/../lib/gcc/arm-none-eabi/10.2.1/../../../../arm-none-eabi/lib/thumb/v6-m/nofp/libc_nano.a(lib_a-sprintf.o)
software_init_hook                                /Applications/ARM/bin/../lib/gcc/arm-none-eabi/10.2.1/../../../../arm-none-eabi/lib/thumb/v6-m/nofp/crt0.o
sprintf                                           /Applications/ARM/bin/../lib/gcc/arm-none-eabi/10.2.1/../../../../arm-none-eabi/lib/thumb/v6-m/nofp/libc_nano.a(lib_a-sprintf.o)
                                                  _build/i2c.o
                                                  _build/main.o
strlen                                            /Applications/ARM/bin/../lib/gcc/arm-none-eabi/10.2.1/../../../../arm-none-eabi/lib/thumb/v6-m/nofp/libc_nano.a(lib_a-strlen.o)
                                                  _build/logger.o
sysclk_init                                       _build/main.o
system_time_cmp_ms                                _build/system_time.o
                                                  _build/main.o
system_time_cmp_ticks                             _build/system_time.o
system_time_cmp_us                                _build/system_time.o
                                                  _build/main.o
system_time_get                                   _build/system_time.o
                                                  _build/main.o
system_time_init                                  _build/system_time.o
                                                  _build/main.o
